 zlibwapi

 Timestamp is 65dda64a (Tue Feb 27 17:07:22 2024)

 Preferred load address is 10000000

 Start         Length     Name                   Class
 0001:00000000 000231d8H .text$mn                CODE
 0002:00000000 00000104H .CRT$XCA                DATA
 0002:00000104 00000104H .CRT$XCZ                DATA
 0002:00000208 00000104H .CRT$XIA                DATA
 0002:0000030c 00000104H .CRT$XIZ                DATA
 0002:00000410 00000104H .CRT$XPA                DATA
 0002:00000514 00000104H .CRT$XPZ                DATA
 0002:00000618 00000104H .CRT$XTA                DATA
 0002:0000071c 00000104H .CRT$XTZ                DATA
 0002:00000820 000057a0H .rdata                  DATA
 0002:00005fc0 00000180H .rdata$CastGuardVftablesA DATA
 0002:00006140 0000014cH .rdata$CastGuardVftablesC DATA
 0002:0000628c 00000104H .rdata$sxdata           DATA
 0002:00006390 0000019cH .rdata$zzzdbg           DATA
 0002:0000652c 00000104H .rtc$IAA                DATA
 0002:00006630 00000104H .rtc$IZZ                DATA
 0002:00006734 00000104H .rtc$TAA                DATA
 0002:00006838 00000108H .rtc$TZZ                DATA
 0002:00006940 000001a0H .xdata$x                DATA
 0002:00006ae0 000010f7H .edata                  DATA
 0003:00000000 00000908H .data                   DATA
 0003:00000908 00000460H .bss                    DATA
 0004:00000000 000001c0H .idata$5                DATA
 0004:000001c0 0000003cH .idata$2                DATA
 0004:000001fc 00000014H .idata$3                DATA
 0004:00000210 000001c0H .idata$4                DATA
 0004:000003d0 000005e1H .idata$6                DATA
 0005:00000000 0000010eH .00cfg                  DATA
 0006:00000000 00000170H .rsrc$01                DATA
 0006:00000170 000004dcH .rsrc$02                DATA

  Address         Publics by Value              Rva+Base       Lib:Object

 0000:00000000       ___AbsoluteZero            00000000     <absolute>
 0000:00000000       ___arm64x_extra_rfe_table  00000000     <absolute>
 0000:00000000       ___arm64x_extra_rfe_table_size 00000000     <absolute>
 0000:00000000       ___arm64x_native_entrypoint 00000000     <absolute>
 0000:00000000       ___arm64x_redirection_metadata 00000000     <absolute>
 0000:00000000       ___arm64x_redirection_metadata_count 00000000     <absolute>
 0000:00000000       ___dynamic_value_reloc_table 00000000     <absolute>
 0000:00000000       ___enclave_config          00000000     <absolute>
 0000:00000000       ___guard_check_icall_a64n_fptr 00000000     <absolute>
 0000:00000000       ___guard_eh_cont_count     00000000     <absolute>
 0000:00000000       ___guard_eh_cont_table     00000000     <absolute>
 0000:00000000       ___guard_fids_count        00000000     <absolute>
 0000:00000000       ___guard_fids_table        00000000     <absolute>
 0000:00000000       ___guard_iat_count         00000000     <absolute>
 0000:00000000       ___guard_iat_table         00000000     <absolute>
 0000:00000000       ___guard_longjmp_count     00000000     <absolute>
 0000:00000000       ___guard_longjmp_table     00000000     <absolute>
 0000:00000000       ___hybrid_auxiliary_delayload_iat 00000000     <absolute>
 0000:00000000       ___hybrid_auxiliary_delayload_iat_copy 00000000     <absolute>
 0000:00000000       ___hybrid_auxiliary_iat    00000000     <absolute>
 0000:00000000       ___hybrid_auxiliary_iat_copy 00000000     <absolute>
 0000:00000000       ___hybrid_code_map         00000000     <absolute>
 0000:00000000       ___hybrid_code_map_count   00000000     <absolute>
 0000:00000000       ___volatile_metadata       00000000     <absolute>
 0000:00000000       ___x64_code_ranges_to_entry_points 00000000     <absolute>
 0000:00000000       ___x64_code_ranges_to_entry_points_count 00000000     <absolute>
 0000:00000001       ___safe_se_handler_count   00000001     <absolute>
 0000:00000100       ___guard_flags             00000100     <absolute>
 0000:00000000       ___ImageBase               10000000     <linker-defined>
 0001:00000a90       _adler32@12                10001a90 f   adler32.obj
 0001:00000ab0       _adler32_z@12              10001ab0 f   adler32.obj
 0001:00001050       _adler32_combine@12        10002050 f   adler32.obj
 0001:00001170       _adler32_combine64@16      10002170 f   adler32.obj
 0001:00001350       _compress@16               10002350 f   compress.obj
 0001:00001370       _compress2@20              10002370 f   compress.obj
 0001:000014a0       _compressBound@4           100024a0 f   compress.obj
 0001:00001520       _crc32@12                  10002520 f   crc32.obj
 0001:00001540       _crc32_z@12                10002540 f   crc32.obj
 0001:00001ce0       _crc32_combine_op@12       10002ce0 f   crc32.obj
 0001:00001d00       _crc32_combine@12          10002d00 f   crc32.obj
 0001:00001d20       _crc32_combine_gen@4       10002d20 f   crc32.obj
 0001:00001d40       _get_crc_table@0           10002d40 f   crc32.obj
 0001:00001f10       _crc32_combine64@16        10002f10 f   crc32.obj
 0001:00001f40       _crc32_combine_gen64@8     10002f40 f   crc32.obj
 0001:000021f0       _deflate@8                 100031f0 f   deflate.obj
 0001:00003230       _deflateEnd@4              10004230 f   deflate.obj
 0001:00003340       _deflateSetDictionary@12   10004340 f   deflate.obj
 0001:000035b0       _deflateGetDictionary@12   100045b0 f   deflate.obj
 0001:00003650       _deflateCopy@8             10004650 f   deflate.obj
 0001:00003890       _deflateReset@4            10004890 f   deflate.obj
 0001:000038c0       _deflateParams@12          100048c0 f   deflate.obj
 0001:00003a90       _deflateTune@20            10004a90 f   deflate.obj
 0001:00003af0       _deflateBound@8            10004af0 f   deflate.obj
 0001:00003cd0       _deflatePending@12         10004cd0 f   deflate.obj
 0001:00003d20       _deflatePrime@12           10004d20 f   deflate.obj
 0001:00003e10       _deflateSetHeader@8        10004e10 f   deflate.obj
 0001:00003e50       _deflateInit_@16           10004e50 f   deflate.obj
 0001:00003e80       _deflateInit2_@32          10004e80 f   deflate.obj
 0001:000041f0       _deflateResetKeep@4        100051f0 f   deflate.obj
 0001:00007ee0       _gzclose@4                 10008ee0 f   gzclose.obj
 0001:00007f40       _gzdopen@8                 10008f40 f   gzlib.obj
 0001:00007fb0       _gzbuffer@8                10008fb0 f   gzlib.obj
 0001:00008020       _gzrewind@4                10009020 f   gzlib.obj
 0001:000080b0       _gzeof@4                   100090b0 f   gzlib.obj
 0001:00008110       _gzerror@8                 10009110 f   gzlib.obj
 0001:00008190       _gzclearerr@4              10009190 f   gzlib.obj
 0001:00008200       _gzopen@8                  10009200 f   gzlib.obj
 0001:00008220       _gzseek@12                 10009220 f   gzlib.obj
 0001:00008280       _gztell@4                  10009280 f   gzlib.obj
 0001:000082d0       _gzoffset@4                100092d0 f   gzlib.obj
 0001:00008320       _gzopen_w@8                10009320 f   gzlib.obj
 0001:00008340       _gzopen64@8                10009340 f   gzlib.obj
 0001:00008360       _gzseek64@16               10009360 f   gzlib.obj
 0001:00008640       _gztell64@4                10009640 f   gzlib.obj
 0001:000086c0       _gzoffset64@4              100096c0 f   gzlib.obj
 0001:00008760       _gz_error                  10009760 f   gzlib.obj
 0001:000090d0       ___local_stdio_printf_options 1000a0d0 f i gzlib.obj
 0001:000090e0       _snprintf                  1000a0e0 f i gzlib.obj
 0001:00009130       _vsnprintf                 1000a130 f i gzlib.obj
 0001:000091a0       _gzread@12                 1000a1a0 f   gzread.obj
 0001:00009240       _gzfread@16                1000a240 f   gzread.obj
 0001:000092f0       _gzgets@12                 1000a2f0 f   gzread.obj
 0001:000094a0       _gzgetc@4                  1000a4a0 f   gzread.obj
 0001:00009570       _gzungetc@8                1000a570 f   gzread.obj
 0001:00009740       _gzdirect@4                1000a740 f   gzread.obj
 0001:00009790       _gzclose_r@4               1000a790 f   gzread.obj
 0001:00009880       _gzgetc_@4                 1000a880 f   gzread.obj
 0001:0000a520       _gzsetparams@12            1000b520 f   gzwrite.obj
 0001:0000a610       _gzwrite@12                1000b610 f   gzwrite.obj
 0001:0000a680       _gzfwrite@16               1000b680 f   gzwrite.obj
 0001:0000a720       _gzprintf                  1000b720 f   gzwrite.obj
 0001:0000a760       _gzputs@8                  1000b760 f   gzwrite.obj
 0001:0000a800       _gzputc@8                  1000b800 f   gzwrite.obj
 0001:0000a930       _gzflush@8                 1000b930 f   gzwrite.obj
 0001:0000a9d0       _gzclose_w@4               1000b9d0 f   gzwrite.obj
 0001:0000aaf0       _gzvprintf                 1000baf0 f   gzwrite.obj
 0001:0000b710       _inflateBack@20            1000c710 f   infback.obj
 0001:0000cae0       _inflateBackEnd@4          1000dae0 f   infback.obj
 0001:0000cb30       _inflateBackInit_@20       1000db30 f   infback.obj
 0001:0000d1e0       _inflate_fast              1000e1e0 f   inffast.obj
 0001:0000db30       _inflate@8                 1000eb30 f   inflate.obj
 0001:0000fd10       _inflateEnd@4              10010d10 f   inflate.obj
 0001:0000fd90       _inflateSetDictionary@12   10010d90 f   inflate.obj
 0001:0000fe60       _inflateGetDictionary@12   10010e60 f   inflate.obj
 0001:0000ff00       _inflateSync@4             10010f00 f   inflate.obj
 0001:000100d0       _inflateCopy@8             100110d0 f   inflate.obj
 0001:00010290       _inflateReset@4            10011290 f   inflate.obj
 0001:000102f0       _inflateReset2@8           100112f0 f   inflate.obj
 0001:000103d0       _inflatePrime@12           100113d0 f   inflate.obj
 0001:00010470       _inflateMark@4             10011470 f   inflate.obj
 0001:000104f0       _inflateGetHeader@8        100114f0 f   inflate.obj
 0001:00010550       _inflateInit_@12           10011550 f   inflate.obj
 0001:00010570       _inflateInit2_@16          10011570 f   inflate.obj
 0001:00010690       _inflateSyncPoint@4        10011690 f   inflate.obj
 0001:000106f0       _inflateUndermine@8        100116f0 f   inflate.obj
 0001:00010730       _inflateValidate@8         10011730 f   inflate.obj
 0001:00010790       _inflateCodesUsed@4        10011790 f   inflate.obj
 0001:000107d0       _inflateResetKeep@4        100117d0 f   inflate.obj
 0001:000117c0       _inflate_table             100127c0 f   inftrees.obj
 0001:00011ed0       _fill_fopen64_filefunc     10012ed0 f   ioapi.obj
 0001:00011f30       _fill_fopen_filefunc       10012f30 f   ioapi.obj
 0001:00011f90       _call_zopen64              10012f90 f   ioapi.obj
 0001:00011fe0       _call_zseek64              10012fe0 f   ioapi.obj
 0001:00012060       _call_ztell64              10013060 f   ioapi.obj
 0001:000120c0       _fill_zlib_filefunc64_32_def_from_filefunc32 100130c0 f   ioapi.obj
 0001:00012570       _fill_win32_filefunc       10013570 f   iowin32.obj
 0001:000125d0       _fill_win32_filefunc64     100135d0 f   iowin32.obj
 0001:00012630       _fill_win32_filefunc64A    10013630 f   iowin32.obj
 0001:00012690       _fill_win32_filefunc64W    10013690 f   iowin32.obj
 0001:000126f0       _win32_open_file_func      100136f0 f   iowin32.obj
 0001:00012760       _win32_read_file_func      10013760 f   iowin32.obj
 0001:000127d0       _win32_write_file_func     100137d0 f   iowin32.obj
 0001:00012840       _win32_tell64_file_func    10013840 f   iowin32.obj
 0001:000128d0       _win32_seek64_file_func    100138d0 f   iowin32.obj
 0001:00012990       _win32_close_file_func     10013990 f   iowin32.obj
 0001:000129e0       _win32_error_file_func     100139e0 f   iowin32.obj
 0001:00012b00       _win32_open64_file_func    10013b00 f   iowin32.obj
 0001:00012b70       _win32_open64_file_funcA   10013b70 f   iowin32.obj
 0001:00012be0       _win32_open64_file_funcW   10013be0 f   iowin32.obj
 0001:00012cc0       _win32_tell_file_func      10013cc0 f   iowin32.obj
 0001:00012d40       _win32_seek_file_func      10013d40 f   iowin32.obj
 0001:00013020       __tr_init                  10014020 f   trees.obj
 0001:000130b0       __tr_tally                 100140b0 f   trees.obj
 0001:00013230       __tr_flush_block           10014230 f   trees.obj
 0001:00013600       __tr_flush_bits            10014600 f   trees.obj
 0001:00013620       __tr_align                 10014620 f   trees.obj
 0001:00013890       __tr_stored_block          10014890 f   trees.obj
 0001:00016e80       _uncompress@16             10017e80 f   uncompr.obj
 0001:00016ea0       _uncompress2@16            10017ea0 f   uncompr.obj
 0001:00017090       _unzStringFileNameCompare@12 10018090 f   unzip.obj
 0001:000170d0       _unzOpen@4                 100180d0 f   unzip.obj
 0001:000170f0       _unzOpen64@4               100180f0 f   unzip.obj
 0001:00017110       _unzOpen2@8                10018110 f   unzip.obj
 0001:00017160       _unzOpen2_64@8             10018160 f   unzip.obj
 0001:000171c0       _unzClose@4                100181c0 f   unzip.obj
 0001:00017220       _unzGetGlobalInfo@8        10018220 f   unzip.obj
 0001:00017260       _unzGetGlobalInfo64@8      10018260 f   unzip.obj
 0001:000172a0       _unzGetGlobalComment@12    100182a0 f   unzip.obj
 0001:00017370       _unzGoToFirstFile@4        10018370 f   unzip.obj
 0001:00017410       _unzGoToNextFile@4         10018410 f   unzip.obj
 0001:00017550       _unzLocateFile@12          10018550 f   unzip.obj
 0001:000176b0       _unzGetFilePos@8           100186b0 f   unzip.obj
 0001:000176f0       _unzGoToFilePos@8          100186f0 f   unzip.obj
 0001:00017740       _unzGetFilePos64@8         10018740 f   unzip.obj
 0001:000177b0       _unzGoToFilePos64@8        100187b0 f   unzip.obj
 0001:00017850       _unzGetCurrentFileInfo64@32 10018850 f   unzip.obj
 0001:00017890       _unzGetCurrentFileInfo@32  10018890 f   unzip.obj
 0001:00017990       _unzGetCurrentFileZStreamPos64@4 10018990 f   unzip.obj
 0001:000179f0       _unzOpenCurrentFile@4      100189f0 f   unzip.obj
 0001:00017a10       _unzOpenCurrentFilePassword@8 10018a10 f   unzip.obj
 0001:00017a30       _unzOpenCurrentFile2@16    10018a30 f   unzip.obj
 0001:00017a50       _unzOpenCurrentFile3@20    10018a50 f   unzip.obj
 0001:00017dc0       _unzCloseCurrentFile@4     10018dc0 f   unzip.obj
 0001:00017ea0       _unzReadCurrentFile@12     10018ea0 f   unzip.obj
 0001:000183a0       _unztell@4                 100193a0 f   unzip.obj
 0001:000183e0       _unztell64@4               100193e0 f   unzip.obj
 0001:00018430       _unzeof@4                  10019430 f   unzip.obj
 0001:00018490       _unzGetLocalExtrafield@12  10019490 f   unzip.obj
 0001:000185a0       _unzGetOffset64@4          100195a0 f   unzip.obj
 0001:00018650       _unzGetOffset@4            10019650 f   unzip.obj
 0001:00018680       _unzSetOffset64@12         10019680 f   unzip.obj
 0001:00018720       _unzSetOffset@8            10019720 f   unzip.obj
 0001:0001ae10       _zipOpen@8                 1001be10 f   zip.obj
 0001:0001ae30       _zipOpen64@8               1001be30 f   zip.obj
 0001:0001ae50       _zipOpen2@16               1001be50 f   zip.obj
 0001:0001aea0       _zipOpen2_64@16            1001bea0 f   zip.obj
 0001:0001af00       _zipOpen3@16               1001bf00 f   zip.obj
 0001:0001b0c0       _zipOpenNewFileInZip@40    1001c0c0 f   zip.obj
 0001:0001b110       _zipOpenNewFileInZip64@44  1001c110 f   zip.obj
 0001:0001b160       _zipOpenNewFileInZip2@44   1001c160 f   zip.obj
 0001:0001b1b0       _zipOpenNewFileInZip2_64@48 1001c1b0 f   zip.obj
 0001:0001b200       _zipOpenNewFileInZip3@64   1001c200 f   zip.obj
 0001:0001b260       _zipOpenNewFileInZip3_64@68 1001c260 f   zip.obj
 0001:0001b2c0       _zipOpenNewFileInZip4@72   1001c2c0 f   zip.obj
 0001:0001b320       _zipOpenNewFileInZip4_64@76 1001c320 f   zip.obj
 0001:0001ba60       _zipWriteInFileInZip@12    1001ca60 f   zip.obj
 0001:0001bc40       _zipCloseFileInZip@4       1001cc40 f   zip.obj
 0001:0001bc60       _zipCloseFileInZipRaw@12   1001cc60 f   zip.obj
 0001:0001bc80       _zipCloseFileInZipRaw64@16 1001cc80 f   zip.obj
 0001:0001c380       _zipClose@8                1001d380 f   zip.obj
 0001:0001c5a0       _zipRemoveExtraInfoBlock@12 1001d5a0 f   zip.obj
 0001:0001f4b0       _zlibVersion@0             100204b0 f   zutil.obj
 0001:0001f4c0       _zlibCompileFlags@0        100204c0 f   zutil.obj
 0001:0001f5e0       _zError@4                  100205e0 f   zutil.obj
 0001:0001f600       _zcalloc                   10020600 f   zutil.obj
 0001:0001f620       _zcfree                    10020620 f   zutil.obj
 0001:0001f692       _CreateFileA@28            10020692 f   kernel32:KERNEL32.dll
 0001:0001f698       _CreateFileW@28            10020698 f   kernel32:KERNEL32.dll
 0001:0001f69e       _ReadFile@20               1002069e f   kernel32:KERNEL32.dll
 0001:0001f6a4       _SetFilePointer@16         100206a4 f   kernel32:KERNEL32.dll
 0001:0001f6aa       _WriteFile@20              100206aa f   kernel32:KERNEL32.dll
 0001:0001f6b0       _CloseHandle@4             100206b0 f   kernel32:KERNEL32.dll
 0001:0001f6b6       _GetLastError@0            100206b6 f   kernel32:KERNEL32.dll
 0001:0001f6c0       __allrem                   100206c0 f   MSVCRTD:llrem.obj
 0001:0001f7a0       __allshr                   100207a0 f   MSVCRTD:llshr.obj
 0001:0001f7d0       __allmul                   100207d0 f   MSVCRTD:llmul.obj
 0001:0001f820       __allshl                   10020820 f   MSVCRTD:llshl.obj
 0001:0001f850       __aulldiv                  10020850 f   MSVCRTD:ulldiv.obj
 0001:0001f8e0       __aullshr                  100208e0 f   MSVCRTD:ullshr.obj
 0001:0001f910       __alloca_probe             10020910 f   MSVCRTD:chkstk.obj
 0001:0001f910       __chkstk                   10020910 f   MSVCRTD:chkstk.obj
 0001:0001ff50       __CRT_INIT@12              10020f50 f   MSVCRTD:dll_dllmain.obj
 0001:0001ff70       __DllMainCRTStartup@12     10020f70 f   MSVCRTD:dll_dllmain.obj
 0001:00020030       ___security_init_cookie    10021030 f   MSVCRTD:gs_support.obj
 0001:000200d0       _DllMain@12                100210d0 f   MSVCRTD:dll_dllmain_stub.obj
 0001:00020100       ?__scrt_initialize_type_info@@YAXXZ 10021100 f   MSVCRTD:tncleanup.obj
 0001:00020120       ?__scrt_uninitialize_type_info@@YAXXZ 10021120 f   MSVCRTD:tncleanup.obj
 0001:00020140       ___local_stdio_scanf_options 10021140 f i MSVCRTD:default_local_stdio_options.obj
 0001:00020150       ___scrt_initialize_default_local_stdio_options 10021150 f   MSVCRTD:default_local_stdio_options.obj
 0001:000201a0       ?configure_argv@__scrt_narrow_argv_policy@@SAHXZ 100211a0 f i MSVCRTD:utility.obj
 0001:00020270       ?initialize_environment@__scrt_narrow_environment_policy@@SAHXZ 10021270 f i MSVCRTD:utility.obj
 0001:00020310       _NtCurrentTeb              10021310 f i MSVCRTD:utility.obj
 0001:00020320       ___scrt_acquire_startup_lock 10021320 f   MSVCRTD:utility.obj
 0001:00020380       ___scrt_dllmain_after_initialize_c 10021380 f   MSVCRTD:utility.obj
 0001:000203c0       ___scrt_dllmain_before_initialize_c 100213c0 f   MSVCRTD:utility.obj
 0001:000203f0       ___scrt_dllmain_crt_thread_attach 100213f0 f   MSVCRTD:utility.obj
 0001:00020430       ___scrt_dllmain_crt_thread_detach 10021430 f   MSVCRTD:utility.obj
 0001:00020450       ___scrt_dllmain_exception_filter 10021450 f   MSVCRTD:utility.obj
 0001:000204b0       ___scrt_dllmain_uninitialize_c 100214b0 f   MSVCRTD:utility.obj
 0001:000204f0       ___scrt_dllmain_uninitialize_critical 100214f0 f   MSVCRTD:utility.obj
 0001:00020510       ___scrt_initialize_crt     10021510 f   MSVCRTD:utility.obj
 0001:00020570       ___scrt_initialize_onexit_tables 10021570 f   MSVCRTD:utility.obj
 0001:00020680       ___scrt_is_nonwritable_in_current_image 10021680 f   MSVCRTD:utility.obj
 0001:00020800       ___scrt_release_startup_lock 10021800 f   MSVCRTD:utility.obj
 0001:00020830       ___scrt_uninitialize_crt   10021830 f   MSVCRTD:utility.obj
 0001:00020880       __onexit                   10021880 f   MSVCRTD:utility.obj
 0001:00020900       _at_quick_exit             10021900 f   MSVCRTD:utility.obj
 0001:00020950       _atexit                    10021950 f   MSVCRTD:utility.obj
 0001:00020990       ___scrt_get_dyn_tls_init_callback 10021990 f   MSVCRTD:dyn_tls_init.obj
 0001:000209a0       ___scrt_fastfail           100219a0 f   MSVCRTD:utility_desktop.obj
 0001:00020b30       ___scrt_get_show_window_mode 10021b30 f   MSVCRTD:utility_desktop.obj
 0001:00020b80       ___scrt_initialize_mta     10021b80 f   MSVCRTD:utility_desktop.obj
 0001:00020b90       ___scrt_initialize_winrt   10021b90 f   MSVCRTD:utility_desktop.obj
 0001:00020ba0       ___scrt_is_managed_app     10021ba0 f   MSVCRTD:utility_desktop.obj
 0001:00020c50       ___scrt_set_unhandled_exception_filter 10021c50 f   MSVCRTD:utility_desktop.obj
 0001:00020c70       ___scrt_exe_initialize_mta 10021c70 f   MSVCRTD:utility_desktop.obj
 0001:00020c70       ___scrt_stub_for_initialize_mta 10021c70 f   MSVCRTD:utility_desktop.obj
 0001:00020c80       ___scrt_unhandled_exception_filter@4 10021c80 f   MSVCRTD:utility_desktop.obj
 0001:00020d20       __crt_debugger_hook        10021d20 f   MSVCRTD:utility_desktop.obj
 0001:00020d40       __RTC_Initialize           10021d40 f   MSVCRTD:initsect.obj
 0001:00020d80       __RTC_Terminate            10021d80 f   MSVCRTD:initsect.obj
 0001:00020dc0       __except_handler4          10021dc0 f   MSVCRTD:chandler4gs.obj
 0001:00020e10       @_guard_check_icall_nop@4  10021e10 f i MSVCRTD:guard_support.obj
 0001:00020e20       _ReadNoFence               10021e20 f i MSVCRTD:guard_support.obj
 0001:00020e40       _ReadPointerNoFence        10021e40 f i MSVCRTD:guard_support.obj
 0001:00020e60       __InlineInterlockedExchangePointer 10021e60 f i MSVCRTD:guard_support.obj
 0001:00020e70       ___castguard_check_failure_debugbreak 10021e70 f i MSVCRTD:guard_support.obj
 0001:00020e90       ___castguard_check_failure_fastfail 10021e90 f i MSVCRTD:guard_support.obj
 0001:00020ec0       ___castguard_check_failure_nop 10021ec0 f i MSVCRTD:guard_support.obj
 0001:00020ed0       ___castguard_check_failure_os_handled 10021ed0 f i MSVCRTD:guard_support.obj
 0001:00020f30       ___castguard_check_failure_user_handled 10021f30 f i MSVCRTD:guard_support.obj
 0001:00020ff0       ___castguard_set_user_handler 10021ff0 f i MSVCRTD:guard_support.obj
 0001:00021020       ___castguard_slow_path_check_debugbreak 10022020 f i MSVCRTD:guard_support.obj
 0001:00021060       ___castguard_slow_path_check_fastfail 10022060 f i MSVCRTD:guard_support.obj
 0001:000210b0       ___castguard_slow_path_check_nop 100220b0 f i MSVCRTD:guard_support.obj
 0001:000210c0       ___castguard_slow_path_check_os_handled 100220c0 f i MSVCRTD:guard_support.obj
 0001:00021110       ___castguard_slow_path_check_user_handled 10022110 f i MSVCRTD:guard_support.obj
 0001:000211b0       __guard_icall_checks_enforced 100221b0 f i MSVCRTD:guard_support.obj
 0001:000211f0       ___isa_available_init      100221f0 f   MSVCRTD:cpu_disp.obj
 0001:000215f0       __get_startup_argv_mode    100225f0 f   MSVCRTD:argv_mode.obj
 0001:00021600       ___scrt_is_ucrt_dll_in_use 10022600 f   MSVCRTD:ucrt_detection.obj
 0001:00021630       @__security_check_cookie@4 10022630 f   MSVCRTD:secchk.obj
 0001:00021650       ___raise_securityfailure   10022650 f   MSVCRTD:gs_report.obj
 0001:00021690       ___report_gsfailure        10022690 f   MSVCRTD:gs_report.obj
 0001:000217e0       ___report_rangecheckfailure 100227e0 f   MSVCRTD:gs_report.obj
 0001:000217f0       ___report_securityfailure  100227f0 f   MSVCRTD:gs_report.obj
 0001:00021900       ___report_securityfailureEx 10022900 f   MSVCRTD:gs_report.obj
 0001:00021a6f       _memcpy                    10022a6f f   vcruntimed:VCRUNTIME140D.dll
 0001:00021a75       _memset                    10022a75 f   vcruntimed:VCRUNTIME140D.dll
 0001:00021a7b       _memchr                    10022a7b f   vcruntimed:VCRUNTIME140D.dll
 0001:00021a81       _memmove                   10022a81 f   vcruntimed:VCRUNTIME140D.dll
 0001:00021a87       ___std_type_info_destroy_list 10022a87 f   vcruntimed:VCRUNTIME140D.dll
 0001:00021a8d       ___current_exception       10022a8d f   vcruntimed:VCRUNTIME140D.dll
 0001:00021a93       ___current_exception_context 10022a93 f   vcruntimed:VCRUNTIME140D.dll
 0001:00021a99       __except_handler4_common   10022a99 f   vcruntimed:VCRUNTIME140D.dll
 0001:00021a9f       ___stdio_common_vsprintf   10022a9f f   ucrtd:ucrtbased.dll
 0001:00021aa5       _strlen                    10022aa5 f   ucrtd:ucrtbased.dll
 0001:00021aab       _free                      10022aab f   ucrtd:ucrtbased.dll
 0001:00021ab1       _malloc                    10022ab1 f   ucrtd:ucrtbased.dll
 0001:00021ab7       _wcstombs                  10022ab7 f   ucrtd:ucrtbased.dll
 0001:00021abd       __wopen                    10022abd f   ucrtd:ucrtbased.dll
 0001:00021ac3       __lseeki64                 10022ac3 f   ucrtd:ucrtbased.dll
 0001:00021ac9       __open                     10022ac9 f   ucrtd:ucrtbased.dll
 0001:00021acf       __errno                    10022acf f   ucrtd:ucrtbased.dll
 0001:00021ad5       _strerror                  10022ad5 f   ucrtd:ucrtbased.dll
 0001:00021adb       __close                    10022adb f   ucrtd:ucrtbased.dll
 0001:00021ae1       __read                     10022ae1 f   ucrtd:ucrtbased.dll
 0001:00021ae7       __write                    10022ae7 f   ucrtd:ucrtbased.dll
 0001:00021aed       _fclose                    10022aed f   ucrtd:ucrtbased.dll
 0001:00021af3       _ferror                    10022af3 f   ucrtd:ucrtbased.dll
 0001:00021af9       _fopen                     10022af9 f   ucrtd:ucrtbased.dll
 0001:00021aff       _fread                     10022aff f   ucrtd:ucrtbased.dll
 0001:00021b05       _fseek                     10022b05 f   ucrtd:ucrtbased.dll
 0001:00021b0b       __fseeki64                 10022b0b f   ucrtd:ucrtbased.dll
 0001:00021b11       _ftell                     10022b11 f   ucrtd:ucrtbased.dll
 0001:00021b17       __ftelli64                 10022b17 f   ucrtd:ucrtbased.dll
 0001:00021b1d       _fwrite                    10022b1d f   ucrtd:ucrtbased.dll
 0001:00021b23       _strcmp                    10022b23 f   ucrtd:ucrtbased.dll
 0001:00021b29       _srand                     10022b29 f   ucrtd:ucrtbased.dll
 0001:00021b2f       _rand                      10022b2f f   ucrtd:ucrtbased.dll
 0001:00021b35       __time64                   10022b35 f   ucrtd:ucrtbased.dll
 0001:00021b3b       __initterm                 10022b3b f   ucrtd:ucrtbased.dll
 0001:00021b41       __initterm_e               10022b41 f   ucrtd:ucrtbased.dll
 0001:00021b47       __seh_filter_dll           10022b47 f   ucrtd:ucrtbased.dll
 0001:00021b4d       __configure_narrow_argv    10022b4d f   ucrtd:ucrtbased.dll
 0001:00021b53       __initialize_narrow_environment 10022b53 f   ucrtd:ucrtbased.dll
 0001:00021b59       __initialize_onexit_table  10022b59 f   ucrtd:ucrtbased.dll
 0001:00021b5f       __register_onexit_function 10022b5f f   ucrtd:ucrtbased.dll
 0001:00021b65       __execute_onexit_table     10022b65 f   ucrtd:ucrtbased.dll
 0001:00021b6b       __crt_atexit               10022b6b f   ucrtd:ucrtbased.dll
 0001:00021b71       __crt_at_quick_exit        10022b71 f   ucrtd:ucrtbased.dll
 0001:00021b77       __cexit                    10022b77 f   ucrtd:ucrtbased.dll
 0001:00021b7d       _terminate                 10022b7d f   ucrtd:ucrtbased.dll
 0001:00021b83       _QueryPerformanceCounter@4 10022b83 f   kernel32:KERNEL32.dll
 0001:00021b89       _GetCurrentProcessId@0     10022b89 f   kernel32:KERNEL32.dll
 0001:00021b8f       _GetCurrentThreadId@0      10022b8f f   kernel32:KERNEL32.dll
 0001:00021b95       _GetSystemTimeAsFileTime@4 10022b95 f   kernel32:KERNEL32.dll
 0001:00021b9b       _DisableThreadLibraryCalls@4 10022b9b f   kernel32:KERNEL32.dll
 0001:00021ba1       _InitializeSListHead@4     10022ba1 f   kernel32:KERNEL32.dll
 0001:00021ba7       _IsDebuggerPresent@0       10022ba7 f   kernel32:KERNEL32.dll
 0001:00021bad       _UnhandledExceptionFilter@4 10022bad f   kernel32:KERNEL32.dll
 0001:00021bb3       _SetUnhandledExceptionFilter@4 10022bb3 f   kernel32:KERNEL32.dll
 0001:00021bb9       _GetStartupInfoW@4         10022bb9 f   kernel32:KERNEL32.dll
 0001:00021bbf       _IsProcessorFeaturePresent@4 10022bbf f   kernel32:KERNEL32.dll
 0001:00021bc5       _GetModuleHandleW@4        10022bc5 f   kernel32:KERNEL32.dll
 0001:00021bcb       _GetCurrentProcess@0       10022bcb f   kernel32:KERNEL32.dll
 0001:00021bd1       _TerminateProcess@8        10022bd1 f   kernel32:KERNEL32.dll
 0001:00021be0       ___acrt_initialize         10022be0 f   MSVCRTD:ucrt_stubs.obj
 0001:00021be0       ___scrt_stub_for_acrt_initialize 10022be0 f   MSVCRTD:ucrt_stubs.obj
 0001:00021be0       ___vcrt_initialize         10022be0 f   MSVCRTD:ucrt_stubs.obj
 0001:00021bf0       ___acrt_thread_attach      10022bf0 f   MSVCRTD:ucrt_stubs.obj
 0001:00021bf0       ___scrt_stub_for_acrt_thread_attach 10022bf0 f   MSVCRTD:ucrt_stubs.obj
 0001:00021bf0       ___vcrt_thread_attach      10022bf0 f   MSVCRTD:ucrt_stubs.obj
 0001:00021c00       ___acrt_thread_detach      10022c00 f   MSVCRTD:ucrt_stubs.obj
 0001:00021c00       ___scrt_stub_for_acrt_thread_detach 10022c00 f   MSVCRTD:ucrt_stubs.obj
 0001:00021c00       ___vcrt_thread_detach      10022c00 f   MSVCRTD:ucrt_stubs.obj
 0001:00021c10       ___acrt_uninitialize       10022c10 f   MSVCRTD:ucrt_stubs.obj
 0001:00021c10       ___scrt_stub_for_acrt_uninitialize 10022c10 f   MSVCRTD:ucrt_stubs.obj
 0001:00021c10       ___vcrt_uninitialize       10022c10 f   MSVCRTD:ucrt_stubs.obj
 0001:00021c20       ___acrt_uninitialize_critical 10022c20 f   MSVCRTD:ucrt_stubs.obj
 0001:00021c20       ___scrt_stub_for_acrt_uninitialize_critical 10022c20 f   MSVCRTD:ucrt_stubs.obj
 0001:00021c20       ___vcrt_uninitialize_critical 10022c20 f   MSVCRTD:ucrt_stubs.obj
 0001:00021c30       ___scrt_stub_for_is_c_termination_complete 10022c30 f   MSVCRTD:ucrt_stubs.obj
 0001:00021c30       __is_c_termination_complete 10022c30 f   MSVCRTD:ucrt_stubs.obj
 0001:00021c40       __filter_x86_sse2_floating_point_exception 10022c40 f   MSVCRTD:x86_exception_filter.obj
 0001:00021c40       __filter_x86_sse2_floating_point_exception_default 10022c40 f   MSVCRTD:x86_exception_filter.obj
 0002:00000000       ___xc_a                    10025000     MSVCRTD:initializers.obj
 0002:00000104       ___xc_z                    10025104     MSVCRTD:initializers.obj
 0002:00000208       ___xi_a                    10025208     MSVCRTD:initializers.obj
 0002:0000030c       ___xi_z                    1002530c     MSVCRTD:initializers.obj
 0002:00000410       ___xp_a                    10025410     MSVCRTD:initializers.obj
 0002:00000514       ___xp_z                    10025514     MSVCRTD:initializers.obj
 0002:00000618       ___xt_a                    10025618     MSVCRTD:initializers.obj
 0002:0000071c       ___xt_z                    1002571c     MSVCRTD:initializers.obj
 0002:000038c0       _deflate_copyright         100288c0     deflate.obj
 0002:00004e70       _inflate_copyright         10029e70     inftrees.obj
 0002:00004fe0       __length_code              10029fe0     trees.obj
 0002:000050e0       __dist_code                1002a0e0     trees.obj
 0002:00005c70       _unz_copyright             1002ac70     unzip.obj
 0002:00005cd8       _zip_copyright             1002acd8     zip.obj
 0002:00005d38       _z_errmsg                  1002ad38     zutil.obj
 0002:00005d68       __pDefaultRawDllMain       1002ad68     MSVCRTD:dll_dllmain.obj
 0002:00005d68       __pRawDllMain              1002ad68     MSVCRTD:dll_dllmain.obj
 0002:00005d78       __load_config_used         1002ad78     MSVCRTD:loadcfg.obj
 0002:00005fc0       ___CastGuardVftablesStart  1002afc0     MSVCRTD:guard_support.obj
 0002:00006140       ___CastGuardVftablesEnd    1002b140     MSVCRTD:guard_support.obj
 0002:0000628c       ___safe_se_handler_table   1002b28c     <linker-defined>
 0002:0000652c       ___rtc_iaa                 1002b52c     MSVCRTD:initsect.obj
 0002:00006630       ___rtc_izz                 1002b630     MSVCRTD:initsect.obj
 0002:00006734       ___rtc_taa                 1002b734     MSVCRTD:initsect.obj
 0002:00006838       ___rtc_tzz                 1002b838     MSVCRTD:initsect.obj
 0003:000007e0       ___scrt_native_dllmain_reason 1002d7e0     MSVCRTD:utility.obj
 0003:000007e4       ___security_cookie_complement 1002d7e4     MSVCRTD:gs_cookie.obj
 0003:000007e8       ___security_cookie         1002d7e8     MSVCRTD:gs_cookie.obj
 0003:000007f0       ___isa_enabled             1002d7f0     MSVCRTD:cpu_disp.obj
 0003:000007f4       ___scrt_ucrt_dll_is_in_use 1002d7f4     MSVCRTD:ucrt_stubs.obj
 0003:00000918       ?__type_info_root_node@@3U__type_info_node@@A 1002d918     MSVCRTD:tncleanup.obj
 0003:00000928       ?_OptionsStorage@?1??__local_stdio_printf_options@@9@4_KA 1002d928     MSVCRTD:default_local_stdio_options.obj
 0003:00000938       ?_OptionsStorage@?1??__local_stdio_scanf_options@@9@4_KA 1002d938     MSVCRTD:default_local_stdio_options.obj
 0003:00000944       ___scrt_current_native_startup_state 1002d944     MSVCRTD:utility.obj
 0003:00000948       ___scrt_native_startup_lock 1002d948     MSVCRTD:utility.obj
 0003:00000970       ___scrt_debugger_hook_flag 1002d970     MSVCRTD:utility_desktop.obj
 0003:00000974       ___castguard_check_failure_user_handled_fptr 1002d974     MSVCRTD:guard_support.obj
 0003:00000978       ___isa_available           1002d978     MSVCRTD:cpu_disp.obj
 0003:0000097c       ___favor                   1002d97c     MSVCRTD:cpu_disp.obj
 0003:00000d48       ?_OptionsStorage@?1??__local_stdio_printf_options@@9@9 1002dd48     <common>
 0003:00000d5c       ___dyn_tls_init_callback   1002dd5c     <common>
 0004:00000000       __imp__CreateFileA@28      1002e000     kernel32:KERNEL32.dll
 0004:00000004       __imp__CreateFileW@28      1002e004     kernel32:KERNEL32.dll
 0004:00000008       __imp__ReadFile@20         1002e008     kernel32:KERNEL32.dll
 0004:0000000c       __imp__SetFilePointer@16   1002e00c     kernel32:KERNEL32.dll
 0004:00000010       __imp__WriteFile@20        1002e010     kernel32:KERNEL32.dll
 0004:00000014       __imp__CloseHandle@4       1002e014     kernel32:KERNEL32.dll
 0004:00000018       __imp__GetLastError@0      1002e018     kernel32:KERNEL32.dll
 0004:0000001c       __imp__GetCurrentProcess@0 1002e01c     kernel32:KERNEL32.dll
 0004:00000020       __imp__GetModuleHandleW@4  1002e020     kernel32:KERNEL32.dll
 0004:00000024       __imp__IsProcessorFeaturePresent@4 1002e024     kernel32:KERNEL32.dll
 0004:00000028       __imp__GetStartupInfoW@4   1002e028     kernel32:KERNEL32.dll
 0004:0000002c       __imp__SetUnhandledExceptionFilter@4 1002e02c     kernel32:KERNEL32.dll
 0004:00000030       __imp__UnhandledExceptionFilter@4 1002e030     kernel32:KERNEL32.dll
 0004:00000034       __imp__IsDebuggerPresent@0 1002e034     kernel32:KERNEL32.dll
 0004:00000038       __imp__InitializeSListHead@4 1002e038     kernel32:KERNEL32.dll
 0004:0000003c       __imp__DisableThreadLibraryCalls@4 1002e03c     kernel32:KERNEL32.dll
 0004:00000040       __imp__GetSystemTimeAsFileTime@4 1002e040     kernel32:KERNEL32.dll
 0004:00000044       __imp__GetCurrentThreadId@0 1002e044     kernel32:KERNEL32.dll
 0004:00000048       __imp__GetCurrentProcessId@0 1002e048     kernel32:KERNEL32.dll
 0004:0000004c       __imp__QueryPerformanceCounter@4 1002e04c     kernel32:KERNEL32.dll
 0004:00000050       __imp__TerminateProcess@8  1002e050     kernel32:KERNEL32.dll
 0004:00000054       \177KERNEL32_NULL_THUNK_DATA 1002e054     kernel32:KERNEL32.dll
 0004:00000090       __imp__memmove             1002e090     vcruntimed:VCRUNTIME140D.dll
 0004:00000094       __imp____std_type_info_destroy_list 1002e094     vcruntimed:VCRUNTIME140D.dll
 0004:00000098       __imp____current_exception 1002e098     vcruntimed:VCRUNTIME140D.dll
 0004:0000009c       __imp____current_exception_context 1002e09c     vcruntimed:VCRUNTIME140D.dll
 0004:000000a0       __imp___except_handler4_common 1002e0a0     vcruntimed:VCRUNTIME140D.dll
 0004:000000a4       __imp__memchr              1002e0a4     vcruntimed:VCRUNTIME140D.dll
 0004:000000a8       __imp__memcpy              1002e0a8     vcruntimed:VCRUNTIME140D.dll
 0004:000000ac       __imp__memset              1002e0ac     vcruntimed:VCRUNTIME140D.dll
 0004:000000b0       \177VCRUNTIME140D_NULL_THUNK_DATA 1002e0b0     vcruntimed:VCRUNTIME140D.dll
 0004:000000e0       __imp__ferror              1002e0e0     ucrtd:ucrtbased.dll
 0004:000000e4       __imp__fopen               1002e0e4     ucrtd:ucrtbased.dll
 0004:000000e8       __imp__fread               1002e0e8     ucrtd:ucrtbased.dll
 0004:000000ec       __imp__fseek               1002e0ec     ucrtd:ucrtbased.dll
 0004:000000f0       __imp__malloc              1002e0f0     ucrtd:ucrtbased.dll
 0004:000000f4       __imp__ftell               1002e0f4     ucrtd:ucrtbased.dll
 0004:000000f8       __imp___ftelli64           1002e0f8     ucrtd:ucrtbased.dll
 0004:000000fc       __imp__fwrite              1002e0fc     ucrtd:ucrtbased.dll
 0004:00000100       __imp__strcmp              1002e100     ucrtd:ucrtbased.dll
 0004:00000104       __imp__srand               1002e104     ucrtd:ucrtbased.dll
 0004:00000108       __imp__rand                1002e108     ucrtd:ucrtbased.dll
 0004:0000010c       __imp___time64             1002e10c     ucrtd:ucrtbased.dll
 0004:00000110       __imp___initterm           1002e110     ucrtd:ucrtbased.dll
 0004:00000114       __imp___write              1002e114     ucrtd:ucrtbased.dll
 0004:00000118       __imp___seh_filter_dll     1002e118     ucrtd:ucrtbased.dll
 0004:0000011c       __imp___configure_narrow_argv 1002e11c     ucrtd:ucrtbased.dll
 0004:00000120       __imp___initialize_narrow_environment 1002e120     ucrtd:ucrtbased.dll
 0004:00000124       __imp___initialize_onexit_table 1002e124     ucrtd:ucrtbased.dll
 0004:00000128       __imp___register_onexit_function 1002e128     ucrtd:ucrtbased.dll
 0004:0000012c       __imp___execute_onexit_table 1002e12c     ucrtd:ucrtbased.dll
 0004:00000130       __imp___crt_atexit         1002e130     ucrtd:ucrtbased.dll
 0004:00000134       __imp___crt_at_quick_exit  1002e134     ucrtd:ucrtbased.dll
 0004:00000138       __imp___cexit              1002e138     ucrtd:ucrtbased.dll
 0004:0000013c       __imp__terminate           1002e13c     ucrtd:ucrtbased.dll
 0004:00000140       __imp___read               1002e140     ucrtd:ucrtbased.dll
 0004:00000144       __imp__free                1002e144     ucrtd:ucrtbased.dll
 0004:00000148       __imp__strlen              1002e148     ucrtd:ucrtbased.dll
 0004:0000014c       __imp____stdio_common_vsprintf 1002e14c     ucrtd:ucrtbased.dll
 0004:00000150       __imp__fclose              1002e150     ucrtd:ucrtbased.dll
 0004:00000154       __imp___close              1002e154     ucrtd:ucrtbased.dll
 0004:00000158       __imp__strerror            1002e158     ucrtd:ucrtbased.dll
 0004:0000015c       __imp___errno              1002e15c     ucrtd:ucrtbased.dll
 0004:00000160       __imp___open               1002e160     ucrtd:ucrtbased.dll
 0004:00000164       __imp___lseeki64           1002e164     ucrtd:ucrtbased.dll
 0004:00000168       __imp___wopen              1002e168     ucrtd:ucrtbased.dll
 0004:0000016c       __imp___initterm_e         1002e16c     ucrtd:ucrtbased.dll
 0004:00000170       __imp__wcstombs            1002e170     ucrtd:ucrtbased.dll
 0004:00000174       __imp___fseeki64           1002e174     ucrtd:ucrtbased.dll
 0004:00000178       \177ucrtbased_NULL_THUNK_DATA 1002e178     ucrtd:ucrtbased.dll
 0004:000001c0       __IMPORT_DESCRIPTOR_KERNEL32 1002e1c0     kernel32:KERNEL32.dll
 0004:000001d4       __IMPORT_DESCRIPTOR_VCRUNTIME140D 1002e1d4     vcruntimed:VCRUNTIME140D.dll
 0004:000001e8       __IMPORT_DESCRIPTOR_ucrtbased 1002e1e8     ucrtd:ucrtbased.dll
 0004:000001fc       __NULL_IMPORT_DESCRIPTOR   1002e1fc     kernel32:KERNEL32.dll
 0005:00000000       ___guard_check_icall_fptr  1002f000     MSVCRTD:guard_support.obj
 0005:00000004       ___guard_xfg_check_icall_fptr 1002f004     MSVCRTD:guard_support.obj
 0005:00000008       ___castguard_check_failure_os_handled_fptr 1002f008     MSVCRTD:guard_support.obj

 entry point at        0001:000004a1

 Static symbols

 0000:fffce000       .debug$S                   10000000     zlibwapi.exp
 0000:fffce000       .debug$S                   10000000     ucrtd:ucrtbased.dll
 0000:fffce000       .debug$S                   10000000     ucrtd:ucrtbased.dll
 0000:fffce000       .debug$S                   10000000     ucrtd:ucrtbased.dll
 0000:fffce000       .debug$S                   10000000     ucrtd:ucrtbased.dll
 0000:fffce000       .debug$S                   10000000     ucrtd:ucrtbased.dll
 0000:fffce000       .debug$S                   10000000     ucrtd:ucrtbased.dll
 0000:fffce000       .debug$S                   10000000     ucrtd:ucrtbased.dll
 0000:fffce000       .debug$S                   10000000     ucrtd:ucrtbased.dll
 0000:fffce000       .debug$S                   10000000     ucrtd:ucrtbased.dll
 0000:fffce000       .debug$S                   10000000     ucrtd:ucrtbased.dll
 0000:fffce000       .debug$S                   10000000     ucrtd:ucrtbased.dll
 0000:fffce000       .debug$S                   10000000     ucrtd:ucrtbased.dll
 0000:fffce000       .debug$S                   10000000     ucrtd:ucrtbased.dll
 0000:fffce000       .debug$S                   10000000     ucrtd:ucrtbased.dll
 0000:fffce000       .debug$S                   10000000     ucrtd:ucrtbased.dll
 0000:fffce000       .debug$S                   10000000     ucrtd:ucrtbased.dll
 0000:fffce000       .debug$S                   10000000     ucrtd:ucrtbased.dll
 0000:fffce000       .debug$S                   10000000     ucrtd:ucrtbased.dll
 0000:fffce000       .debug$S                   10000000     ucrtd:ucrtbased.dll
 0000:fffce000       .debug$S                   10000000     ucrtd:ucrtbased.dll
 0000:fffce000       .debug$S                   10000000     ucrtd:ucrtbased.dll
 0000:fffce000       .debug$S                   10000000     ucrtd:ucrtbased.dll
 0000:fffce000       .debug$S                   10000000     ucrtd:ucrtbased.dll
 0000:fffce000       .debug$S                   10000000     ucrtd:ucrtbased.dll
 0000:fffce000       .debug$S                   10000000     ucrtd:ucrtbased.dll
 0000:fffce000       .debug$S                   10000000     ucrtd:ucrtbased.dll
 0000:fffce000       .debug$S                   10000000     ucrtd:ucrtbased.dll
 0000:fffce000       .debug$S                   10000000     ucrtd:ucrtbased.dll
 0000:fffce000       .debug$S                   10000000     ucrtd:ucrtbased.dll
 0000:fffce000       .debug$S                   10000000     ucrtd:ucrtbased.dll
 0000:fffce000       .debug$S                   10000000     ucrtd:ucrtbased.dll
 0000:fffce000       .debug$S                   10000000     ucrtd:ucrtbased.dll
 0000:fffce000       .debug$S                   10000000     ucrtd:ucrtbased.dll
 0000:fffce000       .debug$S                   10000000     ucrtd:ucrtbased.dll
 0000:fffce000       .debug$S                   10000000     ucrtd:ucrtbased.dll
 0000:fffce000       .debug$S                   10000000     ucrtd:ucrtbased.dll
 0000:fffce000       .debug$S                   10000000     ucrtd:ucrtbased.dll
 0000:fffce000       .debug$S                   10000000     ucrtd:ucrtbased.dll
 0000:fffce000       .debug$S                   10000000     kernel32:KERNEL32.dll
 0000:fffce000       .debug$S                   10000000     kernel32:KERNEL32.dll
 0000:fffce000       .debug$S                   10000000     kernel32:KERNEL32.dll
 0000:fffce000       .debug$S                   10000000     kernel32:KERNEL32.dll
 0000:fffce000       .debug$S                   10000000     kernel32:KERNEL32.dll
 0000:fffce000       .debug$S                   10000000     kernel32:KERNEL32.dll
 0000:fffce000       .debug$S                   10000000     kernel32:KERNEL32.dll
 0000:fffce000       .debug$S                   10000000     kernel32:KERNEL32.dll
 0000:fffce000       .debug$S                   10000000     kernel32:KERNEL32.dll
 0000:fffce000       .debug$S                   10000000     kernel32:KERNEL32.dll
 0000:fffce000       .debug$S                   10000000     kernel32:KERNEL32.dll
 0000:fffce000       .debug$S                   10000000     kernel32:KERNEL32.dll
 0000:fffce000       .debug$S                   10000000     kernel32:KERNEL32.dll
 0000:fffce000       .debug$S                   10000000     kernel32:KERNEL32.dll
 0000:fffce000       .debug$S                   10000000     kernel32:KERNEL32.dll
 0000:fffce000       .debug$S                   10000000     kernel32:KERNEL32.dll
 0000:fffce000       .debug$S                   10000000     kernel32:KERNEL32.dll
 0000:fffce000       .debug$S                   10000000     kernel32:KERNEL32.dll
 0000:fffce000       .debug$S                   10000000     kernel32:KERNEL32.dll
 0000:fffce000       .debug$S                   10000000     kernel32:KERNEL32.dll
 0000:fffce000       .debug$S                   10000000     kernel32:KERNEL32.dll
 0000:fffd1000       __guard_fids___except_handler4 10000000     MSVCRTD:chandler4gs.obj
 0000:00000000       _volmd                     10000000     MSVCRTD:cpu_disp.obj
 0000:fffd1000       __guard_fids_?dllmain_dispatch@@YAHQAUHINSTANCE__@@KQAX@Z 10000000     MSVCRTD:dll_dllmain.obj
 0000:00000000       _volmd                     10000000     MSVCRTD:gs_report.obj
 0000:fffd1000       __guard_fids__             10000000     MSVCRTD:guard_support.obj
 0000:fffd1000       __guard_fids__             10000000     MSVCRTD:guard_support.obj
 0000:fffd1000       __guard_fids___guard_icall_checks_enforced 10000000     MSVCRTD:guard_support.obj
 0000:00000000       _volmd                     10000000     MSVCRTD:guard_support.obj
 0000:00000000       _volmd                     10000000     MSVCRTD:guard_support.obj
 0000:00000000       _volmd                     10000000     MSVCRTD:guard_support.obj
 0000:fffd1000       __guard_fids____scrt_set_unhandled_exception_filter 10000000     MSVCRTD:utility_desktop.obj
 0000:fffce000       .debug$S                   10000000     vcruntimed:VCRUNTIME140D.dll
 0000:fffce000       .debug$S                   10000000     vcruntimed:VCRUNTIME140D.dll
 0000:fffce000       .debug$S                   10000000     vcruntimed:VCRUNTIME140D.dll
 0000:fffce000       .debug$S                   10000000     vcruntimed:VCRUNTIME140D.dll
 0000:fffce000       .debug$S                   10000000     vcruntimed:VCRUNTIME140D.dll
 0000:fffce000       .debug$S                   10000000     vcruntimed:VCRUNTIME140D.dll
 0000:fffce000       .debug$S                   10000000     vcruntimed:VCRUNTIME140D.dll
 0000:fffce000       .debug$S                   10000000     vcruntimed:VCRUNTIME140D.dll
 0001:00001070       _adler32_combine_          10002070 f   adler32.obj
 0001:00001d50       _multmodp                  10002d50 f   crc32.obj
 0001:00001dc0       _x2nmodp                   10002dc0 f   crc32.obj
 0001:00001e40       _byte_swap                 10002e40 f   crc32.obj
 0001:00001e80       _crc_word                  10002e80 f   crc32.obj
 0001:00001ec0       _crc_word_big              10002ec0 f   crc32.obj
 0001:000042e0       _deflateStateCheck         100052e0 f   deflate.obj
 0001:00004380       _slide_hash                10005380 f   deflate.obj
 0001:00004450       _fill_window               10005450 f   deflate.obj
 0001:000047c0       _deflate_stored            100057c0 f   deflate.obj
 0001:00004ee0       _deflate_fast              10005ee0 f   deflate.obj
 0001:00005560       _deflate_slow              10006560 f   deflate.obj
 0001:00005dc0       _deflate_rle               10006dc0 f   deflate.obj
 0001:000063a0       _deflate_huff              100073a0 f   deflate.obj
 0001:00006660       _lm_init                   10007660 f   deflate.obj
 0001:00006760       _putShortMSB               10007760 f   deflate.obj
 0001:000067b0       _flush_pending             100077b0 f   deflate.obj
 0001:00006870       _read_buf                  10007870 f   deflate.obj
 0001:00006930       _longest_match             10007930 f   deflate.obj
 0001:00008860       _gz_reset                  10009860 f   gzlib.obj
 0001:000088e0       _gz_open                   100098e0 f   gzlib.obj
 0001:00008cd0       $LN49                      10009cd0     gzlib.obj
 0001:00008cfc       $LN48                      10009cfc     gzlib.obj
 0001:00009890       _gz_load                   1000a890 f   gzread.obj
 0001:00009940       _gz_avail                  1000a940 f   gzread.obj
 0001:00009a20       _gz_look                   1000aa20 f   gzread.obj
 0001:00009c70       _gz_decomp                 1000ac70 f   gzread.obj
 0001:00009db0       _gz_fetch                  1000adb0 f   gzread.obj
 0001:00009ea0       _gz_skip                   1000aea0 f   gzread.obj
 0001:00009f80       _gz_read                   1000af80 f   gzread.obj
 0001:0000acc0       _gz_init                   1000bcc0 f   gzwrite.obj
 0001:0000ae30       _gz_comp                   1000be30 f   gzwrite.obj
 0001:0000b0a0       _gz_zero                   1000c0a0 f   gzwrite.obj
 0001:0000b1b0       _gz_write                  1000c1b0 f   gzwrite.obj
 0001:0000ca9c       $LN348                     1000da9c     infback.obj
 0001:0000cab8       $LN347                     1000dab8     infback.obj
 0001:0000cacc       $LN349                     1000dacc     infback.obj
 0001:0000cc50       _fixedtables               1000dc50 f   infback.obj
 0001:0000fc78       $LN526                     10010c78     inflate.obj
 0001:0000fcf8       $LN527                     10010cf8     inflate.obj
 0001:000108e0       _inflateStateCheck         100118e0 f   inflate.obj
 0001:00010950       _fixedtables               10011950 f   inflate.obj
 0001:00010980       _updatewindow              10011980 f   inflate.obj
 0001:00010b10       _syncsearch                10011b10 f   inflate.obj
 0001:00012150       _fopen_file_func           10013150 f   ioapi.obj
 0001:000121c0       _fread_file_func           100131c0 f   ioapi.obj
 0001:000121f0       _fwrite_file_func          100131f0 f   ioapi.obj
 0001:00012220       _ftell64_file_func         10013220 f   ioapi.obj
 0001:00012250       _fseek64_file_func         10013250 f   ioapi.obj
 0001:000122d0       _fclose_file_func          100132d0 f   ioapi.obj
 0001:000122f0       _ferror_file_func          100132f0 f   ioapi.obj
 0001:00012310       _fopen64_file_func         10013310 f   ioapi.obj
 0001:00012380       _ftell_file_func           10013380 f   ioapi.obj
 0001:000123a0       _fseek_file_func           100133a0 f   ioapi.obj
 0001:00012a10       _win32_translate_open_mode 10013a10 f   iowin32.obj
 0001:00012aa0       _win32_build_iowin         10013aa0 f   iowin32.obj
 0001:00012c50       _MySetFilePointerEx        10013c50 f   iowin32.obj
 0001:00013a90       _tr_static_init            10014a90 f   trees.obj
 0001:00013aa0       _init_block                10014aa0 f   trees.obj
 0001:00013b80       _pqdownheap                10014b80 f   trees.obj
 0001:00013d10       _gen_bitlen                10014d10 f   trees.obj
 0001:00014020       _gen_codes                 10015020 f   trees.obj
 0001:000140e0       _build_tree                100150e0 f   trees.obj
 0001:000144b0       _scan_tree                 100154b0 f   trees.obj
 0001:00014690       _send_tree                 10015690 f   trees.obj
 0001:00015160       _build_bl_tree             10016160 f   trees.obj
 0001:00015220       _send_all_trees            10016220 f   trees.obj
 0001:00015720       _compress_block            10016720 f   trees.obj
 0001:00015f40       _detect_data_type          10016f40 f   trees.obj
 0001:00016020       _bi_reverse                10017020 f   trees.obj
 0001:00016060       _bi_windup                 10017060 f   trees.obj
 0001:00016120       _bi_flush                  10017120 f   trees.obj
 0001:00018740       _unz64local_getByte        10019740 f   unzip.obj
 0001:000187b0       _unz64local_getShort       100197b0 f   unzip.obj
 0001:00018830       _unz64local_getLong        10019830 f   unzip.obj
 0001:00018900       _unz64local_getLong64      10019900 f   unzip.obj
 0001:00018ad0       _strcmpcasenosensitive_internal 10019ad0 f   unzip.obj
 0001:00018ba0       _unz64local_SearchCentralDir 10019ba0 f   unzip.obj
 0001:00018dd0       _unz64local_SearchCentralDir64 10019dd0 f   unzip.obj
 0001:00019120       _unzOpenInternal           1001a120 f   unzip.obj
 0001:000196b0       _unz64local_DosDateToTmuDate 1001a6b0 f   unzip.obj
 0001:00019790       _unz64local_GetCurrentFileInfoInternal 1001a790 f   unzip.obj
 0001:00019e60       _unz64local_CheckCurrentFileCoherencyHeader 1001ae60 f   unzip.obj
 0001:0001adf0       _time                      1001bdf0 f   zip.obj
 0001:0001c6d0       _decrypt_byte              1001d6d0 f   zip.obj
 0001:0001c700       _update_keys               1001d700 f   zip.obj
 0001:0001c790       _init_keys                 1001d790 f   zip.obj
 0001:0001c7e0       _crypthead                 1001d7e0 f   zip.obj
 0001:0001c9c0       _allocate_new_datablock    1001d9c0 f   zip.obj
 0001:0001ca00       _free_datablock            1001da00 f   zip.obj
 0001:0001ca40       _init_linkedlist           1001da40 f   zip.obj
 0001:0001ca60       _free_linkedlist           1001da60 f   zip.obj
 0001:0001ca90       _add_data_in_datablock     1001da90 f   zip.obj
 0001:0001cbc0       _zip64local_putValue       1001dbc0 f   zip.obj
 0001:0001cc70       _zip64local_putValue_inmemory 1001dc70 f   zip.obj
 0001:0001ccf0       _zip64local_TmzDateToDosDate 1001dcf0 f   zip.obj
 0001:0001cd70       _zip64local_getByte        1001dd70 f   zip.obj
 0001:0001cde0       _zip64local_getShort       1001dde0 f   zip.obj
 0001:0001ce60       _zip64local_getLong        1001de60 f   zip.obj
 0001:0001cf30       _zip64local_getLong64      1001df30 f   zip.obj
 0001:0001d100       _zip64local_SearchCentralDir 1001e100 f   zip.obj
 0001:0001d330       _zip64local_SearchCentralDir64 1001e330 f   zip.obj
 0001:0001d690       _LoadCentralDirectoryRecord 1001e690 f   zip.obj
 0001:0001dcd0       _Write_LocalFileHeader     1001ecd0 f   zip.obj
 0001:0001e050       _zip64FlushWriteBuffer     1001f050 f   zip.obj
 0001:0001e1a0       _Write_Zip64EndOfCentralDirectoryLocator 1001f1a0 f   zip.obj
 0001:0001e260       _Write_Zip64EndOfCentralDirectoryRecord 1001f260 f   zip.obj
 0001:0001e410       _Write_EndOfCentralDirectoryRecord 1001f410 f   zip.obj
 0001:0001e600       _Write_GlobalComment       1001f600 f   zip.obj
 0001:0001f6c0       $$000000                   100206c0     MSVCRTD:llrem.obj
 0001:0001f6e0       L1                         100206e0     MSVCRTD:llrem.obj
 0001:0001f6fb       L2                         100206fb     MSVCRTD:llrem.obj
 0001:0001f71a       L3                         1002071a     MSVCRTD:llrem.obj
 0001:0001f728       L5                         10020728     MSVCRTD:llrem.obj
 0001:0001f753       L6                         10020753     MSVCRTD:llrem.obj
 0001:0001f75b       L7                         1002075b     MSVCRTD:llrem.obj
 0001:0001f766       L4                         10020766     MSVCRTD:llrem.obj
 0001:0001f76d       L8                         1002076d     MSVCRTD:llrem.obj
 0001:0001f7a0       $$000000                   100207a0     MSVCRTD:llshr.obj
 0001:0001f7b0       MORE32                     100207b0     MSVCRTD:llshr.obj
 0001:0001f7bb       RETSIGN                    100207bb     MSVCRTD:llshr.obj
 0001:0001f7d0       $$000000                   100207d0     MSVCRTD:llmul.obj
 0001:0001f7e9       hard                       100207e9     MSVCRTD:llmul.obj
 0001:0001f820       $$000000                   10020820     MSVCRTD:llshl.obj
 0001:0001f830       MORE32                     10020830     MSVCRTD:llshl.obj
 0001:0001f83a       RETZERO                    1002083a     MSVCRTD:llshl.obj
 0001:0001f850       $$000000                   10020850     MSVCRTD:ulldiv.obj
 0001:0001f872       L1                         10020872     MSVCRTD:ulldiv.obj
 0001:0001f880       L3                         10020880     MSVCRTD:ulldiv.obj
 0001:0001f8ae       L4                         100208ae     MSVCRTD:ulldiv.obj
 0001:0001f8af       L5                         100208af     MSVCRTD:ulldiv.obj
 0001:0001f8b3       L2                         100208b3     MSVCRTD:ulldiv.obj
 0001:0001f8e0       $$000000                   100208e0     MSVCRTD:ullshr.obj
 0001:0001f8f0       MORE32                     100208f0     MSVCRTD:ullshr.obj
 0001:0001f8fa       RETZERO                    100208fa     MSVCRTD:ullshr.obj
 0001:0001f910       $$000000                   10020910     MSVCRTD:chkstk.obj
 0001:0001f924       cs10                       10020924     MSVCRTD:chkstk.obj
 0001:0001f932       cs20                       10020932     MSVCRTD:chkstk.obj
 0001:0001f950       ?dllmain_crt_dispatch@@YGHQAUHINSTANCE__@@KQAX@Z 10020950 f   MSVCRTD:dll_dllmain.obj
 0001:0001f9bc       $LN11                      100209bc     MSVCRTD:dll_dllmain.obj
 0001:0001f9f0       ?dllmain_crt_process_attach@@YAHQAUHINSTANCE__@@QAX@Z 100209f0 f   MSVCRTD:dll_dllmain.obj
 0001:0001fbc0       ?dllmain_crt_process_detach@@YAH_N@Z 10020bc0 f   MSVCRTD:dll_dllmain.obj
 0001:0001fd00       ?dllmain_dispatch@@YAHQAUHINSTANCE__@@KQAX@Z 10020d00 f   MSVCRTD:dll_dllmain.obj
 0001:0001fef0       ?dllmain_raw@@YGHQAUHINSTANCE__@@KQAX@Z 10020ef0 f   MSVCRTD:dll_dllmain.obj
 0001:0001ffa0       ___get_entropy             10020fa0 f   MSVCRTD:gs_support.obj
 0001:000201c0       ?find_pe_section@@YAPAU_IMAGE_SECTION_HEADER@@QAEI@Z 100211c0 f   MSVCRTD:utility.obj
 0001:00020280       ?is_potentially_valid_image_base@@YA_NQAX@Z 10021280 f   MSVCRTD:utility.obj
 0001:00020f00       ___castguard_check_failure_os_handled_wrapper 10021f00 f   MSVCRTD:guard_support.obj
 0001:00020f60       ___castguard_check_failure_user_handled_wrapper 10021f60 f   MSVCRTD:guard_support.obj
 0001:00020fa0       ___castguard_compat_check  10021fa0 f   MSVCRTD:guard_support.obj
 0001:00021160       ___castguard_slow_path_compat_check 10022160 f   MSVCRTD:guard_support.obj
 0002:00000820       _crc_table                 10025820     crc32.obj
 0002:00000c20       _crc_big_table             10025c20     crc32.obj
 0002:00001020       _crc_braid_table           10026020     crc32.obj
 0002:00002020       _crc_braid_big_table       10027020     crc32.obj
 0002:00003020       _x2n_table                 10028020     crc32.obj
 0002:00003908       _configuration_table       10028908     deflate.obj
 0002:00003980       ?my_version@?1??deflateInit2_@@9@9 10028980     deflate.obj
 0002:000039b0       ?lenfix@?1??fixedtables@@9@9 100289b0     infback.obj
 0002:000041b0       ?distfix@?1??fixedtables@@9@9 100291b0     infback.obj
 0002:00004230       ?order@?1??inflateBack@@9@9 10029230     infback.obj
 0002:00004410       ?lenfix@?1??fixedtables@@9@9 10029410     inflate.obj
 0002:00004c10       ?distfix@?1??fixedtables@@9@9 10029c10     inflate.obj
 0002:00004c90       ?order@?1??inflate@@9@9    10029c90     inflate.obj
 0002:00004ea0       ?lbase@?1??inflate_table@@9@9 10029ea0     inftrees.obj
 0002:00004ee0       ?lext@?1??inflate_table@@9@9 10029ee0     inftrees.obj
 0002:00004f20       ?dbase@?1??inflate_table@@9@9 10029f20     inftrees.obj
 0002:00004f60       ?dext@?1??inflate_table@@9@9 10029f60     inftrees.obj
 0002:000052e0       _extra_lbits               1002a2e0     trees.obj
 0002:00005354       _bl_order                  1002a354     trees.obj
 0002:00005368       _extra_dbits               1002a368     trees.obj
 0002:000053e0       _extra_blbits              1002a3e0     trees.obj
 0002:00005430       _static_ltree              1002a430     trees.obj
 0002:000058b0       _static_dtree              1002a8b0     trees.obj
 0002:00005928       _base_length               1002a928     trees.obj
 0002:000059a0       _base_dist                 1002a9a0     trees.obj
 0002:00005a18       _static_l_desc             1002aa18     trees.obj
 0002:00005a2c       _static_d_desc             1002aa2c     trees.obj
 0002:00005a40       _static_bl_desc            1002aa40     trees.obj
 0002:00005d6c       _GS_ExceptionPointers      1002ad6c     MSVCRTD:gs_report.obj
 0002:00006940       __sehtable$?dllmain_crt_process_attach@@YAHQAUHINSTANCE__@@QAX@Z 1002b940     MSVCRTD:dll_dllmain.obj
 0002:00006960       __sehtable$?dllmain_crt_process_detach@@YAH_N@Z 1002b960     MSVCRTD:dll_dllmain.obj
 0002:00006990       __sehtable$?dllmain_dispatch@@YAHQAUHINSTANCE__@@KQAX@Z 1002b990     MSVCRTD:dll_dllmain.obj
 0002:000069b0       __sehtable$___scrt_is_nonwritable_in_current_image 1002b9b0     MSVCRTD:utility.obj
 0002:00006ae0       .edata                     1002bae0     zlibwapi.exp
 0002:00006b08       rgpv                       1002bb08     zlibwapi.exp
 0002:00006dd0       rgszName                   1002bdd0     zlibwapi.exp
 0002:00006fe0       rgwOrd                     1002bfe0     zlibwapi.exp
 0002:000070e8       szName                     1002c0e8     zlibwapi.exp
 0002:000070f5       $N00001                    1002c0f5     zlibwapi.exp
 0002:000070fd       $N00140                    1002c0fd     zlibwapi.exp
 0002:0000710d       $N00174                    1002c10d     zlibwapi.exp
 0002:00007117       $N00039                    1002c117     zlibwapi.exp
 0002:00007121       $N00002                    1002c121     zlibwapi.exp
 0002:0000712a       $N00046                    1002c12a     zlibwapi.exp
 0002:00007138       $N00003                    1002c138     zlibwapi.exp
 0002:0000713e       $N00142                    1002c13e     zlibwapi.exp
 0002:0000714c       $N00177                    1002c14c     zlibwapi.exp
 0002:00007160       $N00176                    1002c160     zlibwapi.exp
 0002:00007172       $N00178                    1002c172     zlibwapi.exp
 0002:00007183       $N00175                    1002c183     zlibwapi.exp
 0002:0000718b       $N00004                    1002c18b     zlibwapi.exp
 0002:00007193       $N00047                    1002c193     zlibwapi.exp
 0002:000071a0       $N00005                    1002c1a0     zlibwapi.exp
 0002:000071ac       $N00006                    1002c1ac     zlibwapi.exp
 0002:000071b7       $N00173                    1002c1b7     zlibwapi.exp
 0002:000071cc       $N00007                    1002c1cc     zlibwapi.exp
 0002:000071da       $N00008                    1002c1da     zlibwapi.exp
 0002:000071e7       $N00009                    1002c1e7     zlibwapi.exp
 0002:000071f5       $N00052                    1002c1f5     zlibwapi.exp
 0002:00007204       $N00051                    1002c204     zlibwapi.exp
 0002:00007211       $N00010                    1002c211     zlibwapi.exp
 0002:0000721e       $N00164                    1002c21e     zlibwapi.exp
 0002:0000722f       $N00011                    1002c22f     zlibwapi.exp
 0002:00007244       $N00144                    1002c244     zlibwapi.exp
 0002:00007255       $N00145                    1002c255     zlibwapi.exp
 0002:00007261       $N00110                    1002c261     zlibwapi.exp
 0002:00007275       $N00111                    1002c275     zlibwapi.exp
 0002:0000728b       $N00112                    1002c28b     zlibwapi.exp
 0002:000072a2       $N00113                    1002c2a2     zlibwapi.exp
 0002:000072b9       $N00038                    1002c2b9     zlibwapi.exp
 0002:000072c7       $N00146                    1002c2c7     zlibwapi.exp
 0002:000072d0       $N00048                    1002c2d0     zlibwapi.exp
 0002:000072db       $N00012                    1002c2db     zlibwapi.exp
 0002:000072e3       $N00147                    1002c2e3     zlibwapi.exp
 0002:000072ed       $N00148                    1002c2ed     zlibwapi.exp
 0002:000072f7       $N00149                    1002c2f7     zlibwapi.exp
 0002:00007300       $N00013                    1002c300     zlibwapi.exp
 0002:00007308       $N00034                    1002c308     zlibwapi.exp
 0002:0000730e       $N00014                    1002c30e     zlibwapi.exp
 0002:00007316       $N00015                    1002c316     zlibwapi.exp
 0002:0000731e       $N00171                    1002c31e     zlibwapi.exp
 0002:00007326       $N00172                    1002c326     zlibwapi.exp
 0002:0000732f       $N00030                    1002c32f     zlibwapi.exp
 0002:00007336       $N00161                    1002c336     zlibwapi.exp
 0002:0000733e       $N00041                    1002c33e     zlibwapi.exp
 0002:00007345       $N00150                    1002c345     zlibwapi.exp
 0002:0000734e       $N00016                    1002c34e     zlibwapi.exp
 0002:00007355       $N00165                    1002c355     zlibwapi.exp
 0002:0000735e       $N00028                    1002c35e     zlibwapi.exp
 0002:00007367       $N00029                    1002c367     zlibwapi.exp
 0002:0000736e       $N00040                    1002c36e     zlibwapi.exp
 0002:00007375       $N00017                    1002c375     zlibwapi.exp
 0002:0000737c       $N00032                    1002c37c     zlibwapi.exp
 0002:00007385       $N00031                    1002c385     zlibwapi.exp
 0002:0000738c       $N00035                    1002c38c     zlibwapi.exp
 0002:00007398       $N00033                    1002c398     zlibwapi.exp
 0002:0000739f       $N00049                    1002c39f     zlibwapi.exp
 0002:000073a8       $N00167                    1002c3a8     zlibwapi.exp
 0002:000073b2       $N00018                    1002c3b2     zlibwapi.exp
 0002:000073ba       $N00019                    1002c3ba     zlibwapi.exp
 0002:000073c2       $N00044                    1002c3c2     zlibwapi.exp
 0002:000073ce       $N00045                    1002c3ce     zlibwapi.exp
 0002:000073dd       $N00043                    1002c3dd     zlibwapi.exp
 0002:000073ee       $N00168                    1002c3ee     zlibwapi.exp
 0002:000073ff       $N00042                    1002c3ff     zlibwapi.exp
 0002:0000740b       $N00020                    1002c40b     zlibwapi.exp
 0002:00007416       $N00166                    1002c416     zlibwapi.exp
 0002:0000742b       $N00156                    1002c42b     zlibwapi.exp
 0002:0000743c       $N00021                    1002c43c     zlibwapi.exp
 0002:0000744a       $N00022                    1002c44a     zlibwapi.exp
 0002:00007457       $N00157                    1002c457     zlibwapi.exp
 0002:00007463       $N00158                    1002c463     zlibwapi.exp
 0002:00007470       $N00159                    1002c470     zlibwapi.exp
 0002:0000747e       $N00023                    1002c47e     zlibwapi.exp
 0002:0000748b       $N00163                    1002c48b     zlibwapi.exp
 0002:0000749c       $N00024                    1002c49c     zlibwapi.exp
 0002:000074b1       $N00025                    1002c4b1     zlibwapi.exp
 0002:000074bd       $N00037                    1002c4bd     zlibwapi.exp
 0002:000074ce       $N00160                    1002c4ce     zlibwapi.exp
 0002:000074df       $N00169                    1002c4df     zlibwapi.exp
 0002:000074ef       $N00170                    1002c4ef     zlibwapi.exp
 0002:000074fb       $N00026                    1002c4fb     zlibwapi.exp
 0002:00007506       $N00062                    1002c506     zlibwapi.exp
 0002:0000750f       $N00072                    1002c50f     zlibwapi.exp
 0002:00007523       $N00124                    1002c523     zlibwapi.exp
 0002:0000753b       $N00064                    1002c53b     zlibwapi.exp
 0002:00007551       $N00125                    1002c551     zlibwapi.exp
 0002:0000756f       $N00127                    1002c56f     zlibwapi.exp
 0002:0000757f       $N00100                    1002c57f     zlibwapi.exp
 0002:0000758d       $N00073                    1002c58d     zlibwapi.exp
 0002:000075a1       $N00122                    1002c5a1     zlibwapi.exp
 0002:000075b4       $N00063                    1002c5b4     zlibwapi.exp
 0002:000075c5       $N00076                    1002c5c5     zlibwapi.exp
 0002:000075db       $N00128                    1002c5db     zlibwapi.exp
 0002:000075ec       $N00101                    1002c5ec     zlibwapi.exp
 0002:000075fb       $N00065                    1002c5fb     zlibwapi.exp
 0002:0000760c       $N00066                    1002c60c     zlibwapi.exp
 0002:0000761c       $N00075                    1002c61c     zlibwapi.exp
 0002:0000762a       $N00077                    1002c62a     zlibwapi.exp
 0002:00007633       $N00121                    1002c633     zlibwapi.exp
 0002:0000763f       $N00120                    1002c63f     zlibwapi.exp
 0002:00007649       $N00061                    1002c649     zlibwapi.exp
 0002:00007651       $N00078                    1002c651     zlibwapi.exp
 0002:00007665       $N00069                    1002c665     zlibwapi.exp
 0002:00007679       $N00067                    1002c679     zlibwapi.exp
 0002:0000768c       $N00079                    1002c68c     zlibwapi.exp
 0002:000076a7       $N00068                    1002c6a7     zlibwapi.exp
 0002:000076ba       $N00074                    1002c6ba     zlibwapi.exp
 0002:000076d3       $N00071                    1002c6d3     zlibwapi.exp
 0002:000076da       $N00126                    1002c6da     zlibwapi.exp
 0002:000076e4       $N00070                    1002c6e4     zlibwapi.exp
 0002:000076ec       $N00036                    1002c6ec     zlibwapi.exp
 0002:000076f3       $N00084                    1002c6f3     zlibwapi.exp
 0002:000076fc       $N00083                    1002c6fc     zlibwapi.exp
 0002:0000770e       $N00136                    1002c70e     zlibwapi.exp
 0002:00007725       $N00087                    1002c725     zlibwapi.exp
 0002:0000773a       $N00088                    1002c73a     zlibwapi.exp
 0002:00007743       $N00131                    1002c743     zlibwapi.exp
 0002:0000774f       $N00130                    1002c74f     zlibwapi.exp
 0002:00007759       $N00080                    1002c759     zlibwapi.exp
 0002:00007761       $N00086                    1002c761     zlibwapi.exp
 0002:00007776       $N00133                    1002c776     zlibwapi.exp
 0002:0000778e       $N00089                    1002c78e     zlibwapi.exp
 0002:000077a3       $N00134                    1002c7a3     zlibwapi.exp
 0002:000077bb       $N00135                    1002c7bb     zlibwapi.exp
 0002:000077d3       $N00132                    1002c7d3     zlibwapi.exp
 0002:000077e9       $N00081                    1002c7e9     zlibwapi.exp
 0002:000077fd       $N00082                    1002c7fd     zlibwapi.exp
 0002:00007811       $N00050                    1002c811     zlibwapi.exp
 0002:00007822       $N00027                    1002c822     zlibwapi.exp
 0003:00000000       $SG42411                   1002d000     compress.obj
 0003:00000008       $SG47580                   1002d008     gzlib.obj
 0003:0000000c       $SG47607                   1002d00c     gzlib.obj
 0003:00000014       $SG47727                   1002d014     gzlib.obj
 0003:00000024       $SG47756                   1002d024     gzlib.obj
 0003:00000028       $SG47757                   1002d028     gzlib.obj
 0003:00000038       $SG47573                   1002d038     gzread.obj
 0003:00000048       $SG47575                   1002d048     gzread.obj
 0003:00000050       $SG47576                   1002d050     gzread.obj
 0003:00000060       $SG47594                   1002d060     gzread.obj
 0003:00000078       $SG47597                   1002d078     gzread.obj
 0003:000000a0       $SG47599                   1002d0a0     gzread.obj
 0003:000000b0       $SG47601                   1002d0b0     gzread.obj
 0003:000000c8       $SG47684                   1002d0c8     gzread.obj
 0003:000000e8       $SG47700                   1002d0e8     gzread.obj
 0003:0000010c       $SG47736                   1002d10c     gzread.obj
 0003:0000015c       $SG47532                   1002d15c     gzwrite.obj
 0003:0000016c       $SG47535                   1002d16c     gzwrite.obj
 0003:0000017c       $SG47536                   1002d17c     gzwrite.obj
 0003:00000184       $SG47538                   1002d184     gzwrite.obj
 0003:00000194       $SG47572                   1002d194     gzwrite.obj
 0003:000001bc       $SG47637                   1002d1bc     gzwrite.obj
 0003:000001e4       $SG47652                   1002d1e4     gzwrite.obj
 0003:00000208       $SG47692                   1002d208     gzwrite.obj
 0003:00000254       $SG44020                   1002d254     infback.obj
 0003:0000025c       $SG44406                   1002d25c     infback.obj
 0003:00000270       $SG44411                   1002d270     infback.obj
 0003:00000290       $SG44423                   1002d290     infback.obj
 0003:000002b4       $SG44427                   1002d2b4     infback.obj
 0003:000002d0       $SG44438                   1002d2d0     infback.obj
 0003:000002ec       $SG44446                   1002d2ec     infback.obj
 0003:00000308       $SG44449                   1002d308     infback.obj
 0003:00000330       $SG44451                   1002d330     infback.obj
 0003:0000034c       $SG44453                   1002d34c     infback.obj
 0003:00000364       $SG44469                   1002d364     infback.obj
 0003:00000380       $SG44481                   1002d380     infback.obj
 0003:00000398       $SG44486                   1002d398     infback.obj
 0003:000003fc       $SG44084                   1002d3fc     inffast.obj
 0003:0000041c       $SG44099                   1002d41c     inffast.obj
 0003:00000434       $SG44104                   1002d434     inffast.obj
 0003:00000460       $SG44079                   1002d460     inflate.obj
 0003:00000468       $SG44639                   1002d468     inflate.obj
 0003:00000480       $SG44641                   1002d480     inflate.obj
 0003:0000049c       $SG44645                   1002d49c     inflate.obj
 0003:000004b0       $SG44649                   1002d4b0     inflate.obj
 0003:000004cc       $SG44651                   1002d4cc     inflate.obj
 0003:000004e8       $SG44698                   1002d4e8     inflate.obj
 0003:000004fc       $SG44715                   1002d4fc     inflate.obj
 0003:00000510       $SG44719                   1002d510     inflate.obj
 0003:00000530       $SG44731                   1002d530     inflate.obj
 0003:00000554       $SG44735                   1002d554     inflate.obj
 0003:00000570       $SG44745                   1002d570     inflate.obj
 0003:0000058c       $SG44751                   1002d58c     inflate.obj
 0003:000005a8       $SG44754                   1002d5a8     inflate.obj
 0003:000005d0       $SG44756                   1002d5d0     inflate.obj
 0003:000005ec       $SG44758                   1002d5ec     inflate.obj
 0003:00000604       $SG44772                   1002d604     inflate.obj
 0003:00000620       $SG44783                   1002d620     inflate.obj
 0003:00000638       $SG44793                   1002d638     inflate.obj
 0003:00000658       $SG44806                   1002d658     inflate.obj
 0003:00000670       $SG44811                   1002d670     inflate.obj
 0003:000006f8       $SG47209                   1002d6f8     ioapi.obj
 0003:000006fc       $SG47212                   1002d6fc     ioapi.obj
 0003:00000700       $SG47214                   1002d700     ioapi.obj
 0003:00000704       $SG47234                   1002d704     ioapi.obj
 0003:00000708       $SG47237                   1002d708     ioapi.obj
 0003:0000070c       $SG47239                   1002d70c     ioapi.obj
 0003:00000714       $SG42414                   1002d714     uncompr.obj
 0003:0000071c       $SG48098                   1002d71c     unzip.obj
 0003:00000724       $SG48511                   1002d724     zip.obj
 0003:00000728       $SG48534                   1002d728     zip.obj
 0003:00000734       $SG47535                   1002d734     zutil.obj
 0003:00000744       $SG47536                   1002d744     zutil.obj
 0003:00000750       $SG47538                   1002d750     zutil.obj
 0003:0000075c       $SG47539                   1002d75c     zutil.obj
 0003:0000076c       $SG47540                   1002d76c     zutil.obj
 0003:00000778       $SG47541                   1002d778     zutil.obj
 0003:0000078c       $SG47542                   1002d78c     zutil.obj
 0003:0000079c       $SG47543                   1002d79c     zutil.obj
 0003:000007b4       $SG47546                   1002d7b4     zutil.obj
 0003:00000908       $SG47728                   1002d908     gzlib.obj
 0003:0000090c       ?calls@?1??crypthead@@9@9  1002d90c     zip.obj
 0003:00000910       $SG47537                   1002d910     zutil.obj
 0003:00000911       $SG47544                   1002d911     zutil.obj
 0003:00000914       ?__proc_attached@@3HA      1002d914     MSVCRTD:dll_dllmain.obj
 0003:0000094c       ?is_initialized_as_dll@@3_NA 1002d94c     MSVCRTD:utility.obj
 0003:0000094d       ?module_local_atexit_table_initialized@@3_NA 1002d94d     MSVCRTD:utility.obj
 0003:00000950       ?module_local_atexit_table@@3U_onexit_table_t@@A 1002d950     MSVCRTD:utility.obj
 0003:0000095c       ?module_local_at_quick_exit_table@@3U_onexit_table_t@@A 1002d95c     MSVCRTD:utility.obj
 0003:00000988       _GS_ExceptionRecord        1002d988     MSVCRTD:gs_report.obj
 0003:000009d8       _GS_ContextRecord          1002d9d8     MSVCRTD:gs_report.obj
 0004:00000434       .idata$6                   1002e434     kernel32:KERNEL32.dll
 0004:000004d8       .idata$6                   1002e4d8     vcruntimed:VCRUNTIME140D.dll
 0004:000006e8       .idata$6                   1002e6e8     ucrtd:ucrtbased.dll
 0006:00000170       $R000000                   10030170     zlib.res
