 zlibwapi

 Timestamp is 65dda641 (Tue Feb 27 17:07:13 2024)

 Preferred load address is 10000000

 Start         Length     Name                   Class
 0001:00000000 0005d4fdH .text$mn                CODE
 0001:0005d4fd 000001d7H .text$x                 CODE
 0002:00000000 00000150H .idata$5                DATA
 0002:00000150 0000000cH .00cfg                  DATA
 0002:0000015c 00000004H .CRT$XCA                DATA
 0002:00000160 00000004H .CRT$XCZ                DATA
 0002:00000164 00000004H .CRT$XIA                DATA
 0002:00000168 00000010H .CRT$XIC                DATA
 0002:00000178 00000004H .CRT$XIZ                DATA
 0002:0000017c 00000004H .CRT$XPA                DATA
 0002:00000180 00000008H .CRT$XPX                DATA
 0002:00000188 00000004H .CRT$XPXA               DATA
 0002:0000018c 00000004H .CRT$XPZ                DATA
 0002:00000190 00000004H .CRT$XTA                DATA
 0002:00000194 0000000cH .CRT$XTZ                DATA
 0002:00000198 00000000H .gfids$y                DATA
 0002:000001a0 0000c860H .rdata                  DATA
 0002:0000ca00 00000040H .rdata$CastGuardVftablesA DATA
 0002:0000ca40 00000040H .rdata$CastGuardVftablesC DATA
 0002:0000ca80 000002a0H .rdata$r                DATA
 0002:0000cd20 00000140H .rdata$voltmd           DATA
 0002:0000ce60 00000378H .rdata$zzzdbg           DATA
 0002:0000d1d8 00000004H .rtc$IAA                DATA
 0002:0000d1dc 00000004H .rtc$IZZ                DATA
 0002:0000d1e0 00000004H .rtc$TAA                DATA
 0002:0000d1e4 00000004H .rtc$TZZ                DATA
 0002:0000d1e8 00000c38H .xdata$x                DATA
 0002:0000de20 00000d50H .edata                  DATA
 0002:0000eb70 00000014H .idata$2                DATA
 0002:0000eb84 00000014H .idata$3                DATA
 0002:0000eb98 00000150H .idata$4                DATA
 0002:0000ece8 0000061cH .idata$6                DATA
 0003:00000000 000008b0H .data                   DATA
 0003:000008b0 00000058H .data$r                 DATA
 0003:00000908 000000b8H .data$rs                DATA
 0003:000009c0 000012d0H .bss                    DATA
 0004:00000000 00000060H .rsrc$01                DATA
 0004:00000060 00000338H .rsrc$02                DATA

  Address         Publics by Value              Rva+Base       Lib:Object

 0000:00000000       ___AbsoluteZero            00000000     <absolute>
 0000:00000000       ___arm64x_extra_rfe_table  00000000     <absolute>
 0000:00000000       ___arm64x_extra_rfe_table_size 00000000     <absolute>
 0000:00000000       ___arm64x_native_entrypoint 00000000     <absolute>
 0000:00000000       ___arm64x_redirection_metadata 00000000     <absolute>
 0000:00000000       ___arm64x_redirection_metadata_count 00000000     <absolute>
 0000:00000000       ___dynamic_value_reloc_table 00000000     <absolute>
 0000:00000000       ___enclave_config          00000000     <absolute>
 0000:00000000       ___guard_check_icall_a64n_fptr 00000000     <absolute>
 0000:00000000       ___guard_eh_cont_count     00000000     <absolute>
 0000:00000000       ___guard_eh_cont_table     00000000     <absolute>
 0000:00000000       ___guard_fids_count        00000000     <absolute>
 0000:00000000       ___guard_fids_table        00000000     <absolute>
 0000:00000000       ___guard_iat_count         00000000     <absolute>
 0000:00000000       ___guard_iat_table         00000000     <absolute>
 0000:00000000       ___guard_longjmp_count     00000000     <absolute>
 0000:00000000       ___guard_longjmp_table     00000000     <absolute>
 0000:00000000       ___hybrid_auxiliary_delayload_iat 00000000     <absolute>
 0000:00000000       ___hybrid_auxiliary_delayload_iat_copy 00000000     <absolute>
 0000:00000000       ___hybrid_auxiliary_iat    00000000     <absolute>
 0000:00000000       ___hybrid_auxiliary_iat_copy 00000000     <absolute>
 0000:00000000       ___hybrid_code_map         00000000     <absolute>
 0000:00000000       ___hybrid_code_map_count   00000000     <absolute>
 0000:00000000       ___safe_se_handler_count   00000000     <absolute>
 0000:00000000       ___safe_se_handler_table   00000000     <absolute>
 0000:00000000       ___x64_code_ranges_to_entry_points 00000000     <absolute>
 0000:00000000       ___x64_code_ranges_to_entry_points_count 00000000     <absolute>
 0000:00000000       __except_list              00000000     <absolute>
 0000:00000100       ___guard_flags             00000100     <absolute>
 0000:00000000       ___ImageBase               10000000     <linker-defined>
 0001:00000000       _adler32_z@12              10001000 f   adler32.obj
 0001:00000280       _adler32@12                10001280 f   adler32.obj
 0001:000003c0       _adler32_combine@12        100013c0 f   adler32.obj
 0001:000003e0       _compress2@20              100013e0 f   compress.obj
 0001:000004c0       _compress@16               100014c0 f   compress.obj
 0001:000004e0       _compressBound@4           100014e0 f   compress.obj
 0001:000005b0       _get_crc_table@0           100015b0 f   crc32.obj
 0001:00000650       _crc32_z@12                10001650 f   crc32.obj
 0001:00000970       _crc32@12                  10001970 f   crc32.obj
 0001:00000980       _crc32_combine64@16        10001980 f   crc32.obj
 0001:000009b0       _crc32_combine@12          100019b0 f   crc32.obj
 0001:000009d0       _crc32_combine_gen64@8     100019d0 f   crc32.obj
 0001:000009f0       _crc32_combine_gen@4       100019f0 f   crc32.obj
 0001:00000a10       _crc32_combine_op@12       10001a10 f   crc32.obj
 0001:00000aa0       _deflateInit_@16           10001aa0 f   deflate.obj
 0001:00000ac0       _deflateInit2_@32          10001ac0 f   deflate.obj
 0001:00000d60       _deflateSetDictionary@12   10001d60 f   deflate.obj
 0001:00000f00       _deflateGetDictionary@12   10001f00 f   deflate.obj
 0001:00000f60       _deflateResetKeep@4        10001f60 f   deflate.obj
 0001:00001000       _deflateReset@4            10002000 f   deflate.obj
 0001:00001030       _deflateSetHeader@8        10002030 f   deflate.obj
 0001:00001060       _deflatePending@12         10002060 f   deflate.obj
 0001:000010a0       _deflatePrime@12           100020a0 f   deflate.obj
 0001:00001140       _deflateParams@12          10002140 f   deflate.obj
 0001:00001290       _deflateTune@20            10002290 f   deflate.obj
 0001:000012e0       _deflateBound@8            100022e0 f   deflate.obj
 0001:00001480       _deflate@8                 10002480 f   deflate.obj
 0001:00001db0       _deflateEnd@4              10002db0 f   deflate.obj
 0001:00001e60       _deflateCopy@8             10002e60 f   deflate.obj
 0001:000033e0       _gzclose@4                 100043e0 f   gzclose.obj
 0001:00003410       ___local_stdio_printf_options 10004410 f i gzlib.obj
 0001:00003420       _vsnprintf                 10004420 f i gzlib.obj
 0001:00003460       _snprintf                  10004460 f i gzlib.obj
 0001:00003810       _gzopen@8                  10004810 f   gzlib.obj
 0001:00003830       _gzdopen@8                 10004830 f   gzlib.obj
 0001:00003890       _gzopen_w@8                10004890 f   gzlib.obj
 0001:000038b0       _gzbuffer@8                100048b0 f   gzlib.obj
 0001:00003900       _gzrewind@4                10004900 f   gzlib.obj
 0001:00003960       _gzseek64@16               10004960 f   gzlib.obj
 0001:00003b10       _gzseek@12                 10004b10 f   gzlib.obj
 0001:00003b50       _gztell64@4                10004b50 f   gzlib.obj
 0001:00003bb0       _gztell@4                  10004bb0 f   gzlib.obj
 0001:00003be0       _gzoffset64@4              10004be0 f   gzlib.obj
 0001:00003c30       _gzoffset@4                10004c30 f   gzlib.obj
 0001:00003c60       _gzeof@4                   10004c60 f   gzlib.obj
 0001:00003c90       _gzerror@8                 10004c90 f   gzlib.obj
 0001:00003ce0       _gzclearerr@4              10004ce0 f   gzlib.obj
 0001:00003d30       _gz_error                  10004d30 f   gzlib.obj
 0001:00004400       _gzread@12                 10005400 f   gzread.obj
 0001:00004470       _gzfread@16                10005470 f   gzread.obj
 0001:000044f0       _gzgetc@4                  100054f0 f   gzread.obj
 0001:00004560       _gzgetc_@4                 10005560 f   gzread.obj
 0001:00004570       _gzungetc@8                10005570 f   gzread.obj
 0001:00004670       _gzgets@12                 10005670 f   gzread.obj
 0001:00004790       _gzdirect@4                10005790 f   gzread.obj
 0001:000047d0       _gzclose_r@4               100057d0 f   gzread.obj
 0001:00004c60       _gzwrite@12                10005c60 f   gzwrite.obj
 0001:00004cb0       _gzfwrite@16               10005cb0 f   gzwrite.obj
 0001:00004d20       _gzputc@8                  10005d20 f   gzwrite.obj
 0001:00004de0       _gzputs@8                  10005de0 f   gzwrite.obj
 0001:00004e50       _gzvprintf                 10005e50 f   gzwrite.obj
 0001:00004f80       _gzprintf                  10005f80 f   gzwrite.obj
 0001:00004fa0       _gzflush@8                 10005fa0 f   gzwrite.obj
 0001:00005010       _gzsetparams@12            10006010 f   gzwrite.obj
 0001:000050d0       _gzclose_w@4               100060d0 f   gzwrite.obj
 0001:000051a0       _inflateBackInit_@20       100061a0 f   infback.obj
 0001:000052b0       _inflateBack@20            100062b0 f   infback.obj
 0001:00006030       _inflateBackEnd@4          10007030 f   infback.obj
 0001:00006070       _inflate_fast              10007070 f   inffast.obj
 0001:000064e0       _inflateResetKeep@4        100074e0 f   inflate.obj
 0001:00006590       _inflateReset@4            10007590 f   inflate.obj
 0001:000065d0       _inflateReset2@8           100075d0 f   inflate.obj
 0001:00006660       _inflateInit2_@16          10007660 f   inflate.obj
 0001:00006730       _inflateInit_@12           10007730 f   inflate.obj
 0001:00006750       _inflatePrime@12           10007750 f   inflate.obj
 0001:000068e0       _inflate@8                 100078e0 f   inflate.obj
 0001:00008050       _inflateEnd@4              10009050 f   inflate.obj
 0001:000080b0       _inflateGetDictionary@12   100090b0 f   inflate.obj
 0001:00008120       _inflateSetDictionary@12   10009120 f   inflate.obj
 0001:000081c0       _inflateGetHeader@8        100091c0 f   inflate.obj
 0001:00008280       _inflateSync@4             10009280 f   inflate.obj
 0001:000083a0       _inflateSyncPoint@4        100093a0 f   inflate.obj
 0001:000083e0       _inflateCopy@8             100093e0 f   inflate.obj
 0001:00008540       _inflateUndermine@8        10009540 f   inflate.obj
 0001:00008570       _inflateValidate@8         10009570 f   inflate.obj
 0001:000085b0       _inflateMark@4             100095b0 f   inflate.obj
 0001:00008620       _inflateCodesUsed@4        10009620 f   inflate.obj
 0001:00008650       _inflate_table             10009650 f   inftrees.obj
 0001:00008b30       _call_zopen64              10009b30 f   ioapi.obj
 0001:00008b50       _call_zseek64              10009b50 f   ioapi.obj
 0001:00008ba0       _call_ztell64              10009ba0 f   ioapi.obj
 0001:00008bd0       _fill_zlib_filefunc64_32_def_from_filefunc32 10009bd0 f   ioapi.obj
 0001:00008de0       _fill_fopen64_filefunc     10009de0 f   ioapi.obj
 0001:00008ed0       _win32_open64_file_func    10009ed0 f   iowin32.obj
 0001:00008f30       _win32_open64_file_funcA   10009f30 f   iowin32.obj
 0001:00008f90       _win32_open64_file_funcW   10009f90 f   iowin32.obj
 0001:00008ff0       _win32_open_file_func      10009ff0 f   iowin32.obj
 0001:00009050       _win32_read_file_func      1000a050 f   iowin32.obj
 0001:000090a0       _win32_write_file_func     1000a0a0 f   iowin32.obj
 0001:00009150       _win32_tell_file_func      1000a150 f   iowin32.obj
 0001:000091a0       _win32_tell64_file_func    1000a1a0 f   iowin32.obj
 0001:00009200       _win32_seek_file_func      1000a200 f   iowin32.obj
 0001:00009270       _win32_seek64_file_func    1000a270 f   iowin32.obj
 0001:000092f0       _win32_close_file_func     1000a2f0 f   iowin32.obj
 0001:00009320       _win32_error_file_func     1000a320 f   iowin32.obj
 0001:00009340       _fill_win32_filefunc       1000a340 f   iowin32.obj
 0001:00009380       _fill_win32_filefunc64     1000a380 f   iowin32.obj
 0001:000093c0       _fill_win32_filefunc64A    1000a3c0 f   iowin32.obj
 0001:00009400       _fill_win32_filefunc64W    1000a400 f   iowin32.obj
 0001:00009450       __tr_init                  1000a450 f   trees.obj
 0001:0000a430       __tr_stored_block          1000b430 f   trees.obj
 0001:0000a530       __tr_flush_bits            1000b530 f   trees.obj
 0001:0000a540       __tr_align                 1000b540 f   trees.obj
 0001:0000a620       __tr_flush_block           1000b620 f   trees.obj
 0001:0000adf0       _uncompress2@16            1000bdf0 f   uncompr.obj
 0001:0000af20       _uncompress@16             1000bf20 f   uncompr.obj
 0001:0000b2a0       _unzStringFileNameCompare@12 1000c2a0 f   unzip.obj
 0001:0000bb90       _unzOpen2@8                1000cb90 f   unzip.obj
 0001:0000bbe0       _unzOpen2_64@8             1000cbe0 f   unzip.obj
 0001:0000bc40       _unzOpen@4                 1000cc40 f   unzip.obj
 0001:0000bc60       _unzOpen64@4               1000cc60 f   unzip.obj
 0001:0000bc80       _unzClose@4                1000cc80 f   unzip.obj
 0001:0000bcc0       _unzGetGlobalInfo64@8      1000ccc0 f   unzip.obj
 0001:0000bcf0       _unzGetGlobalInfo@8        1000ccf0 f   unzip.obj
 0001:0000c370       _unzGetCurrentFileInfo64@32 1000d370 f   unzip.obj
 0001:0000c3a0       _unzGetCurrentFileInfo@32  1000d3a0 f   unzip.obj
 0001:0000c460       _unzGoToFirstFile@4        1000d460 f   unzip.obj
 0001:0000c4d0       _unzGoToNextFile@4         1000d4d0 f   unzip.obj
 0001:0000c580       _unzLocateFile@12          1000d580 f   unzip.obj
 0001:0000c730       _unzGetFilePos64@8         1000d730 f   unzip.obj
 0001:0000c780       _unzGetFilePos@8           1000d780 f   unzip.obj
 0001:0000c7b0       _unzGoToFilePos64@8        1000d7b0 f   unzip.obj
 0001:0000c820       _unzGoToFilePos@8          1000d820 f   unzip.obj
 0001:0000cac0       _unzOpenCurrentFile3@20    1000dac0 f   unzip.obj
 0001:0000cd50       _unzOpenCurrentFile@4      1000dd50 f   unzip.obj
 0001:0000cd70       _unzOpenCurrentFilePassword@8 1000dd70 f   unzip.obj
 0001:0000cd90       _unzOpenCurrentFile2@16    1000dd90 f   unzip.obj
 0001:0000cdb0       _unzGetCurrentFileZStreamPos64@4 1000ddb0 f   unzip.obj
 0001:0000cdf0       _unzReadCurrentFile@12     1000ddf0 f   unzip.obj
 0001:0000d0c0       _unztell@4                 1000e0c0 f   unzip.obj
 0001:0000d0f0       _unztell64@4               1000e0f0 f   unzip.obj
 0001:0000d120       _unzeof@4                  1000e120 f   unzip.obj
 0001:0000d160       _unzGetLocalExtrafield@12  1000e160 f   unzip.obj
 0001:0000d230       _unzCloseCurrentFile@4     1000e230 f   unzip.obj
 0001:0000d2c0       _unzGetGlobalComment@12    1000e2c0 f   unzip.obj
 0001:0000e3a0       _zipOpen3@16               1000f3a0 f   zip.obj
 0001:0000e510       _zipOpen2@16               1000f510 f   zip.obj
 0001:0000e560       _zipOpen2_64@16            1000f560 f   zip.obj
 0001:0000e5c0       _zipOpen@8                 1000f5c0 f   zip.obj
 0001:0000e5e0       _zipOpen64@8               1000f5e0 f   zip.obj
 0001:0000e840       _zipOpenNewFileInZip4_64@76 1000f840 f   zip.obj
 0001:0000ed90       _zipOpenNewFileInZip3@64   1000fd90 f   zip.obj
 0001:0000ede0       _zipOpenNewFileInZip3_64@68 1000fde0 f   zip.obj
 0001:0000ee30       _zipOpenNewFileInZip2@44   1000fe30 f   zip.obj
 0001:0000ee70       _zipOpenNewFileInZip2_64@48 1000fe70 f   zip.obj
 0001:0000eeb0       _zipOpenNewFileInZip64@44  1000feb0 f   zip.obj
 0001:0000eef0       _zipOpenNewFileInZip@40    1000fef0 f   zip.obj
 0001:0000eff0       _zipWriteInFileInZip@12    1000fff0 f   zip.obj
 0001:0000f100       _zipCloseFileInZipRaw@12   10010100 f   zip.obj
 0001:0000f120       _zipCloseFileInZipRaw64@16 10010120 f   zip.obj
 0001:0000f670       _zipCloseFileInZip@4       10010670 f   zip.obj
 0001:0000f9d0       _zipClose@8                100109d0 f   zip.obj
 0001:0000fb60       _zlibVersion@0             10010b60 f   zutil.obj
 0001:0000fb70       _zlibCompileFlags@0        10010b70 f   zutil.obj
 0001:0000fb80       _zError@4                  10010b80 f   zutil.obj
 0001:0000fba0       _zcalloc                   10010ba0 f   zutil.obj
 0001:0000fbc0       _zcfree                    10010bc0 f   zutil.obj
 0001:0000fbd0       _ReadFile@20               10010bd0 f   kernel32:KERNEL32.dll
 0001:0000fbd6       _WriteFile@20              10010bd6 f   kernel32:KERNEL32.dll
 0001:0000fbdc       _SetFilePointer@16         10010bdc f   kernel32:KERNEL32.dll
 0001:0000fbe2       _CreateFileW@28            10010be2 f   kernel32:KERNEL32.dll
 0001:0000fbe8       _GetLastError@0            10010be8 f   kernel32:KERNEL32.dll
 0001:0000fbee       _CreateFileA@28            10010bee f   kernel32:KERNEL32.dll
 0001:0000fbf4       _CloseHandle@4             10010bf4 f   kernel32:KERNEL32.dll
 0001:0000ff3a       __CRT_INIT@12              10010f3a f   LIBCMT:dll_dllmain.obj
 0001:0000ff43       __DllMainCRTStartup@12     10010f43 f   LIBCMT:dll_dllmain.obj
 0001:0000ffb3       ___security_init_cookie    10010fb3 f   LIBCMT:gs_support.obj
 0001:0000fffe       _DllMain@12                10010ffe f   LIBCMT:dll_dllmain_stub.obj
 0001:00010004       ?__scrt_initialize_type_info@@YAXXZ 10011004 f   LIBCMT:tncleanup.obj
 0001:00010010       ?__scrt_uninitialize_type_info@@YAXXZ 10011010 f   LIBCMT:tncleanup.obj
 0001:0001001c       ___local_stdio_scanf_options 1001101c f i LIBCMT:default_local_stdio_options.obj
 0001:00010022       ___scrt_initialize_default_local_stdio_options 10011022 f   LIBCMT:default_local_stdio_options.obj
 0001:0001003f       ?configure_argv@__scrt_narrow_argv_policy@@SAHXZ 1001103f f i LIBCMT:utility.obj
 0001:00010090       ?initialize_environment@__scrt_narrow_environment_policy@@SAHXZ 10011090 f i LIBCMT:utility.obj
 0001:000100c8       _NtCurrentTeb              100110c8 f i LIBCMT:utility.obj
 0001:000100cf       ___scrt_acquire_startup_lock 100110cf f   LIBCMT:utility.obj
 0001:00010101       ___scrt_dllmain_after_initialize_c 10011101 f   LIBCMT:utility.obj
 0001:0001012c       ___scrt_dllmain_before_initialize_c 1001112c f   LIBCMT:utility.obj
 0001:0001013a       ___scrt_dllmain_crt_thread_attach 1001113a f   LIBCMT:utility.obj
 0001:00010159       ___scrt_dllmain_crt_thread_detach 10011159 f   LIBCMT:utility.obj
 0001:00010166       ___scrt_dllmain_exception_filter 10011166 f   LIBCMT:utility.obj
 0001:0001019a       ___scrt_dllmain_uninitialize_c 1001119a f   LIBCMT:utility.obj
 0001:000101bd       ___scrt_dllmain_uninitialize_critical 100111bd f   LIBCMT:utility.obj
 0001:000101ca       ___scrt_initialize_crt     100111ca f   LIBCMT:utility.obj
 0001:00010203       ___scrt_initialize_onexit_tables 10011203 f   LIBCMT:utility.obj
 0001:0001028a       ___scrt_is_nonwritable_in_current_image 1001128a f   LIBCMT:utility.obj
 0001:0001031e       ___scrt_release_startup_lock 1001131e f   LIBCMT:utility.obj
 0001:0001033b       ___scrt_uninitialize_crt   1001133b f   LIBCMT:utility.obj
 0001:00010363       __onexit                   10011363 f   LIBCMT:utility.obj
 0001:00010390       _at_quick_exit             10011390 f   LIBCMT:utility.obj
 0001:000103b3       _atexit                    100113b3 f   LIBCMT:utility.obj
 0001:000103c8       ___scrt_get_dyn_tls_init_callback 100113c8 f   LIBCMT:dyn_tls_init.obj
 0001:000103ce       ___scrt_fastfail           100113ce f   LIBCMT:utility_desktop.obj
 0001:000104e9       ___scrt_get_show_window_mode 100114e9 f   LIBCMT:utility_desktop.obj
 0001:0001051a       ___scrt_initialize_mta     1001151a f   LIBCMT:utility_desktop.obj
 0001:0001051f       ___scrt_initialize_winrt   1001151f f   LIBCMT:utility_desktop.obj
 0001:00010522       ___scrt_is_managed_app     10011522 f   LIBCMT:utility_desktop.obj
 0001:00010564       ___scrt_set_unhandled_exception_filter 10011564 f   LIBCMT:utility_desktop.obj
 0001:00010570       ___scrt_exe_initialize_mta 10011570 f   LIBCMT:utility_desktop.obj
 0001:00010570       ___scrt_stub_for_initialize_mta 10011570 f   LIBCMT:utility_desktop.obj
 0001:00010573       ___scrt_unhandled_exception_filter@4 10011573 f   LIBCMT:utility_desktop.obj
 0001:000105c9       __crt_debugger_hook        100115c9 f   LIBCMT:utility_desktop.obj
 0001:000105d1       __RTC_Initialize           100115d1 f   LIBCMT:initsect.obj
 0001:000105fd       __RTC_Terminate            100115fd f   LIBCMT:initsect.obj
 0001:00010630       __SEH_prolog4              10011630 f   LIBCMT:sehprolg4.obj
 0001:00010680       __SEH_epilog4              10011680 f   LIBCMT:sehprolg4.obj
 0001:00010694       @_guard_check_icall_nop@4  10011694 f i LIBCMT:guard_support.obj
 0001:00010697       _ReadNoFence               10011697 f i LIBCMT:guard_support.obj
 0001:000106a1       _ReadPointerNoFence        100116a1 f i LIBCMT:guard_support.obj
 0001:000106ab       __InlineInterlockedExchangePointer 100116ab f i LIBCMT:guard_support.obj
 0001:000106b8       ___castguard_check_failure_debugbreak 100116b8 f i LIBCMT:guard_support.obj
 0001:000106d3       ___castguard_check_failure_fastfail 100116d3 f i LIBCMT:guard_support.obj
 0001:000106f2       ___castguard_check_failure_nop 100116f2 f i LIBCMT:guard_support.obj
 0001:000106f5       ___castguard_check_failure_os_handled 100116f5 f i LIBCMT:guard_support.obj
 0001:00010736       ___castguard_check_failure_user_handled 10011736 f i LIBCMT:guard_support.obj
 0001:000107a4       ___castguard_set_user_handler 100117a4 f i LIBCMT:guard_support.obj
 0001:000107b3       ___castguard_slow_path_check_debugbreak 100117b3 f i LIBCMT:guard_support.obj
 0001:000107e0       ___castguard_slow_path_check_fastfail 100117e0 f i LIBCMT:guard_support.obj
 0001:00010811       ___castguard_slow_path_check_nop 10011811 f i LIBCMT:guard_support.obj
 0001:00010814       ___castguard_slow_path_check_os_handled 10011814 f i LIBCMT:guard_support.obj
 0001:00010855       ___castguard_slow_path_check_user_handled 10011855 f i LIBCMT:guard_support.obj
 0001:000108b6       __guard_icall_checks_enforced 100118b6 f i LIBCMT:guard_support.obj
 0001:000108c8       ___isa_available_init      100118c8 f   LIBCMT:cpu_disp.obj
 0001:00010a9c       __get_startup_argv_mode    10011a9c f   LIBCMT:argv_mode.obj
 0001:00010aa0       ___scrt_is_ucrt_dll_in_use 10011aa0 f   LIBCMT:ucrt_detection.obj
 0001:00010aac       @__security_check_cookie@4 10011aac f   LIBCMT:secchk.obj
 0001:00010aba       ___raise_securityfailure   10011aba f   LIBCMT:gs_report.obj
 0001:00010ae2       ___report_gsfailure        10011ae2 f   LIBCMT:gs_report.obj
 0001:00010bdc       ___report_rangecheckfailure 10011bdc f   LIBCMT:gs_report.obj
 0001:00010be8       ___report_securityfailure  10011be8 f   LIBCMT:gs_report.obj
 0001:00010cb7       ___report_securityfailureEx 10011cb7 f   LIBCMT:gs_report.obj
 0001:00010e10       __except_handler4          10011e10 f   libvcruntime:chandler4.obj
 0001:00010f7c       ??$?RD@__crt_internal_free_policy@@QBEXQBD@Z 10011f7c f i libvcruntime:std_type_info.obj
 0001:00010f8c       ??$?RX@__crt_internal_free_policy@@QBEXQBX@Z 10011f8c f i libvcruntime:std_type_info.obj
 0001:00010f9c       ??$__crt_interlocked_compare_exchange_pointer@$$CBDPAD$$T@@YAPBDPDSBDQAD$$T@Z 10011f9c f i libvcruntime:std_type_info.obj
 0001:00010fae       ??$__crt_interlocked_read_pointer@$$CBD@@YAPBDPDSBD@Z 10011fae f i libvcruntime:std_type_info.obj
 0001:00010fb9       ??0?$__crt_unique_heap_ptr@DU__crt_internal_free_policy@@@@QAE@QAD@Z 10011fb9 f i libvcruntime:std_type_info.obj
 0001:00010fc7       ??0?$__crt_unique_heap_ptr@XU__crt_internal_free_policy@@@@QAE@QAX@Z 10011fc7 f i libvcruntime:std_type_info.obj
 0001:00010fd5       ??1?$__crt_unique_heap_ptr@DU__crt_internal_free_policy@@@@QAE@XZ 10011fd5 f i libvcruntime:std_type_info.obj
 0001:00010fe5       ??1?$__crt_unique_heap_ptr@XU__crt_internal_free_policy@@@@QAE@XZ 10011fe5 f i libvcruntime:std_type_info.obj
 0001:00010ff5       ??B?$__crt_unique_heap_ptr@DU__crt_internal_free_policy@@@@QBE_NXZ 10011ff5 f i libvcruntime:std_type_info.obj
 0001:00010ffc       ??B?$__crt_unique_heap_ptr@XU__crt_internal_free_policy@@@@QBE_NXZ 10011ffc f i libvcruntime:std_type_info.obj
 0001:00011023       ?__crt_interlocked_read_32@@YAHPDH@Z 10012023 f i libvcruntime:std_type_info.obj
 0001:0001102e       ?detach@?$__crt_unique_heap_ptr@XU__crt_internal_free_policy@@@@QAEPAXXZ 1001202e f i libvcruntime:std_type_info.obj
 0001:00011034       ?get@?$__crt_unique_heap_ptr@DU__crt_internal_free_policy@@@@QBEPADXZ 10012034 f i libvcruntime:std_type_info.obj
 0001:00011037       ?get@?$__crt_unique_heap_ptr@XU__crt_internal_free_policy@@@@QBEPAXXZ 10012037 f i libvcruntime:std_type_info.obj
 0001:0001103a       ?is_valid@?$__crt_unique_heap_ptr@DU__crt_internal_free_policy@@@@QBE_NXZ 1001203a f i libvcruntime:std_type_info.obj
 0001:00011041       ?is_valid@?$__crt_unique_heap_ptr@XU__crt_internal_free_policy@@@@QBE_NXZ 10012041 f i libvcruntime:std_type_info.obj
 0001:00011048       ?release@?$__crt_unique_heap_ptr@DU__crt_internal_free_policy@@@@QAEXXZ 10012048 f i libvcruntime:std_type_info.obj
 0001:00011058       ?release@?$__crt_unique_heap_ptr@XU__crt_internal_free_policy@@@@QAEXXZ 10012058 f i libvcruntime:std_type_info.obj
 0001:00011068       ___std_type_info_compare   10012068 f   libvcruntime:std_type_info.obj
 0001:000110a4       ___std_type_info_destroy_list 100120a4 f   libvcruntime:std_type_info.obj
 0001:000110c7       ___std_type_info_hash      100120c7 f   libvcruntime:std_type_info.obj
 0001:000110ed       ___std_type_info_name      100120ed f   libvcruntime:std_type_info.obj
 0001:000111b3       ___vcrt_initialize         100121b3 f   libvcruntime:initialization.obj
 0001:000111d2       ___vcrt_thread_attach      100121d2 f   libvcruntime:initialization.obj
 0001:000111dd       ___vcrt_thread_detach      100121dd f   libvcruntime:initialization.obj
 0001:000111e8       ___vcrt_uninitialize       100121e8 f   libvcruntime:initialization.obj
 0001:000111ff       ___vcrt_uninitialize_critical 100121ff f   libvcruntime:initialization.obj
 0001:0001120a       ___DestructExceptionObject 1001220a f   libvcruntime:ehhelpers.obj
 0001:000112ab       ?_CallMemberFunction0@@YGXQAX0@Z 100122ab f i libvcruntime:ehhelpers.obj
 0001:00011310       ?raw_name@type_info@@QBEPBDXZ 10012310 f i libvcruntime:ehhelpers.obj
 0001:00011314       __IsExceptionObjectToBeDestroyed 10012314 f   libvcruntime:ehhelpers.obj
 0001:0001133a       __SetWinRTOutOfMemoryExceptionCallback 1001233a f   libvcruntime:ehhelpers.obj
 0001:00011347       ___AdjustPointer           10012347 f   libvcruntime:ehhelpers.obj
 0001:0001136c       ___FrameUnwindFilter       1001236c f   libvcruntime:ehhelpers.obj
 0001:000113c2       ___GetPlatformExceptionInfo 100123c2 f   libvcruntime:ehhelpers.obj
 0001:0001140e       ___current_exception       1001240e f   libvcruntime:ehhelpers.obj
 0001:00011417       ___current_exception_context 10012417 f   libvcruntime:ehhelpers.obj
 0001:00011420       ___processing_throw        10012420 f   libvcruntime:ehhelpers.obj
 0001:00011429       ___std_terminate           10012429 f   libvcruntime:ehhelpers.obj
 0001:0001142e       __is_exception_typeof      1001242e f   libvcruntime:ehhelpers.obj
 0001:000114e0       _memset                    100124e0 f   libvcruntime:memset.obj
 0001:00011640       __local_unwind4            10012640 f   libvcruntime:exsup4.obj
 0001:00011730       __seh_longjmp_unwind4@4    10012730 f   libvcruntime:exsup4.obj
 0001:00011760       @_EH4_CallFilterFunc@8     10012760 f   libvcruntime:exsup4.obj
 0001:00011780       @_EH4_TransferToHandler@8  10012780 f   libvcruntime:exsup4.obj
 0001:000117a0       @_EH4_GlobalUnwind2@8      100127a0 f   libvcruntime:exsup4.obj
 0001:000117c0       @_EH4_LocalUnwind@16       100127c0 f   libvcruntime:exsup4.obj
 0001:000117e2       ___except_validate_context_record 100127e2 f   libvcruntime:jbcxrval.obj
 0001:00011812       ___except_validate_jump_buffer 10012812 f   libvcruntime:jbcxrval.obj
 0001:0001183f       ___except_validate_jump_buffer_common 1001283f f i libvcruntime:jbcxrval.obj
 0001:00011878       ??$?0$00@DName@@QAE@PBDU?$StringLifeSelector@$00@@@Z 10012878 f i libvcruntime:undname.obj
 0001:000118ab       ??$?0$00@pcharNode@@QAE@PBDHU?$StringLifeSelector@$00@@@Z 100128ab f i libvcruntime:undname.obj
 0001:000118c6       ??$?0$01@DName@@QAE@PBDU?$StringLifeSelector@$01@@@Z 100128c6 f i libvcruntime:undname.obj
 0001:000118f9       ??$?0$01@pcharNode@@QAE@PBDHU?$StringLifeSelector@$01@@@Z 100128f9 f i libvcruntime:undname.obj
 0001:00011939       ??$?0$0A@@DName@@QAE@PBDU?$StringLifeSelector@$0A@@@@Z 10012939 f i libvcruntime:undname.obj
 0001:0001196c       ??$?0$0A@@pcharNode@@QAE@PBDHU?$StringLifeSelector@$0A@@@@Z 1001296c f i libvcruntime:undname.obj
 0001:000119ac       ??$?0_K$0A@@?$optional@_K@std@@QAE@$$QA_K@Z 100129ac f i libvcruntime:undname.obj
 0001:000119c6       ??$?0_K@?$_Optional_construct_base@_K@std@@QAE@Uin_place_t@1@$$QA_K@Z 100129c6 f i libvcruntime:undname.obj
 0001:000119e0       ??$?0_K@?$_Optional_destruct_base@_K$00@std@@QAE@Uin_place_t@1@$$QA_K@Z 100129e0 f i libvcruntime:undname.obj
 0001:000119fa       ??$append@VDNameNode@@@DName@@AAEXPBVDNameNode@@@Z 100129fa f i libvcruntime:undname.obj
 0001:00011a3b       ??$append@VDNameStatusNode@@@DName@@AAEXPBVDNameStatusNode@@@Z 10012a3b f i libvcruntime:undname.obj
 0001:00011a7c       ??$append@VcharNode@@@DName@@AAEXPBVcharNode@@@Z 10012a7c f i libvcruntime:undname.obj
 0001:00011abd       ??$append@VpDNameNode@@@DName@@AAEXPBVpDNameNode@@@Z 10012abd f i libvcruntime:undname.obj
 0001:00011afe       ??$append@VpcharNode@@@DName@@AAEXPBVpcharNode@@@Z 10012afe f i libvcruntime:undname.obj
 0001:00011b3f       ??$doPchar@$00@DName@@AAEXPBDH@Z 10012b3f f i libvcruntime:undname.obj
 0001:00011baa       ??$doPchar@$01@DName@@AAEXPBDH@Z 10012baa f i libvcruntime:undname.obj
 0001:00011c1b       ??$doPchar@$0A@@DName@@AAEXPBDH@Z 10012c1b f i libvcruntime:undname.obj
 0001:00011c8c       ??$forward@_K@std@@YA$$QA_KAA_K@Z 10012c8c f i libvcruntime:undname.obj
 0001:00011d50       ??$size@D$04@std@@YAIAAY04$$CBD@Z 10012d50 f i libvcruntime:undname.obj
 0001:00011d54       ??0?$_Optional_construct_base@_K@std@@QAE@XZ 10012d54 f i libvcruntime:undname.obj
 0001:00011d5b       ??0?$_Optional_destruct_base@_K$00@std@@QAE@XZ 10012d5b f i libvcruntime:undname.obj
 0001:00011d62       ??0?$optional@_K@std@@QAE@XZ 10012d62 f i libvcruntime:undname.obj
 0001:00011d69       ??0Block@_HeapManager@@QAE@XZ 10012d69 f i libvcruntime:undname.obj
 0001:00011d6f       ??0DName@@QAE@AAPBDD@Z     10012d6f f   libvcruntime:undname.obj
 0001:00011def       ??0DName@@QAE@ABUStringLiteral@@@Z 10012def f   libvcruntime:undname.obj
 0001:00011e16       ??0DName@@QAE@ABV0@@Z      10012e16 f i libvcruntime:undname.obj
 0001:00011e2c       ??0DName@@QAE@D@Z          10012e2c f   libvcruntime:undname.obj
 0001:00011e48       ??0DName@@QAE@PAV0@@Z      10012e48 f   libvcruntime:undname.obj
 0001:00011e91       ??0DName@@QAE@W4DNameStatus@@@Z 10012e91 f   libvcruntime:undname.obj
 0001:00011ed1       ??0DName@@QAE@XZ           10012ed1 f i libvcruntime:undname.obj
 0001:00011edb       ??0DName@@QAE@_J@Z         10012edb f   libvcruntime:undname.obj
 0001:00011f65       ??0DName@@QAE@_K@Z         10012f65 f   libvcruntime:undname.obj
 0001:00011fc9       ??0DNameNode@@IAE@XZ       10012fc9 f i libvcruntime:undname.obj
 0001:00011fd2       ??0Replicator@@QAE@XZ      10012fd2 f i libvcruntime:undname.obj
 0001:00011fe1       ??0UnDecorator@@QAE@PBDP6APADJ@ZK@Z 10012fe1 f i libvcruntime:undname.obj
 0001:0001202d       ??0_Nontrivial_dummy_type@std@@QAE@XZ 1001302d f i libvcruntime:undname.obj
 0001:00012030       ??0charNode@@QAE@D@Z       10013030 f i libvcruntime:undname.obj
 0001:00012045       ??0pDNameNode@@QAE@PAVDName@@@Z 10013045 f   libvcruntime:undname.obj
 0001:0001206d       ??0pairNode@@QAE@PBVDNameNode@@0@Z 1001306d f i libvcruntime:undname.obj
 0001:00012093       ??2@YAPAXIAAV_HeapManager@@H@Z 10013093 f   libvcruntime:undname.obj
 0001:000120b2       ??4DName@@QAEAAV0@ABUStringLiteral@@@Z 100130b2 f   libvcruntime:undname.obj
 0001:000120d3       ??4DName@@QAEAAV0@ABV0@@Z  100130d3 f   libvcruntime:undname.obj
 0001:000120e9       ??4DName@@QAEAAV0@D@Z      100130e9 f i libvcruntime:undname.obj
 0001:00012105       ??4DName@@QAEAAV0@PAV0@@Z  10013105 f   libvcruntime:undname.obj
 0001:00012148       ??4DName@@QAEAAV0@W4DNameStatus@@@Z 10013148 f   libvcruntime:undname.obj
 0001:0001217a       ??AReplicator@@QBE?AVDName@@H@Z 1001317a f   libvcruntime:undname.obj
 0001:000121b6       ??B?$optional@_K@std@@QBE_NXZ 100131b6 f i libvcruntime:undname.obj
 0001:000121ba       ??D?$_Optional_construct_base@_K@std@@QGAEAA_KXZ 100131ba f i libvcruntime:undname.obj
 0001:000121bd       ??H@YA?AVDName@@ABUStringLiteral@@ABV0@@Z 100131bd f i libvcruntime:undname.obj
 0001:000121df       ??H@YA?AVDName@@DABV0@@Z   100131df f i libvcruntime:undname.obj
 0001:0001220a       ??H@YA?AVDName@@W4DNameStatus@@ABV0@@Z 1001320a f i libvcruntime:undname.obj
 0001:0001222c       ??HDName@@QBE?AV0@ABUStringLiteral@@@Z 1001322c f   libvcruntime:undname.obj
 0001:0001224e       ??HDName@@QBE?AV0@ABV0@@Z  1001324e f   libvcruntime:undname.obj
 0001:00012270       ??HDName@@QBE?AV0@D@Z      10013270 f   libvcruntime:undname.obj
 0001:00012292       ??HDName@@QBE?AV0@PAV0@@Z  10013292 f   libvcruntime:undname.obj
 0001:000122b4       ??HDName@@QBE?AV0@W4DNameStatus@@@Z 100132b4 f   libvcruntime:undname.obj
 0001:000122d6       ??HStringLiteral@@QBE?AU0@H@Z 100132d6 f i libvcruntime:undname.obj
 0001:000122f0       ??YDName@@QAEAAV0@ABUStringLiteral@@@Z 100132f0 f   libvcruntime:undname.obj
 0001:00012348       ??YDName@@QAEAAV0@ABV0@@Z  10013348 f   libvcruntime:undname.obj
 0001:0001239f       ??YDName@@QAEAAV0@D@Z      1001339f f   libvcruntime:undname.obj
 0001:000123f4       ??YDName@@QAEAAV0@PAV0@@Z  100133f4 f   libvcruntime:undname.obj
 0001:00012458       ??YDName@@QAEAAV0@W4DNameStatus@@@Z 10013458 f   libvcruntime:undname.obj
 0001:00012498       ??YReplicator@@QAEAAV0@ABVDName@@@Z 10013498 f   libvcruntime:undname.obj
 0001:000124d8       ??_5DName@@QAEAAV0@ABV0@@Z 100134d8 f   libvcruntime:undname.obj
 0001:000124f7       ??__K_l@@YA?AUStringLiteral@@PBDI@Z 100134f7 f i libvcruntime:undname.obj
 0001:00012502       ?Constructor@_HeapManager@@QAEXP6APAXI@ZP6AXPAX@Z@Z 10013502 f i libvcruntime:undname.obj
 0001:0001251f       ?Destructor@_HeapManager@@QAEXXZ 1001351f f i libvcruntime:undname.obj
 0001:00012563       ?UScore@UnDecorator@@SA?AUStringLiteral@@W4Tokens@@@Z 10013563 f   libvcruntime:undname.obj
 0001:0001258a       ?composeDeclaration@UnDecorator@@CA?AVDName@@ABV2@@Z 1001358a f i libvcruntime:undname.obj
 0001:00013282       ?doAccessSpecifiers@UnDecorator@@SAHXZ 10014282 f i libvcruntime:undname.obj
 0001:00013290       ?doAllocationLanguage@UnDecorator@@SAHXZ 10014290 f i libvcruntime:undname.obj
 0001:0001329e       ?doAllocationModel@UnDecorator@@SAHXZ 1001429e f i libvcruntime:undname.obj
 0001:000132ac       ?doEcsu@UnDecorator@@SAHXZ 100142ac f i libvcruntime:undname.obj
 0001:000132ba       ?doEllipsis@UnDecorator@@SAHXZ 100142ba f i libvcruntime:undname.obj
 0001:000132c8       ?doFunctionReturns@UnDecorator@@SAHXZ 100142c8 f i libvcruntime:undname.obj
 0001:000132d6       ?doMSKeywords@UnDecorator@@SAHXZ 100142d6 f i libvcruntime:undname.obj
 0001:000132e3       ?doMemberTypes@UnDecorator@@SAHXZ 100142e3 f i libvcruntime:undname.obj
 0001:000132f1       ?doNameOnly@UnDecorator@@SAHXZ 100142f1 f i libvcruntime:undname.obj
 0001:000132fc       ?doNoIdentCharCheck@UnDecorator@@SAHXZ 100142fc f i libvcruntime:undname.obj
 0001:00013307       ?doPchar@DName@@AAEXD@Z    10014307 f   libvcruntime:undname.obj
 0001:0001333f       ?doPtr64@UnDecorator@@SAHXZ 1001433f f i libvcruntime:undname.obj
 0001:0001334d       ?doRestrictionSpec@UnDecorator@@SAHXZ 1001434d f i libvcruntime:undname.obj
 0001:0001335b       ?doThisTypes@UnDecorator@@SAHXZ 1001435b f i libvcruntime:undname.obj
 0001:0001336d       ?doThrowTypes@UnDecorator@@SAHXZ 1001436d f i libvcruntime:undname.obj
 0001:0001337b       ?doTypeOnly@UnDecorator@@SAHXZ 1001437b f i libvcruntime:undname.obj
 0001:00013386       ?doUnderScore@UnDecorator@@SAHXZ 10014386 f i libvcruntime:undname.obj
 0001:00013391       ?getAddressOf@UnDecorator@@CA?AVDName@@XZ 10014391 f   libvcruntime:undname.obj
 0001:000133f9       ?getArgumentList@UnDecorator@@CA?AVDName@@XZ 100143f9 f   libvcruntime:undname.obj
 0001:00013563       ?getArgumentTypes@UnDecorator@@CA?AVDName@@XZ 10014563 f   libvcruntime:undname.obj
 0001:0001366b       ?getArrayAccess@UnDecorator@@CA?AVDName@@XZ 1001466b f   libvcruntime:undname.obj
 0001:000136df       ?getArrayObject@UnDecorator@@CA?AVDName@@XZ 100146df f   libvcruntime:undname.obj
 0001:0001376a       ?getArrayType@UnDecorator@@CA?AVDName@@ABV2@@Z 1001476a f i libvcruntime:undname.obj
 0001:00013907       ?getBasedType@UnDecorator@@CA?AVDName@@XZ 10014907 f   libvcruntime:undname.obj
 0001:000139b6       ?getBasicDataType@UnDecorator@@CA?AVDName@@ABV2@@Z 100149b6 f   libvcruntime:undname.obj
 0001:00013f12       ?getCHPEName@UnDecorator@@QAEPADPADH@Z 10014f12 f i libvcruntime:undname.obj
 0001:00013fef       ?getCallIndex@UnDecorator@@CA?AVDName@@XZ 10014fef f i libvcruntime:undname.obj
 0001:00014003       ?getCallingConvention@UnDecorator@@CA?AVDName@@XZ 10015003 f   libvcruntime:undname.obj
 0001:000140d8       ?getDataIndirectType@UnDecorator@@CA?AVDName@@ABV2@W4IndirectionKind@@0H@Z 100150d8 f   libvcruntime:undname.obj
 0001:0001488a       ?getDataIndirectType@UnDecorator@@CA?AVDName@@XZ 1001588a f i libvcruntime:undname.obj
 0001:000148b8       ?getDataType@UnDecorator@@CA?AVDName@@PAV2@@Z 100158b8 f   libvcruntime:undname.obj
 0001:0001498f       ?getDecoratedName@UnDecorator@@CA?AVDName@@XZ 1001598f f   libvcruntime:undname.obj
 0001:00014be3       ?getDimension@UnDecorator@@CA?AVDName@@_N@Z 10015be3 f   libvcruntime:undname.obj
 0001:00014cea       ?getDispatchTarget@UnDecorator@@CA?AVDName@@XZ 10015cea f   libvcruntime:undname.obj
 0001:00014d3b       ?getDisplacement@UnDecorator@@CA?AVDName@@XZ 10015d3b f i libvcruntime:undname.obj
 0001:00014d4f       ?getECSUDataType@UnDecorator@@CA?AVDName@@XZ 10015d4f f   libvcruntime:undname.obj
 0001:00014ef9       ?getECSUName@UnDecorator@@CA?AVDName@@XZ 10015ef9 f i libvcruntime:undname.obj
 0001:00014f0a       ?getEnumType@UnDecorator@@CA?AVDName@@XZ 10015f0a f i libvcruntime:undname.obj
 0001:0001502a       ?getExtendedDataIndirectType@UnDecorator@@CA?AVDName@@AAW4IndirectionKind@@AA_NH@Z 1001602a f   libvcruntime:undname.obj
 0001:000151d6       ?getExternalDataType@UnDecorator@@CA?AVDName@@ABV2@@Z 100161d6 f i libvcruntime:undname.obj
 0001:0001523b       ?getFloatingPoint@UnDecorator@@CA?AVDName@@H@Z 1001623b f   libvcruntime:undname.obj
 0001:000152f9       ?getFunctionIndirectType@UnDecorator@@CA?AVDName@@ABV2@@Z 100162f9 f   libvcruntime:undname.obj
 0001:000156a3       ?getGuardNumber@UnDecorator@@CA?AVDName@@XZ 100166a3 f i libvcruntime:undname.obj
 0001:000156b7       ?getLastChar@DName@@QBEDXZ 100166b7 f i libvcruntime:undname.obj
 0001:000156d7       ?getLastChar@DNameStatusNode@@UBEDXZ 100166d7 f i libvcruntime:undname.obj
 0001:000156e3       ?getLastChar@charNode@@UBEDXZ 100166e3 f i libvcruntime:undname.obj
 0001:000156e7       ?getLastChar@pDNameNode@@UBEDXZ 100166e7 f i libvcruntime:undname.obj
 0001:000156f5       ?getLastChar@pairNode@@UBEDXZ 100166f5 f i libvcruntime:undname.obj
 0001:0001572a       ?getLastChar@pcharNode@@UBEDXZ 1001672a f i libvcruntime:undname.obj
 0001:0001573c       ?getLexicalFrame@UnDecorator@@CA?AVDName@@XZ 1001673c f i libvcruntime:undname.obj
 0001:0001576d       ?getMemberAccess@UnDecorator@@CA?AVDName@@XZ 1001676d f   libvcruntime:undname.obj
 0001:000157dd       ?getMemoryWithBuffer@_HeapManager@@QAEPAXI@Z 100167dd f   libvcruntime:undname.obj
 0001:00015847       ?getMemoryWithoutBuffer@_HeapManager@@QAEPAXI@Z 10016847 f   libvcruntime:undname.obj
 0001:00015867       ?getNoexcept@UnDecorator@@CA?AVDName@@XZ 10016867 f   libvcruntime:undname.obj
 0001:000158af       ?getNumberOfDimensions@UnDecorator@@CAHXZ 100168af f   libvcruntime:undname.obj
 0001:00015911       ?getOperatorName@UnDecorator@@CA?AVDName@@_NPA_N@Z 10016911 f i libvcruntime:undname.obj
 0001:0001613b       ?getPointerToMember@UnDecorator@@CA?AVDName@@XZ 1001713b f   libvcruntime:undname.obj
 0001:000161f7       ?getPointerType@UnDecorator@@CA?AVDName@@ABV2@0@Z 100171f7 f i libvcruntime:undname.obj
 0001:00016212       ?getPointerTypeArray@UnDecorator@@CA?AVDName@@ABV2@0@Z 10017212 f i libvcruntime:undname.obj
 0001:0001622d       ?getPrimaryDataType@UnDecorator@@CA?AVDName@@ABV2@@Z 1001722d f   libvcruntime:undname.obj
 0001:0001647b       ?getPtrRefDataType@UnDecorator@@CA?AVDName@@ABV2@H@Z 1001747b f   libvcruntime:undname.obj
 0001:000165e8       ?getPtrRefType@UnDecorator@@CA?AVDName@@ABV2@0W4IndirectionKind@@@Z 100175e8 f   libvcruntime:undname.obj
 0001:000166f9       ?getReferenceType@UnDecorator@@CA?AVDName@@ABV2@0W4IndirectionKind@@@Z 100176f9 f i libvcruntime:undname.obj
 0001:00016715       ?getRestrictionSpec@UnDecorator@@CA?AVDName@@XZ 10017715 f   libvcruntime:undname.obj
 0001:0001682e       ?getReturnType@UnDecorator@@CA?AVDName@@PAV2@@Z 1001782e f   libvcruntime:undname.obj
 0001:0001685d       ?getScope@UnDecorator@@CA?AVDName@@XZ 1001785d f   libvcruntime:undname.obj
 0001:00016c1b       ?getScopedName@UnDecorator@@CA?AVDName@@XZ 10017c1b f   libvcruntime:undname.obj
 0001:00016d0e       ?getSignedDimension@UnDecorator@@CA?AVDName@@XZ 10017d0e f   libvcruntime:undname.obj
 0001:00016d5f       ?getStorageConvention@UnDecorator@@CA?AVDName@@XZ 10017d5f f i libvcruntime:undname.obj
 0001:00016d70       ?getString@DName@@QBEPADPAD0@Z 10017d70 f i libvcruntime:undname.obj
 0001:00016d9d       ?getString@DName@@QBEPADPADH@Z 10017d9d f i libvcruntime:undname.obj
 0001:00016df2       ?getString@DNameStatusNode@@UBEPADPAD0@Z 10017df2 f i libvcruntime:undname.obj
 0001:00016e39       ?getString@charNode@@UBEPADPAD0@Z 10017e39 f i libvcruntime:undname.obj
 0001:00016e4e       ?getString@pDNameNode@@UBEPADPAD0@Z 10017e4e f i libvcruntime:undname.obj
 0001:00016e65       ?getString@pairNode@@UBEPADPAD0@Z 10017e65 f i libvcruntime:undname.obj
 0001:00016eab       ?getString@pcharNode@@UBEPADPAD0@Z 10017eab f i libvcruntime:undname.obj
 0001:00016ec6       ?getStringEncoding@UnDecorator@@CA?AVDName@@W4PrefixKind@@H@Z 10017ec6 f   libvcruntime:undname.obj
 0001:00016f59       ?getStringHelper@@YAPADPADPBD1H@Z 10017f59 f i libvcruntime:undname.obj
 0001:00016f83       ?getStringObject@UnDecorator@@CA?AVDName@@XZ 10017f83 f   libvcruntime:undname.obj
 0001:00016fce       ?getSymbolName@UnDecorator@@CA?AVDName@@XZ 10017fce f i libvcruntime:undname.obj
 0001:00017016       ?getTemplateArgumentList@UnDecorator@@CA?AVDName@@XZ 10018016 f   libvcruntime:undname.obj
 0001:000171c6       ?getTemplateName@UnDecorator@@CA?AVDName@@_N@Z 100181c6 f   libvcruntime:undname.obj
 0001:00017326       ?getTemplateNonTypeArgument@UnDecorator@@CA?AVDName@@XZ 10018326 f   libvcruntime:undname.obj
 0001:000176ee       ?getTemplateTypeArgument@UnDecorator@@CA?AVDName@@XZ 100186ee f   libvcruntime:undname.obj
 0001:000177ff       ?getThisType@UnDecorator@@CA?AVDName@@XZ 100187ff f i libvcruntime:undname.obj
 0001:0001782e       ?getThrowTypes@UnDecorator@@CA?AVDName@@XZ 1001882e f   libvcruntime:undname.obj
 0001:0001784d       ?getTypeEncoding@UnDecorator@@CAHXZ 1001884d f i libvcruntime:undname.obj
 0001:00017b8d       ?getUndecoratedName@UnDecorator@@QAEPADPADH@Z 10018b8d f i libvcruntime:undname.obj
 0001:00017cac       ?getUnionObject@UnDecorator@@CA?AVDName@@XZ 10018cac f   libvcruntime:undname.obj
 0001:00017d53       ?getVCallThunkType@UnDecorator@@CA?AVDName@@XZ 10018d53 f i libvcruntime:undname.obj
 0001:00017d9d       ?getValue@UnDecorator@@CA?AV?$optional@_K@std@@XZ 10018d9d f   libvcruntime:undname.obj
 0001:00017df4       ?getValueObject@UnDecorator@@CA?AVDName@@XZ 10018df4 f   libvcruntime:undname.obj
 0001:00017eee       ?getVbTableType@UnDecorator@@CA?AVDName@@ABV2@@Z 10018eee f i libvcruntime:undname.obj
 0001:00017f03       ?getVdispMapType@UnDecorator@@CA?AVDName@@ABV2@@Z 10018f03 f i libvcruntime:undname.obj
 0001:00017f64       ?getVfTableType@UnDecorator@@CA?AVDName@@ABV2@@Z 10018f64 f i libvcruntime:undname.obj
 0001:000180b8       ?getZName@UnDecorator@@CA?AVDName@@_N0@Z 100190b8 f   libvcruntime:undname.obj
 0001:000182d1       ?get_current_character_and_increment_buffer@UnDecorator@@CADXZ 100192d1 f i libvcruntime:undname.obj
 0001:000182e5       ?haveTemplateParameters@UnDecorator@@SAHXZ 100192e5 f i libvcruntime:undname.obj
 0001:000182f0       ?increment_buffer@UnDecorator@@CA_NI@Z 100192f0 f i libvcruntime:undname.obj
 0001:00018318       ?increment_buffer_no_check@UnDecorator@@CAXI@Z 10019318 f i libvcruntime:undname.obj
 0001:00018326       ?increment_buffer_no_check@UnDecorator@@CAXXZ 10019326 f i libvcruntime:undname.obj
 0001:0001832d       ?isArray@DName@@QBEHXZ     1001932d f i libvcruntime:undname.obj
 0001:00018337       ?isComArray@DName@@QBEHXZ  10019337 f i libvcruntime:undname.obj
 0001:00018341       ?isEmpty@DName@@QBEHXZ     10019341 f i libvcruntime:undname.obj
 0001:00018349       ?isFull@Replicator@@QBEHXZ 10019349 f i libvcruntime:undname.obj
 0001:00018352       ?isNoTE@DName@@QBEHXZ      10019352 f i libvcruntime:undname.obj
 0001:0001835c       ?isPinPtr@DName@@QBEHXZ    1001935c f i libvcruntime:undname.obj
 0001:00018366       ?isPtrRef@DName@@QBEHXZ    10019366 f i libvcruntime:undname.obj
 0001:00018370       ?isUDC@DName@@QBEHXZ       10019370 f i libvcruntime:undname.obj
 0001:00018381       ?isUDTThunk@DName@@QBEHXZ  10019381 f i libvcruntime:undname.obj
 0001:00018392       ?isVCallThunk@DName@@QBEHXZ 10019392 f i libvcruntime:undname.obj
 0001:0001839c       ?isValid@DName@@QBEHXZ     1001939c f i libvcruntime:undname.obj
 0001:000183a6       ?length@DName@@QBEHXZ      100193a6 f i libvcruntime:undname.obj
 0001:000183c5       ?length@DNameStatusNode@@UBEHXZ 100193c5 f i libvcruntime:undname.obj
 0001:000183c9       ?length@charNode@@UBEHXZ   100193c9 f i libvcruntime:undname.obj
 0001:000183cd       ?length@pDNameNode@@UBEHXZ 100193cd f i libvcruntime:undname.obj
 0001:000183db       ?length@pairNode@@UBEHXZ   100193db f i libvcruntime:undname.obj
 0001:00018424       ?length@pcharNode@@UBEHXZ  10019424 f i libvcruntime:undname.obj
 0001:00018428       ?make@DNameStatusNode@@SAPBV1@W4DNameStatus@@@Z 10019428 f i libvcruntime:undname.obj
 0001:00018444       ?parseDecoratedName@UnDecorator@@CA?AVDName@@XZ 10019444 f   libvcruntime:undname.obj
 0001:0001853f       ?raw_length@DNameStatusNode@@UBEHXZ 1001953f f i libvcruntime:undname.obj
 0001:00018543       ?raw_length@charNode@@UBEHXZ 10019543 f i libvcruntime:undname.obj
 0001:00018547       ?raw_length@pDNameNode@@UBEHXZ 10019547 f i libvcruntime:undname.obj
 0001:0001854b       ?raw_length@pairNode@@UBEHXZ 1001954b f i libvcruntime:undname.obj
 0001:0001854f       ?raw_length@pcharNode@@UBEHXZ 1001954f f i libvcruntime:undname.obj
 0001:00018553       ?setIsArray@DName@@QAEXXZ  10019553 f i libvcruntime:undname.obj
 0001:0001855b       ?setIsComArray@DName@@QAEXXZ 1001955b f i libvcruntime:undname.obj
 0001:00018563       ?setIsNoTE@DName@@QAEXXZ   10019563 f i libvcruntime:undname.obj
 0001:0001856b       ?setIsPinPtr@DName@@QAEXXZ 1001956b f i libvcruntime:undname.obj
 0001:00018573       ?setIsUDC@DName@@QAEXXZ    10019573 f i libvcruntime:undname.obj
 0001:00018580       ?setIsVCallThunk@DName@@QAEXXZ 10019580 f i libvcruntime:undname.obj
 0001:00018588       ?setPtrRef@DName@@QAEAAV1@XZ 10019588 f i libvcruntime:undname.obj
 0001:00018592       ?status@DName@@QBE?AW4DNameStatus@@XZ 10019592 f i libvcruntime:undname.obj
 0001:000185fe       ___unDName                 100195fe f   libvcruntime:undname.obj
 0001:00018621       ___unDNameEx               10019621 f   libvcruntime:undname.obj
 0001:000186c0       __vsprintf_s_l             100196c0 f i libvcruntime:undname.obj
 0001:000186ed       _sprintf_s                 100196ed f i libvcruntime:undname.obj
 0001:00018709       _unDNameGenerateCHPE       10019709 f   libvcruntime:undname.obj
 0001:000187a6       ??$?RU__vcrt_ptd@@@__crt_internal_free_policy@@QBEXQBU__vcrt_ptd@@@Z 100197a6 f i libvcruntime:per_thread_data.obj
 0001:000187b6       ??0?$__crt_unique_heap_ptr@U__vcrt_ptd@@U__crt_internal_free_policy@@@@QAE@QAU__vcrt_ptd@@@Z 100197b6 f i libvcruntime:per_thread_data.obj
 0001:000187d3       ??1?$__crt_unique_heap_ptr@U__vcrt_ptd@@U__crt_internal_free_policy@@@@QAE@XZ 100197d3 f i libvcruntime:per_thread_data.obj
 0001:000187ec       ??B?$__crt_unique_heap_ptr@U__vcrt_ptd@@U__crt_internal_free_policy@@@@QBE_NXZ 100197ec f i libvcruntime:per_thread_data.obj
 0001:000187f3       ?detach@?$__crt_unique_heap_ptr@U__vcrt_ptd@@U__crt_internal_free_policy@@@@QAEPAU__vcrt_ptd@@XZ 100197f3 f i libvcruntime:per_thread_data.obj
 0001:000187f9       ?get@?$__crt_unique_heap_ptr@U__vcrt_ptd@@U__crt_internal_free_policy@@@@QBEPAU__vcrt_ptd@@XZ 100197f9 f i libvcruntime:per_thread_data.obj
 0001:000187fc       ?is_valid@?$__crt_unique_heap_ptr@U__vcrt_ptd@@U__crt_internal_free_policy@@@@QBE_NXZ 100197fc f i libvcruntime:per_thread_data.obj
 0001:00018803       ?release@?$__crt_unique_heap_ptr@U__vcrt_ptd@@U__crt_internal_free_policy@@@@QAEXXZ 10019803 f i libvcruntime:per_thread_data.obj
 0001:0001882d       ___vcrt_freefls@4          1001982d f   libvcruntime:per_thread_data.obj
 0001:00018849       ___vcrt_freeptd            10019849 f   libvcruntime:per_thread_data.obj
 0001:0001887f       ___vcrt_getptd             1001987f f   libvcruntime:per_thread_data.obj
 0001:0001888d       ___vcrt_getptd_noexit      1001988d f   libvcruntime:per_thread_data.obj
 0001:0001891f       ___vcrt_getptd_noinit      1001991f f   libvcruntime:per_thread_data.obj
 0001:00018956       ___vcrt_initialize_ptd     10019956 f   libvcruntime:per_thread_data.obj
 0001:00018989       ___vcrt_uninitialize_ptd   10019989 f   libvcruntime:per_thread_data.obj
 0001:000189a4       ___vcrt_initialize_locks   100199a4 f   libvcruntime:locks.obj
 0001:000189e0       ___vcrt_lock               100199e0 f   libvcruntime:locks.obj
 0001:000189f5       ___vcrt_uninitialize_locks 100199f5 f   libvcruntime:locks.obj
 0001:00018a24       ___vcrt_unlock             10019a24 f   libvcruntime:locks.obj
 0001:00018a40       __global_unwind2           10019a40 f   libvcruntime:exsup.obj
 0001:00018ac0       __local_unwind2            10019ac0 f   libvcruntime:exsup.obj
 0001:00018b60       __abnormal_termination     10019b60 f   libvcruntime:exsup.obj
 0001:00018b90       __NLG_Notify1              10019b90 f   libvcruntime:exsup.obj
 0001:00018ba0       __NLG_Notify               10019ba0 f   libvcruntime:exsup.obj
 0001:00018bb7       __NLG_Dispatch             10019bb7     libvcruntime:exsup.obj
 0001:00018bb7       __NLG_Dispatch2            10019bb7     libvcruntime:exsup.obj
 0001:00018bc0       __NLG_Call                 10019bc0 f   libvcruntime:exsup.obj
 0001:00018bc2       __NLG_Return2              10019bc2     libvcruntime:exsup.obj
 0001:00018bc3       ??$__crt_interlocked_exchange_pointer@$$A6AXXZP6AXXZ@@YAP6AXXZPDS6AXXZQ6AXXZ@Z 10019bc3 f i libvcruntime:purevirt.obj
 0001:00018bd0       ??$__crt_interlocked_read_pointer@$$A6AXXZ@@YAP6AXXZPDS6AXXZ@Z 10019bd0 f i libvcruntime:purevirt.obj
 0001:00018bdb       __get_purecall_handler     10019bdb f   libvcruntime:purevirt.obj
 0001:00018be2       __purecall                 10019be2 f   libvcruntime:purevirt.obj
 0001:00018bfe       __set_purecall_handler     10019bfe f   libvcruntime:purevirt.obj
 0001:00018c0d       ??$?0AAViterator@TryBlockMap@__FrameHandler3@@AAV012@$0A@@?$pair@Viterator@TryBlockMap@__FrameHandler3@@V123@@std@@QAE@AAViterator@TryBlockMap@__FrameHandler3@@0@Z 10019c0d f i libvcruntime:trnsctrl.obj
 0001:00018c31       ??$forward@AAViterator@TryBlockMap@__FrameHandler3@@@std@@YAAAViterator@TryBlockMap@__FrameHandler3@@AAV123@@Z 10019c31 f i libvcruntime:trnsctrl.obj
 0001:00018c39       ??0iterator@TryBlockMap@__FrameHandler3@@QAE@AAV12@I@Z 10019c39 f i libvcruntime:trnsctrl.obj
 0001:00018c4d       ?GetRangeOfTrysToCheck@__FrameHandler3@@SA?AU?$pair@Viterator@TryBlockMap@__FrameHandler3@@V123@@std@@AAVTryBlockMap@1@HPAXPBU_s_FuncInfo@@H@Z 10019c4d f   libvcruntime:trnsctrl.obj
 0001:00018cbd       ?_CallCatchBlock2@@YAPAXPAUEHRegistrationNode@@PBU_s_FuncInfo@@PAXHK@Z 10019cbd f   libvcruntime:trnsctrl.obj
 0001:00018d1a       ?_CallSETranslator@@YAHPAUEHExceptionRecord@@PAUEHRegistrationNode@@PAX2PBU_s_FuncInfo@@H1@Z 10019d1a f   libvcruntime:trnsctrl.obj
 0001:00018e10       ?_JumpToContinuation@@YGXPAXPAUEHRegistrationNode@@@Z 10019e10 f   libvcruntime:trnsctrl.obj
 0001:00018e40       ?_UnwindNestedFrames@@YGXPAUEHRegistrationNode@@PAUEHExceptionRecord@@@Z 10019e40 f   libvcruntime:trnsctrl.obj
 0001:00018e93       __CatchGuardHandler        10019e93 f   libvcruntime:trnsctrl.obj
 0001:00018ec4       __CreateFrameInfo          10019ec4 f   libvcruntime:trnsctrl.obj
 0001:00018ee8       __FindAndUnlinkFrame       10019ee8 f   libvcruntime:trnsctrl.obj
 0001:00018f30       __TranslatorGuardHandler   10019f30 f   libvcruntime:trnsctrl.obj
 0001:00018fcd       ___CxxFrameHandler         10019fcd f   libvcruntime:trnsctrl.obj
 0001:00019003       ___CxxFrameHandler2        1001a003 f   libvcruntime:trnsctrl.obj
 0001:00019039       ___CxxFrameHandler3        1001a039 f   libvcruntime:trnsctrl.obj
 0001:0001906f       ___CxxLongjmpUnwind@4      1001a06f f   libvcruntime:trnsctrl.obj
 0001:000190a0       _memcpy                    1001a0a0 f   libvcruntime:memcpy.obj
 0001:00019614       ??$__crt_interlocked_exchange_pointer@UHINSTANCE__@@PAU1@@@YAPAUHINSTANCE__@@PDSAU0@QAU0@@Z 1001a614 f i libvcruntime:winapi_downlevel.obj
 0001:00019621       ??$__crt_interlocked_exchange_pointer@UHINSTANCE__@@PAX@@YAPAUHINSTANCE__@@PDSAU0@QAX@Z 1001a621 f i libvcruntime:winapi_downlevel.obj
 0001:0001962e       ??$__crt_interlocked_exchange_pointer@XPAX@@YAPAXPDSAXQAX@Z 1001a62e f i libvcruntime:winapi_downlevel.obj
 0001:0001963b       ??$__crt_interlocked_read_pointer@UHINSTANCE__@@@@YAPAUHINSTANCE__@@PDSAU0@@Z 1001a63b f i libvcruntime:winapi_downlevel.obj
 0001:00019646       ??$__crt_interlocked_read_pointer@X@@YAPAXPDSAX@Z 1001a646 f i libvcruntime:winapi_downlevel.obj
 0001:000198d2       ___vcrt_FlsAlloc           1001a8d2 f   libvcruntime:winapi_downlevel.obj
 0001:0001990d       ___vcrt_FlsFree            1001a90d f   libvcruntime:winapi_downlevel.obj
 0001:00019948       ___vcrt_FlsGetValue        1001a948 f   libvcruntime:winapi_downlevel.obj
 0001:00019983       ___vcrt_FlsSetValue        1001a983 f   libvcruntime:winapi_downlevel.obj
 0001:000199c1       ___vcrt_InitializeCriticalSectionEx 1001a9c1 f   libvcruntime:winapi_downlevel.obj
 0001:0001a13a       ??$TypeMatchHelper@V__FrameHandler3@@@@YAHPBU_s_HandlerType@@PBU_s_CatchableType@@PBU_s_ThrowInfo@@@Z 1001b13a f i libvcruntime:frame.obj
 0001:0001a1c8       ??$__InternalCxxFrameHandler@V__FrameHandler3@@@@YA?AW4_EXCEPTION_DISPOSITION@@PAUEHExceptionRecord@@PAUEHRegistrationNode@@PAU_CONTEXT@@PAXPBU_s_FuncInfo@@H1E@Z 1001b1c8 f i libvcruntime:frame.obj
 0001:0001a2ca       ??$__InternalCxxFrameHandlerWrapper@V__FrameHandler3@@@@YA?AW4_EXCEPTION_DISPOSITION@@PAUEHExceptionRecord@@PAUEHRegistrationNode@@PAU_CONTEXT@@PAXPBU_s_FuncInfo@@H1E@Z 1001b2ca f i libvcruntime:frame.obj
 0001:0001a2d3       ??0HandlerMap@__FrameHandler3@@QAE@PBU_s_TryBlockMapEntry@@II@Z 1001b2d3 f i libvcruntime:frame.obj
 0001:0001a2ea       ??0TryBlockMap@__FrameHandler3@@QAE@PBU_s_FuncInfo@@I@Z 1001b2ea f i libvcruntime:frame.obj
 0001:0001a2fe       ??0bad_exception@std@@QAE@ABV01@@Z 1001b2fe f i libvcruntime:frame.obj
 0001:0001a319       ??0bad_exception@std@@QAE@XZ 1001b319 f i libvcruntime:frame.obj
 0001:0001a331       ??0exception@std@@QAE@ABV01@@Z 1001b331 f i libvcruntime:frame.obj
 0001:0001a35d       ??0exception@std@@QAE@QBDH@Z 1001b35d f i libvcruntime:frame.obj
 0001:0001a37a       ??0iterator@HandlerMap@__FrameHandler3@@QAE@AAV12@I@Z 1001b37a f i libvcruntime:frame.obj
 0001:0001a38e       ??1bad_exception@std@@UAE@XZ 1001b38e f i libvcruntime:frame.obj
 0001:0001a39f       ??1exception@std@@UAE@XZ   1001b39f f i libvcruntime:frame.obj
 0001:0001a3b0       ??8iterator@HandlerMap@__FrameHandler3@@QBE_NABV012@@Z 1001b3b0 f i libvcruntime:frame.obj
 0001:0001a3c3       ??8type_info@@QBE_NABV0@@Z 1001b3c3 f i libvcruntime:frame.obj
 0001:0001a3e2       ??9iterator@HandlerMap@__FrameHandler3@@QBE_NABV012@@Z 1001b3e2 f i libvcruntime:frame.obj
 0001:0001a3f5       ??Diterator@HandlerMap@__FrameHandler3@@QAE?BU_s_HandlerType@@XZ 1001b3f5 f i libvcruntime:frame.obj
 0001:0001a414       ??Diterator@TryBlockMap@__FrameHandler3@@QAE?BU_s_TryBlockMapEntry@@XZ 1001b414 f i libvcruntime:frame.obj
 0001:0001a436       ??Eiterator@HandlerMap@__FrameHandler3@@QAEAAV012@XZ 1001b436 f i libvcruntime:frame.obj
 0001:0001a43c       ??Eiterator@TryBlockMap@__FrameHandler3@@QAEAAV012@XZ 1001b43c f i libvcruntime:frame.obj
 0001:0001a442       ??Miterator@TryBlockMap@__FrameHandler3@@QBE_NABV012@@Z 1001b442 f i libvcruntime:frame.obj
 0001:0001a455       ??_Ebad_exception@std@@UAEPAXI@Z 1001b455 f i libvcruntime:frame.obj
 0001:0001a455       ??_Gbad_exception@std@@UAEPAXI@Z 1001b455 f i libvcruntime:frame.obj
 0001:0001a482       ??_Eexception@std@@UAEPAXI@Z 1001b482 f i libvcruntime:frame.obj
 0001:0001a482       ??_Gexception@std@@UAEPAXI@Z 1001b482 f i libvcruntime:frame.obj
 0001:0001a4af       ?BuildCatchObject@__FrameHandler3@@SAXPAUEHExceptionRecord@@PAXPBU_s_HandlerType@@PBU_s_CatchableType@@@Z 1001b4af f   libvcruntime:frame.obj
 0001:0001a4b4       ?BuildCatchObjectHelper@__FrameHandler3@@SAHPAUEHExceptionRecord@@PAXPBU_s_HandlerType@@PBU_s_CatchableType@@@Z 1001b4b4 f   libvcruntime:frame.obj
 0001:0001a715       ?FrameUnwindToEmptyState@__FrameHandler3@@SAXPAUEHRegistrationNode@@PAXPBU_s_FuncInfo@@@Z 1001b715 f   libvcruntime:frame.obj
 0001:0001a72d       ?FrameUnwindToState@__FrameHandler3@@SAXPAUEHRegistrationNode@@PAXPBU_s_FuncInfo@@H@Z 1001b72d f   libvcruntime:frame.obj
 0001:0001a815       ?GetMaxState@__FrameHandler3@@SAHPAXPBU_s_FuncInfo@@@Z 1001b815 f i libvcruntime:frame.obj
 0001:0001a8f3       ?TypeMatch@__FrameHandler3@@SAHPBU_s_HandlerType@@PBU_s_CatchableType@@PBU_s_ThrowInfo@@@Z 1001b8f3 f   libvcruntime:frame.obj
 0001:0001a8fc       ?_CallMemberFunction1@@YGXQAX00@Z 1001b8fc f i libvcruntime:frame.obj
 0001:0001a90c       ?_CallMemberFunction2@@YGXQAX00H@Z 1001b90c f i libvcruntime:frame.obj
 0001:0001a91f       ?begin@HandlerMap@__FrameHandler3@@QAE?AViterator@12@XZ 1001b91f f i libvcruntime:frame.obj
 0001:0001a92f       ?end@HandlerMap@__FrameHandler3@@QAE?AViterator@12@XZ 1001b92f f i libvcruntime:frame.obj
 0001:0001a940       ?getESTypes@__FrameHandler3@@SAPBU_s_ESTypeList@@PBU_s_FuncInfo@@@Z 1001b940 f i libvcruntime:frame.obj
 0001:0001a94b       ?getLastEntry@HandlerMap@__FrameHandler3@@QAEPBU_s_HandlerType@@XZ 1001b94b f i libvcruntime:frame.obj
 0001:0001a959       ?getMagicNum@__FrameHandler3@@SAIPBU_s_FuncInfo@@@Z 1001b959 f i libvcruntime:frame.obj
 0001:0001a968       ?getNumTryBlocks@TryBlockMap@__FrameHandler3@@QAEIXZ 1001b968 f i libvcruntime:frame.obj
 0001:0001a96e       ?isEHs@__FrameHandler3@@SA_NPBU_s_FuncInfo@@@Z 1001b96e f i libvcruntime:frame.obj
 0001:0001a97b       ?isNoExcept@__FrameHandler3@@SA_NPBU_s_FuncInfo@@@Z 1001b97b f i libvcruntime:frame.obj
 0001:0001a98b       ?what@exception@std@@UBEPBDXZ 1001b98b f i libvcruntime:frame.obj
 0001:0001a998       ___BuildCatchObject        1001b998 f   libvcruntime:frame.obj
 0001:0001a99d       ___BuildCatchObjectHelper  1001b99d f   libvcruntime:frame.obj
 0001:0001a9a6       ___TypeMatch               1001b9a6 f   libvcruntime:frame.obj
 0001:0001a9af       ___vcrt_EncodePointer      1001b9af f i libvcruntime:frame.obj
 0001:0001a9c0       __CallSettingFrame@12      1001b9c0 f   libvcruntime:lowhelpr.obj
 0001:0001a9e7       __NLG_Return               1001b9e7     libvcruntime:lowhelpr.obj
 0001:0001aa20       __get_unexpected           1001ba20 f   libvcruntime:unexpected.obj
 0001:0001aa32       _set_unexpected            1001ba32 f   libvcruntime:unexpected.obj
 0001:0001aa50       _unexpected                1001ba50 f   libvcruntime:unexpected.obj
 0001:0001aa6d       ?GetCurrentState@__FrameHandler3@@SAHPAUEHRegistrationNode@@PAXPBU_s_FuncInfo@@@Z 1001ba6d f   libvcruntime:ehstate.obj
 0001:0001aa8a       ?SetState@__FrameHandler3@@SAXPAUEHRegistrationNode@@PBU_s_FuncInfo@@H@Z 1001ba8a f   libvcruntime:ehstate.obj
 0001:0001aa98       ??$?RD@__crt_public_free_policy@@QBEXQBD@Z 1001ba98 f i libvcruntime:std_exception.obj
 0001:0001aaa8       ??0?$__crt_unique_heap_ptr@DU__crt_public_free_policy@@@@QAE@QAD@Z 1001baa8 f i libvcruntime:std_exception.obj
 0001:0001aab6       ??1?$__crt_unique_heap_ptr@DU__crt_public_free_policy@@@@QAE@XZ 1001bab6 f i libvcruntime:std_exception.obj
 0001:0001aac6       ??B?$__crt_unique_heap_ptr@DU__crt_public_free_policy@@@@QBE_NXZ 1001bac6 f i libvcruntime:std_exception.obj
 0001:0001aacd       ?detach@?$__crt_unique_heap_ptr@DU__crt_public_free_policy@@@@QAEPADXZ 1001bacd f i libvcruntime:std_exception.obj
 0001:0001aad3       ?get@?$__crt_unique_heap_ptr@DU__crt_public_free_policy@@@@QBEPADXZ 1001bad3 f i libvcruntime:std_exception.obj
 0001:0001aad6       ?is_valid@?$__crt_unique_heap_ptr@DU__crt_public_free_policy@@@@QBE_NXZ 1001bad6 f i libvcruntime:std_exception.obj
 0001:0001aadd       ?release@?$__crt_unique_heap_ptr@DU__crt_public_free_policy@@@@QAEXXZ 1001badd f i libvcruntime:std_exception.obj
 0001:0001aaed       ___std_exception_copy      1001baed f   libvcruntime:std_exception.obj
 0001:0001ab50       ___std_exception_destroy   1001bb50 f   libvcruntime:std_exception.obj
 0001:0001ab6f       __CxxThrowException@8      1001bb6f f   libvcruntime:throw.obj
 0001:0001abe0       _memmove                   1001bbe0 f   libvcruntime:memmove.obj
 0001:0001b462       ??0?$cached@H@__crt_cached_ptd_host@@QAE@XZ 1001c462 f i libucrt:lseek.obj
 0001:0001b469       ??0?$cached@K@__crt_cached_ptd_host@@QAE@XZ 1001c469 f i libucrt:lseek.obj
 0001:0001b470       ??0__crt_cached_ptd_host@@QAE@QAU__crt_locale_pointers@@@Z 1001c470 f i libucrt:lseek.obj
 0001:0001b4b8       ??0__crt_scoped_get_last_error_reset@@QAE@XZ 1001c4b8 f i libucrt:lseek.obj
 0001:0001b4c9       ??1__crt_cached_ptd_host@@QAE@XZ 1001c4c9 f i libucrt:lseek.obj
 0001:0001b505       ??1__crt_scoped_get_last_error_reset@@QAE@XZ 1001c505 f i libucrt:lseek.obj
 0001:0001b50e       ?check_synchronize_global_state_index@__crt_cached_ptd_host@@AAEIABV__crt_scoped_get_last_error_reset@@@Z 1001c50e f i libucrt:lseek.obj
 0001:0001b526       ?check_synchronize_per_thread_data@__crt_cached_ptd_host@@AAEPAU__acrt_ptd@@XZ 1001c526 f i libucrt:lseek.obj
 0001:0001b60d       ?force_synchronize_global_state_index@__crt_cached_ptd_host@@AAEIABV__crt_scoped_get_last_error_reset@@@Z 1001c60d f i libucrt:lseek.obj
 0001:0001b61a       ?force_synchronize_per_thread_data@__crt_cached_ptd_host@@AAEPAU__acrt_ptd@@XZ 1001c61a f i libucrt:lseek.obj
 0001:0001b660       ?get_current_state_index@__crt_state_management@@YAIABV__crt_scoped_get_last_error_reset@@@Z 1001c660 f i libucrt:lseek.obj
 0001:0001b663       ?get_doserrno@__crt_cached_ptd_host@@QAEAAU?$cached@K@1@XZ 1001c663 f i libucrt:lseek.obj
 0001:0001b667       ?get_errno@__crt_cached_ptd_host@@QAEAAU?$cached@H@1@XZ 1001c667 f i libucrt:lseek.obj
 0001:0001b66b       ?get_raw_ptd@__crt_cached_ptd_host@@QAEPAU__acrt_ptd@@XZ 1001c66b f i libucrt:lseek.obj
 0001:0001b688       ?set@?$cached@H@__crt_cached_ptd_host@@QAEHH@Z 1001c688 f i libucrt:lseek.obj
 0001:0001b69a       ?set@?$cached@K@__crt_cached_ptd_host@@QAEKK@Z 1001c69a f i libucrt:lseek.obj
 0001:0001b6ac       ?unsafe_value@?$cached@H@__crt_cached_ptd_host@@QAEHXZ 1001c6ac f i libucrt:lseek.obj
 0001:0001b6af       ?unsafe_value@?$cached@K@__crt_cached_ptd_host@@QAEKXZ 1001c6af f i libucrt:lseek.obj
 0001:0001b6b2       ?valid@?$cached@H@__crt_cached_ptd_host@@QBE_NXZ 1001c6b2 f i libucrt:lseek.obj
 0001:0001b6b6       ?valid@?$cached@K@__crt_cached_ptd_host@@QBE_NXZ 1001c6b6 f i libucrt:lseek.obj
 0001:0001b6ba       ___acrt_enable_global_locale_sync 1001c6ba f i libucrt:lseek.obj
 0001:0001b6cf       ___acrt_locale_changed     1001c6cf f i libucrt:lseek.obj
 0001:0001b6da       __lseek                    1001c6da f   libucrt:lseek.obj
 0001:0001b711       __lseek_internal           1001c711 f   libucrt:lseek.obj
 0001:0001b71c       __lseek_nolock             1001c71c f   libucrt:lseek.obj
 0001:0001b753       __lseek_nolock_internal    1001c753 f   libucrt:lseek.obj
 0001:0001b75e       __lseeki64                 1001c75e f   libucrt:lseek.obj
 0001:0001b79e       __lseeki64_internal        1001c79e f   libucrt:lseek.obj
 0001:0001b7bc       __lseeki64_nolock          1001c7bc f   libucrt:lseek.obj
 0001:0001b7fc       __lseeki64_nolock_internal 1001c7fc f   libucrt:lseek.obj
 0001:0001b81a       ??$__acrt_convert_wcs_mbs_cp@D_WV<lambda_62f6974d9771e494a5ea317cc32e971c>@@U__crt_win32_buffer_internal_dynamic_resizing@@@@YAHQBDAAV?$__crt_win32_buffer@_WU__crt_win32_buffer_internal_dynamic_resizing@@@@ABV<lambda_62f6974d9771e494a5ea317cc32e971c>@@I@Z 1001c81a f i libucrt:open.obj
 0001:0001b8cc       ??$__acrt_mbs_to_wcs_cp@U__crt_win32_buffer_internal_dynamic_resizing@@@@YAHQBDAAV?$__crt_win32_buffer@_WU__crt_win32_buffer_internal_dynamic_resizing@@@@I@Z 1001c8cc f i libucrt:open.obj
 0001:0001bbd3       ??$tsopen_nolock@PAHABQAHABQBDABHABHABHABH@?$__crt_char_traits@D@@SAH$$QAPAHABQAHABQBDABH333@Z 1001cbd3 f i libucrt:open.obj
 0001:0001bc05       ??$tsopen_nolock@PAHABQAHABQB_WABHABHABHABH@?$__crt_char_traits@_W@@SAH$$QAPAHABQAHABQB_WABH333@Z 1001cc05 f i libucrt:open.obj
 0001:0001bc37       ??$tsopen_nolock@PAHPAHABQBDABHHABHH@?$__crt_char_traits@D@@SAH$$QAPAH0ABQBDABH$$QAH23@Z 1001cc37 f i libucrt:open.obj
 0001:0001bc69       ??$tsopen_nolock@PAHPAHABQB_WABHHABHH@?$__crt_char_traits@_W@@SAH$$QAPAH0ABQB_WABH$$QAH23@Z 1001cc69 f i libucrt:open.obj
 0001:0001bc9b       ??0?$__crt_win32_buffer@_WU__crt_win32_buffer_internal_dynamic_resizing@@@@QAE@XZ 1001cc9b f i libucrt:open.obj
 0001:0001bcb1       ??0_LocaleUpdate@@QAE@QAU__crt_locale_pointers@@@Z 1001ccb1 f i libucrt:open.obj
 0001:0001bd33       ??1?$__crt_win32_buffer@_WU__crt_win32_buffer_internal_dynamic_resizing@@@@QAE@XZ 1001cd33 f i libucrt:open.obj
 0001:0001bd38       ??1_LocaleUpdate@@QAE@XZ   1001cd38 f i libucrt:open.obj
 0001:0001bd48       ??R<lambda_62f6974d9771e494a5ea317cc32e971c>@@QBEHIQBDQA_WI@Z 1001cd48 f i libucrt:open.obj
 0001:0001bd69       ?GetLocaleT@_LocaleUpdate@@QAEPAU__crt_locale_pointers@@XZ 1001cd69 f i libucrt:open.obj
 0001:0001bd6d       ?__acrt_get_utf8_acp_compatibility_codepage@@YAIXZ 1001cd6d f i libucrt:open.obj
 0001:0001bdac       ?_deallocate@?$__crt_win32_buffer@_WU__crt_win32_buffer_internal_dynamic_resizing@@@@AAEXXZ 1001cdac f i libucrt:open.obj
 0001:0001bdc6       ?allocate@?$__crt_win32_buffer@_WU__crt_win32_buffer_internal_dynamic_resizing@@@@QAEHI@Z 1001cdc6 f i libucrt:open.obj
 0001:0001be05       ?allocate@__crt_win32_buffer_internal_dynamic_resizing@@SAHQAPAXIABV__crt_win32_buffer_empty_debug_info@@@Z 1001ce05 f i libucrt:open.obj
 0001:0001be24       ?capacity@?$__crt_win32_buffer@_WU__crt_win32_buffer_internal_dynamic_resizing@@@@QBEIXZ 1001ce24 f i libucrt:open.obj
 0001:0001c09b       ?data@?$__crt_win32_buffer@_WU__crt_win32_buffer_internal_dynamic_resizing@@@@QAEPA_WXZ 1001d09b f i libucrt:open.obj
 0001:0001c09f       ?deallocate@__crt_win32_buffer_internal_dynamic_resizing@@SAXQAXABV__crt_win32_buffer_empty_debug_info@@@Z 1001d09f f i libucrt:open.obj
 0001:0001c0af       ?debug_info@?$__crt_win32_buffer@_WU__crt_win32_buffer_internal_dynamic_resizing@@@@QBEABV__crt_win32_buffer_empty_debug_info@@XZ 1001d0af f i libucrt:open.obj
 0001:0001c388       ?set_to_nullptr@?$__crt_win32_buffer@_WU__crt_win32_buffer_internal_dynamic_resizing@@@@QAEXXZ 1001d388 f i libucrt:open.obj
 0001:0001c39f       ?size@?$__crt_win32_buffer@_WU__crt_win32_buffer_internal_dynamic_resizing@@@@QAEXI@Z 1001d39f f i libucrt:open.obj
 0001:0001c458       ___acrt_disable_global_locale_sync 1001d458 f i libucrt:open.obj
 0001:0001c46b       __invoke_watson_if_error   1001d46b f i libucrt:open.obj
 0001:0001c48d       __open                     1001d48d f   libucrt:open.obj
 0001:0001c4a5       __sopen                    1001d4a5 f   libucrt:open.obj
 0001:0001c4d8       __sopen_dispatch           1001d4d8 f   libucrt:open.obj
 0001:0001c4e3       __sopen_nolock             1001d4e3 f   libucrt:open.obj
 0001:0001c551       __sopen_s                  1001d551 f   libucrt:open.obj
 0001:0001c571       __wopen                    1001d571 f   libucrt:open.obj
 0001:0001c589       __wsopen                   1001d589 f   libucrt:open.obj
 0001:0001c5bc       __wsopen_dispatch          1001d5bc f   libucrt:open.obj
 0001:0001c5c7       __wsopen_nolock            1001d5c7 f   libucrt:open.obj
 0001:0001c8f1       __wsopen_s                 1001d8f1 f   libucrt:open.obj
 0001:0001cc96       ?get_locale@__crt_cached_ptd_host@@QAEPAU__crt_locale_pointers@@XZ 1001dc96 f i libucrt:wcstombs.obj
 0001:0001ccab       ?update_locale@__crt_cached_ptd_host@@AAEXXZ 1001dcab f i libucrt:wcstombs.obj
 0001:0001ccb6       ?update_locale_slow@__crt_cached_ptd_host@@AAEXXZ 1001dcb6 f i libucrt:wcstombs.obj
 0001:0001cd0f       ?value_or@?$cached@H@__crt_cached_ptd_host@@QBEHH@Z 1001dd0f f i libucrt:wcstombs.obj
 0001:0001cd53       __wcstombs_l               1001dd53 f   libucrt:wcstombs.obj
 0001:0001cd8b       __wcstombs_s_l             1001dd8b f   libucrt:wcstombs.obj
 0001:0001cdc9       _wcstombs                  1001ddc9 f   libucrt:wcstombs.obj
 0001:0001ce00       _wcstombs_s                1001de00 f   libucrt:wcstombs.obj
 0001:0001ce3d       ??$?0ABV?$stream_output_adapter@D@__crt_stdio_output@@AB_KABQBDAAV__crt_cached_ptd_host@@ABQAD@?$format_validation_base@DV?$stream_output_adapter@D@__crt_stdio_output@@@__crt_stdio_output@@IAE@ABV?$stream_output_adapter@D@1@AB_KABQBDAAV__crt_cached_ptd_host@@ABQAD@Z 1001de3d f i libucrt:output.obj
 0001:0001ce60       ??$?0ABV?$stream_output_adapter@D@__crt_stdio_output@@AB_KABQBDAAV__crt_cached_ptd_host@@ABQAD@?$positional_parameter_base@DV?$stream_output_adapter@D@__crt_stdio_output@@@__crt_stdio_output@@IAE@ABV?$stream_output_adapter@D@1@AB_KABQBDAAV__crt_cached_ptd_host@@ABQAD@Z 1001de60 f i libucrt:output.obj
 0001:0001cea8       ??$?0ABV?$stream_output_adapter@D@__crt_stdio_output@@AB_KABQBDAAV__crt_cached_ptd_host@@ABQAD@?$standard_base@DV?$stream_output_adapter@D@__crt_stdio_output@@@__crt_stdio_output@@IAE@ABV?$stream_output_adapter@D@1@AB_KABQBDAAV__crt_cached_ptd_host@@ABQAD@Z 1001dea8 f i libucrt:output.obj
 0001:0001cedb       ??$?0ABV?$stream_output_adapter@_W@__crt_stdio_output@@AB_KABQB_WAAV__crt_cached_ptd_host@@ABQAD@?$format_validation_base@_WV?$stream_output_adapter@_W@__crt_stdio_output@@@__crt_stdio_output@@IAE@ABV?$stream_output_adapter@_W@1@AB_KABQB_WAAV__crt_cached_ptd_host@@ABQAD@Z 1001dedb f i libucrt:output.obj
 0001:0001cefe       ??$?0ABV?$stream_output_adapter@_W@__crt_stdio_output@@AB_KABQB_WAAV__crt_cached_ptd_host@@ABQAD@?$positional_parameter_base@_WV?$stream_output_adapter@_W@__crt_stdio_output@@@__crt_stdio_output@@IAE@ABV?$stream_output_adapter@_W@1@AB_KABQB_WAAV__crt_cached_ptd_host@@ABQAD@Z 1001defe f i libucrt:output.obj
 0001:0001cf46       ??$?0ABV?$stream_output_adapter@_W@__crt_stdio_output@@AB_KABQB_WAAV__crt_cached_ptd_host@@ABQAD@?$standard_base@_WV?$stream_output_adapter@_W@__crt_stdio_output@@@__crt_stdio_output@@IAE@ABV?$stream_output_adapter@_W@1@AB_KABQB_WAAV__crt_cached_ptd_host@@ABQAD@Z 1001df46 f i libucrt:output.obj
 0001:0001cf79       ??$?0ABV?$string_output_adapter@D@__crt_stdio_output@@AB_KABQBDAAV__crt_cached_ptd_host@@ABQAD@?$format_validation_base@DV?$string_output_adapter@D@__crt_stdio_output@@@__crt_stdio_output@@IAE@ABV?$string_output_adapter@D@1@AB_KABQBDAAV__crt_cached_ptd_host@@ABQAD@Z 1001df79 f i libucrt:output.obj
 0001:0001cf9c       ??$?0ABV?$string_output_adapter@D@__crt_stdio_output@@AB_KABQBDAAV__crt_cached_ptd_host@@ABQAD@?$positional_parameter_base@DV?$string_output_adapter@D@__crt_stdio_output@@@__crt_stdio_output@@IAE@ABV?$string_output_adapter@D@1@AB_KABQBDAAV__crt_cached_ptd_host@@ABQAD@Z 1001df9c f i libucrt:output.obj
 0001:0001cfe4       ??$?0ABV?$string_output_adapter@D@__crt_stdio_output@@AB_KABQBDAAV__crt_cached_ptd_host@@ABQAD@?$standard_base@DV?$string_output_adapter@D@__crt_stdio_output@@@__crt_stdio_output@@IAE@ABV?$string_output_adapter@D@1@AB_KABQBDAAV__crt_cached_ptd_host@@ABQAD@Z 1001dfe4 f i libucrt:output.obj
 0001:0001d017       ??$?0ABV?$string_output_adapter@_W@__crt_stdio_output@@AB_KABQB_WAAV__crt_cached_ptd_host@@ABQAD@?$format_validation_base@_WV?$string_output_adapter@_W@__crt_stdio_output@@@__crt_stdio_output@@IAE@ABV?$string_output_adapter@_W@1@AB_KABQB_WAAV__crt_cached_ptd_host@@ABQAD@Z 1001e017 f i libucrt:output.obj
 0001:0001d03a       ??$?0ABV?$string_output_adapter@_W@__crt_stdio_output@@AB_KABQB_WAAV__crt_cached_ptd_host@@ABQAD@?$positional_parameter_base@_WV?$string_output_adapter@_W@__crt_stdio_output@@@__crt_stdio_output@@IAE@ABV?$string_output_adapter@_W@1@AB_KABQB_WAAV__crt_cached_ptd_host@@ABQAD@Z 1001e03a f i libucrt:output.obj
 0001:0001d082       ??$?0ABV?$string_output_adapter@_W@__crt_stdio_output@@AB_KABQB_WAAV__crt_cached_ptd_host@@ABQAD@?$standard_base@_WV?$string_output_adapter@_W@__crt_stdio_output@@@__crt_stdio_output@@IAE@ABV?$string_output_adapter@_W@1@AB_KABQB_WAAV__crt_cached_ptd_host@@ABQAD@Z 1001e082 f i libucrt:output.obj
 0001:0001d3bb       ??$__crt_interlocked_read@J@@YAJPDJ@Z 1001e3bb f i libucrt:output.obj
 0001:0001d3c8       ??$_tcstol_internal@DPAPAD$0A@@@YAJAAV__crt_cached_ptd_host@@QBDQAPADH@Z 1001e3c8 f i libucrt:output.obj
 0001:0001d3f3       ??$_tcstol_internal@_WPAPA_W$0A@@@YAJAAV__crt_cached_ptd_host@@QB_WQAPA_WH@Z 1001e3f3 f i libucrt:output.obj
 0001:0001e34d       ??$count@D@formatting_buffer@__crt_stdio_output@@QBEIXZ 1001f34d f i libucrt:output.obj
 0001:0001e365       ??$count@_W@formatting_buffer@__crt_stdio_output@@QBEIXZ 1001f365 f i libucrt:output.obj
 0001:0001e37e       ??$data@D@formatting_buffer@__crt_stdio_output@@QAEPADXZ 1001f37e f i libucrt:output.obj
 0001:0001e38b       ??$data@_W@formatting_buffer@__crt_stdio_output@@QAEPA_WXZ 1001f38b f i libucrt:output.obj
 0001:0001e398       ??$ensure_buffer_is_big_enough@D@formatting_buffer@__crt_stdio_output@@QAE_NIAAV__crt_cached_ptd_host@@@Z 1001f398 f i libucrt:output.obj
 0001:0001e419       ??$ensure_buffer_is_big_enough@_W@formatting_buffer@__crt_stdio_output@@QAE_NIAAV__crt_cached_ptd_host@@@Z 1001f419 f i libucrt:output.obj
 0001:0001e49b       ??$extract_argument_from_va_list@C_J@?$positional_parameter_base@DV?$stream_output_adapter@D@__crt_stdio_output@@@__crt_stdio_output@@IAE_NAA_J@Z 1001f49b f i libucrt:output.obj
 0001:0001e523       ??$extract_argument_from_va_list@C_J@?$positional_parameter_base@DV?$string_output_adapter@D@__crt_stdio_output@@@__crt_stdio_output@@IAE_NAA_J@Z 1001f523 f i libucrt:output.obj
 0001:0001e5ab       ??$extract_argument_from_va_list@C_J@?$positional_parameter_base@_WV?$stream_output_adapter@_W@__crt_stdio_output@@@__crt_stdio_output@@IAE_NAA_J@Z 1001f5ab f i libucrt:output.obj
 0001:0001e634       ??$extract_argument_from_va_list@C_J@?$positional_parameter_base@_WV?$string_output_adapter@_W@__crt_stdio_output@@@__crt_stdio_output@@IAE_NAA_J@Z 1001f634 f i libucrt:output.obj
 0001:0001e6bd       ??$extract_argument_from_va_list@C_J@?$standard_base@DV?$stream_output_adapter@D@__crt_stdio_output@@@__crt_stdio_output@@IAE_NAA_J@Z 1001f6bd f i libucrt:output.obj
 0001:0001e6dc       ??$extract_argument_from_va_list@C_J@?$standard_base@DV?$string_output_adapter@D@__crt_stdio_output@@@__crt_stdio_output@@IAE_NAA_J@Z 1001f6dc f i libucrt:output.obj
 0001:0001e6fb       ??$extract_argument_from_va_list@C_J@?$standard_base@_WV?$stream_output_adapter@_W@__crt_stdio_output@@@__crt_stdio_output@@IAE_NAA_J@Z 1001f6fb f i libucrt:output.obj
 0001:0001e71a       ??$extract_argument_from_va_list@C_J@?$standard_base@_WV?$string_output_adapter@_W@__crt_stdio_output@@@__crt_stdio_output@@IAE_NAA_J@Z 1001f71a f i libucrt:output.obj
 0001:0001e739       ??$extract_argument_from_va_list@E_J@?$positional_parameter_base@DV?$stream_output_adapter@D@__crt_stdio_output@@@__crt_stdio_output@@IAE_NAA_J@Z 1001f739 f i libucrt:output.obj
 0001:0001e7c1       ??$extract_argument_from_va_list@E_J@?$positional_parameter_base@DV?$string_output_adapter@D@__crt_stdio_output@@@__crt_stdio_output@@IAE_NAA_J@Z 1001f7c1 f i libucrt:output.obj
 0001:0001e849       ??$extract_argument_from_va_list@E_J@?$positional_parameter_base@_WV?$stream_output_adapter@_W@__crt_stdio_output@@@__crt_stdio_output@@IAE_NAA_J@Z 1001f849 f i libucrt:output.obj
 0001:0001e8d2       ??$extract_argument_from_va_list@E_J@?$positional_parameter_base@_WV?$string_output_adapter@_W@__crt_stdio_output@@@__crt_stdio_output@@IAE_NAA_J@Z 1001f8d2 f i libucrt:output.obj
 0001:0001e95b       ??$extract_argument_from_va_list@E_J@?$standard_base@DV?$stream_output_adapter@D@__crt_stdio_output@@@__crt_stdio_output@@IAE_NAA_J@Z 1001f95b f i libucrt:output.obj
 0001:0001e97a       ??$extract_argument_from_va_list@E_J@?$standard_base@DV?$string_output_adapter@D@__crt_stdio_output@@@__crt_stdio_output@@IAE_NAA_J@Z 1001f97a f i libucrt:output.obj
 0001:0001e999       ??$extract_argument_from_va_list@E_J@?$standard_base@_WV?$stream_output_adapter@_W@__crt_stdio_output@@@__crt_stdio_output@@IAE_NAA_J@Z 1001f999 f i libucrt:output.obj
 0001:0001e9b8       ??$extract_argument_from_va_list@E_J@?$standard_base@_WV?$string_output_adapter@_W@__crt_stdio_output@@@__crt_stdio_output@@IAE_NAA_J@Z 1001f9b8 f i libucrt:output.obj
 0001:0001e9d7       ??$extract_argument_from_va_list@F_J@?$positional_parameter_base@DV?$stream_output_adapter@D@__crt_stdio_output@@@__crt_stdio_output@@IAE_NAA_J@Z 1001f9d7 f i libucrt:output.obj
 0001:0001ea5f       ??$extract_argument_from_va_list@F_J@?$positional_parameter_base@DV?$string_output_adapter@D@__crt_stdio_output@@@__crt_stdio_output@@IAE_NAA_J@Z 1001fa5f f i libucrt:output.obj
 0001:0001eae7       ??$extract_argument_from_va_list@F_J@?$positional_parameter_base@_WV?$stream_output_adapter@_W@__crt_stdio_output@@@__crt_stdio_output@@IAE_NAA_J@Z 1001fae7 f i libucrt:output.obj
 0001:0001eb70       ??$extract_argument_from_va_list@F_J@?$positional_parameter_base@_WV?$string_output_adapter@_W@__crt_stdio_output@@@__crt_stdio_output@@IAE_NAA_J@Z 1001fb70 f i libucrt:output.obj
 0001:0001ebf9       ??$extract_argument_from_va_list@F_J@?$standard_base@DV?$stream_output_adapter@D@__crt_stdio_output@@@__crt_stdio_output@@IAE_NAA_J@Z 1001fbf9 f i libucrt:output.obj
 0001:0001ec18       ??$extract_argument_from_va_list@F_J@?$standard_base@DV?$string_output_adapter@D@__crt_stdio_output@@@__crt_stdio_output@@IAE_NAA_J@Z 1001fc18 f i libucrt:output.obj
[...]
 0002:0000dc58       __sehtable$??$?RV<lambda_6d20deecaf4856105ebacbad442d1079>@@AAV<lambda_9a32fed5bf61b6b509b2d3f6003082a1>@@V<lambda_63ea2239ed67c638ddbae41947fdf875>@@@?$__crt_seh_guarded_call@H@@QAEH$$QAV<lambda_6d20deecaf4856105ebacbad442d1079>@@AAV<lambda_9a32fed5bf61b6b509b2d3f6003082a1>@@$$QAV<lambda_63ea2239ed67c638ddbae41947fdf875>@@@Z 1006cc58     libucrt:fflush.obj
 0002:0000dc78       __sehtable$?update_thread_multibyte_data_internal@@YAPAU__crt_multibyte_data@@QAU__acrt_ptd@@QAPAU1@@Z 1006cc78     libucrt:mbctype.obj
 0002:0000dc98       __sehtable$??$?RV<lambda_ceb1ee4838e85a9d631eb091e2fbe199>@@AAV<lambda_ae742caa10f662c28703da3d2ea5e57e>@@V<lambda_cd08b5d6af4937fe54fc07d0c9bf6b37>@@@?$__crt_seh_guarded_call@X@@QAEX$$QAV<lambda_ceb1ee4838e85a9d631eb091e2fbe199>@@AAV<lambda_ae742caa10f662c28703da3d2ea5e57e>@@$$QAV<lambda_cd08b5d6af4937fe54fc07d0c9bf6b37>@@@Z 1006cc98     libucrt:mbctype.obj
 0002:0000dcb8       __sehtable$__query_new_handler 1006ccb8     libucrt:new_handler.obj
 0002:0000dcd8       __sehtable$__set_new_handler 1006ccd8     libucrt:new_handler.obj
 0002:0000dcf8       __sehtable$_signal         1006ccf8     libucrt:signal.obj
 0002:0000dd18       __sehtable$_raise          1006cd18     libucrt:signal.obj
 0002:0000dd38       __sehtable$?ctrlevent_capture@@YGHK@Z 1006cd38     libucrt:signal.obj
 0002:0000dd58       __sehtable$??$?RV<lambda_cbab9ec6f41b0180b23cc171c22676b0>@@AAV<lambda_44731a7d0e6d81c3e6aa82d741081786>@@V<lambda_4b292cb8dd18144e164572427af410ab>@@@?$__crt_seh_guarded_call@P6AXH@Z@@QAEP6AXH@Z$$QAV<lambda_cbab9ec6f41b0180b23cc171c22676b0>@@AAV<lambda_44731a7d0e6d81c3e6aa82d741081786>@@$$QAV<lambda_4b292cb8dd18144e164572427af410ab>@@@Z 1006cd58     libucrt:signal.obj
 0002:0000dd78       __sehtable$___acrt_update_thread_locale_data 1006cd78     libucrt:locale_refcounting.obj
 0002:0000dd98       __sehtable$__fcloseall     1006cd98     libucrt:closeall.obj
 0002:0000ddb8       __sehtable$??$?RV<lambda_9e9de3de5fa147e2223d7db92bc10aa6>@@AAV<lambda_38ce7e780aa69e748d6df282ebc68efe>@@V<lambda_8ca6da459f0f6780f1cff60fdc3d00e5>@@@?$__crt_seh_guarded_call@H@@QAEH$$QAV<lambda_9e9de3de5fa147e2223d7db92bc10aa6>@@AAV<lambda_38ce7e780aa69e748d6df282ebc68efe>@@$$QAV<lambda_8ca6da459f0f6780f1cff60fdc3d00e5>@@@Z 1006cdb8     libucrt:commit.obj
 0002:0000ddd8       __sehtable$___set_fpsr_sse2 1006cdd8     libucrt:fpctrl.obj
 0002:0000ddf8       __sehtable$__IsNonwritableInCurrentImage 1006cdf8     LIBCMT:pesect.obj
 0002:0000de20       .edata                     1006ce20     zlibwapi.exp
 0002:0000de48       rgpv                       1006ce48     zlibwapi.exp
 0002:0000e110       rgszName                   1006d110     zlibwapi.exp
 0002:0000e320       rgwOrd                     1006d320     zlibwapi.exp
 0002:0000e428       szName                     1006d428     zlibwapi.exp
 0002:0000e435       $N00001                    1006d435     zlibwapi.exp
 0002:0000e43d       $N00140                    1006d43d     zlibwapi.exp
 0002:0000e44d       $N00174                    1006d44d     zlibwapi.exp
 0002:0000e457       $N00039                    1006d457     zlibwapi.exp
 0002:0000e461       $N00002                    1006d461     zlibwapi.exp
 0002:0000e46a       $N00046                    1006d46a     zlibwapi.exp
 0002:0000e478       $N00003                    1006d478     zlibwapi.exp
 0002:0000e47e       $N00142                    1006d47e     zlibwapi.exp
 0002:0000e48c       $N00177                    1006d48c     zlibwapi.exp
 0002:0000e4a0       $N00176                    1006d4a0     zlibwapi.exp
 0002:0000e4b2       $N00178                    1006d4b2     zlibwapi.exp
 0002:0000e4c3       $N00175                    1006d4c3     zlibwapi.exp
 0002:0000e4cb       $N00004                    1006d4cb     zlibwapi.exp
 0002:0000e4d3       $N00047                    1006d4d3     zlibwapi.exp
 0002:0000e4e0       $N00005                    1006d4e0     zlibwapi.exp
 0002:0000e4ec       $N00006                    1006d4ec     zlibwapi.exp
 0002:0000e4f7       $N00173                    1006d4f7     zlibwapi.exp
 0002:0000e50c       $N00007                    1006d50c     zlibwapi.exp
 0002:0000e51a       $N00008                    1006d51a     zlibwapi.exp
 0002:0000e527       $N00009                    1006d527     zlibwapi.exp
 0002:0000e535       $N00052                    1006d535     zlibwapi.exp
 0002:0000e544       $N00051                    1006d544     zlibwapi.exp
 0002:0000e551       $N00010                    1006d551     zlibwapi.exp
 0002:0000e55e       $N00164                    1006d55e     zlibwapi.exp
 0002:0000e56f       $N00011                    1006d56f     zlibwapi.exp
 0002:0000e584       $N00144                    1006d584     zlibwapi.exp
 0002:0000e595       $N00145                    1006d595     zlibwapi.exp
 0002:0000e5a1       $N00110                    1006d5a1     zlibwapi.exp
 0002:0000e5b5       $N00111                    1006d5b5     zlibwapi.exp
 0002:0000e5cb       $N00112                    1006d5cb     zlibwapi.exp
 0002:0000e5e2       $N00113                    1006d5e2     zlibwapi.exp
 0002:0000e5f9       $N00038                    1006d5f9     zlibwapi.exp
 0002:0000e607       $N00146                    1006d607     zlibwapi.exp
 0002:0000e610       $N00048                    1006d610     zlibwapi.exp
 0002:0000e61b       $N00012                    1006d61b     zlibwapi.exp
 0002:0000e623       $N00147                    1006d623     zlibwapi.exp
 0002:0000e62d       $N00148                    1006d62d     zlibwapi.exp
 0002:0000e637       $N00149                    1006d637     zlibwapi.exp
 0002:0000e640       $N00013                    1006d640     zlibwapi.exp
 0002:0000e648       $N00034                    1006d648     zlibwapi.exp
 0002:0000e64e       $N00014                    1006d64e     zlibwapi.exp
 0002:0000e656       $N00015                    1006d656     zlibwapi.exp
 0002:0000e65e       $N00171                    1006d65e     zlibwapi.exp
 0002:0000e666       $N00172                    1006d666     zlibwapi.exp
 0002:0000e66f       $N00030                    1006d66f     zlibwapi.exp
 0002:0000e676       $N00161                    1006d676     zlibwapi.exp
 0002:0000e67e       $N00041                    1006d67e     zlibwapi.exp
 0002:0000e685       $N00150                    1006d685     zlibwapi.exp
 0002:0000e68e       $N00016                    1006d68e     zlibwapi.exp
 0002:0000e695       $N00165                    1006d695     zlibwapi.exp
 0002:0000e69e       $N00028                    1006d69e     zlibwapi.exp
 0002:0000e6a7       $N00029                    1006d6a7     zlibwapi.exp
 0002:0000e6ae       $N00040                    1006d6ae     zlibwapi.exp
 0002:0000e6b5       $N00017                    1006d6b5     zlibwapi.exp
 0002:0000e6bc       $N00032                    1006d6bc     zlibwapi.exp
 0002:0000e6c5       $N00031                    1006d6c5     zlibwapi.exp
 0002:0000e6cc       $N00035                    1006d6cc     zlibwapi.exp
 0002:0000e6d8       $N00033                    1006d6d8     zlibwapi.exp
 0002:0000e6df       $N00049                    1006d6df     zlibwapi.exp
 0002:0000e6e8       $N00167                    1006d6e8     zlibwapi.exp
 0002:0000e6f2       $N00018                    1006d6f2     zlibwapi.exp
 0002:0000e6fa       $N00019                    1006d6fa     zlibwapi.exp
 0002:0000e702       $N00044                    1006d702     zlibwapi.exp
 0002:0000e70e       $N00045                    1006d70e     zlibwapi.exp
 0002:0000e71d       $N00043                    1006d71d     zlibwapi.exp
 0002:0000e72e       $N00168                    1006d72e     zlibwapi.exp
 0002:0000e73f       $N00042                    1006d73f     zlibwapi.exp
 0002:0000e74b       $N00020                    1006d74b     zlibwapi.exp
 0002:0000e756       $N00166                    1006d756     zlibwapi.exp
 0002:0000e76b       $N00156                    1006d76b     zlibwapi.exp
 0002:0000e77c       $N00021                    1006d77c     zlibwapi.exp
 0002:0000e78a       $N00022                    1006d78a     zlibwapi.exp
 0002:0000e797       $N00157                    1006d797     zlibwapi.exp
 0002:0000e7a3       $N00158                    1006d7a3     zlibwapi.exp
 0002:0000e7b0       $N00159                    1006d7b0     zlibwapi.exp
 0002:0000e7be       $N00023                    1006d7be     zlibwapi.exp
 0002:0000e7cb       $N00163                    1006d7cb     zlibwapi.exp
 0002:0000e7dc       $N00024                    1006d7dc     zlibwapi.exp
 0002:0000e7f1       $N00025                    1006d7f1     zlibwapi.exp
 0002:0000e7fd       $N00037                    1006d7fd     zlibwapi.exp
 0002:0000e80e       $N00160                    1006d80e     zlibwapi.exp
 0002:0000e81f       $N00169                    1006d81f     zlibwapi.exp
 0002:0000e82f       $N00170                    1006d82f     zlibwapi.exp
 0002:0000e83b       $N00026                    1006d83b     zlibwapi.exp
 0002:0000e846       $N00062                    1006d846     zlibwapi.exp
 0002:0000e84f       $N00072                    1006d84f     zlibwapi.exp
 0002:0000e863       $N00124                    1006d863     zlibwapi.exp
 0002:0000e87b       $N00064                    1006d87b     zlibwapi.exp
 0002:0000e891       $N00125                    1006d891     zlibwapi.exp
 0002:0000e8af       $N00127                    1006d8af     zlibwapi.exp
 0002:0000e8bf       $N00100                    1006d8bf     zlibwapi.exp
 0002:0000e8cd       $N00073                    1006d8cd     zlibwapi.exp
 0002:0000e8e1       $N00122                    1006d8e1     zlibwapi.exp
 0002:0000e8f4       $N00063                    1006d8f4     zlibwapi.exp
 0002:0000e905       $N00076                    1006d905     zlibwapi.exp
 0002:0000e91b       $N00128                    1006d91b     zlibwapi.exp
 0002:0000e92c       $N00101                    1006d92c     zlibwapi.exp
 0002:0000e93b       $N00065                    1006d93b     zlibwapi.exp
 0002:0000e94c       $N00066                    1006d94c     zlibwapi.exp
 0002:0000e95c       $N00075                    1006d95c     zlibwapi.exp
 0002:0000e96a       $N00077                    1006d96a     zlibwapi.exp
 0002:0000e973       $N00121                    1006d973     zlibwapi.exp
 0002:0000e97f       $N00120                    1006d97f     zlibwapi.exp
 0002:0000e989       $N00061                    1006d989     zlibwapi.exp
 0002:0000e991       $N00078                    1006d991     zlibwapi.exp
 0002:0000e9a5       $N00069                    1006d9a5     zlibwapi.exp
 0002:0000e9b9       $N00067                    1006d9b9     zlibwapi.exp
 0002:0000e9cc       $N00079                    1006d9cc     zlibwapi.exp
 0002:0000e9e7       $N00068                    1006d9e7     zlibwapi.exp
 0002:0000e9fa       $N00074                    1006d9fa     zlibwapi.exp
 0002:0000ea13       $N00071                    1006da13     zlibwapi.exp
 0002:0000ea1a       $N00126                    1006da1a     zlibwapi.exp
 0002:0000ea24       $N00070                    1006da24     zlibwapi.exp
 0002:0000ea2c       $N00036                    1006da2c     zlibwapi.exp
 0002:0000ea33       $N00084                    1006da33     zlibwapi.exp
 0002:0000ea3c       $N00083                    1006da3c     zlibwapi.exp
 0002:0000ea4e       $N00136                    1006da4e     zlibwapi.exp
 0002:0000ea65       $N00087                    1006da65     zlibwapi.exp
 0002:0000ea7a       $N00088                    1006da7a     zlibwapi.exp
 0002:0000ea83       $N00131                    1006da83     zlibwapi.exp
 0002:0000ea8f       $N00130                    1006da8f     zlibwapi.exp
 0002:0000ea99       $N00080                    1006da99     zlibwapi.exp
 0002:0000eaa1       $N00086                    1006daa1     zlibwapi.exp
 0002:0000eab6       $N00133                    1006dab6     zlibwapi.exp
 0002:0000eace       $N00089                    1006dace     zlibwapi.exp
 0002:0000eae3       $N00134                    1006dae3     zlibwapi.exp
 0002:0000eafb       $N00135                    1006dafb     zlibwapi.exp
 0002:0000eb13       $N00132                    1006db13     zlibwapi.exp
 0002:0000eb29       $N00081                    1006db29     zlibwapi.exp
 0002:0000eb3d       $N00082                    1006db3d     zlibwapi.exp
 0002:0000eb51       $N00050                    1006db51     zlibwapi.exp
 0002:0000eb62       $N00027                    1006db62     zlibwapi.exp
 0002:0000ed4c       .idata$6                   1006dd4c     kernel32:KERNEL32.dll
 0003:00000020       ?prefix@?1??getDimension@UnDecorator@@CA?AVDName@@_N@Z@4UStringLiteral@@A 1006f020     libvcruntime:undname.obj
 0003:00000028       ?__vcrt_flsindex@@3KA      1006f028     libvcruntime:per_thread_data.obj
 0003:00000140       ?errno_no_memory@@3HA      1006f140     libucrt:errno.obj
 0003:00000144       ?doserrno_no_memory@@3KA   1006f144     libucrt:errno.obj
 0003:00000150       ?__acrt_flsindex@@3KA      1006f150     libucrt:per_thread_data.obj
 0003:00000154       __ctype_loc_style          1006f154     libucrt:wsetlocale.obj
 0003:00000520       __mbctypes                 1006f520     libucrt:mbctype.obj
 0003:00000628       __mbcasemaps               1006f628     libucrt:mbctype.obj
 0003:00000728       ?__rgctypeflag@@3PADA      1006f728     libucrt:mbctype.obj
 0003:00000730       ?__rgcode_page_info@@3PAUcode_page_info@@A 1006f730     libucrt:mbctype.obj
 0003:00000888       ?__dcrt_lowio_console_output_handle@@3PAXA 1006f888     libucrt:initcon.obj
 0003:00000890       ?__DAZ_ENABLED@?1??__set_fpsr_sse2@@9@9 1006f890     libucrt:fpctrl.obj
 0003:000009c0       ?__proc_attached@@3HA      1006f9c0     LIBCMT:dll_dllmain.obj
 0003:000009e8       ?is_initialized_as_dll@@3_NA 1006f9e8     LIBCMT:utility.obj
 0003:000009e9       ?module_local_atexit_table_initialized@@3_NA 1006f9e9     LIBCMT:utility.obj
 0003:000009ec       ?module_local_atexit_table@@3U_onexit_table_t@@A 1006f9ec     LIBCMT:utility.obj
 0003:000009f8       ?module_local_at_quick_exit_table@@3U_onexit_table_t@@A 1006f9f8     LIBCMT:utility.obj
 0003:00000a18       _GS_ExceptionRecord        1006fa18     LIBCMT:gs_report.obj
 0003:00000a68       _GS_ContextRecord          1006fa68     LIBCMT:gs_report.obj
 0003:00000d60       ?heap@@3V_HeapManager@@A   1006fd60     libvcruntime:undname.obj
 0003:00000d74       ?__vcrt_startup_thread_ptd@@3U__vcrt_ptd@@A 1006fd74     libvcruntime:per_thread_data.obj
 0003:00000d9c       ___vcrt_lock_table         1006fd9c     libvcruntime:locks.obj
 0003:00000db4       ___vcrt_locks_initialized  1006fdb4     libvcruntime:locks.obj
 0003:00000db8       ?module_handles@@3PAPAUHINSTANCE__@@A 1006fdb8     libvcruntime:winapi_downlevel.obj
 0003:00000dc4       ?function_pointers@@3PAPAXA 1006fdc4     libvcruntime:winapi_downlevel.obj
 0003:00000ddc       ?c_termination_complete@@3JA 1006fddc     libucrt:exit.obj
 0003:00000de0       ?thread_local_exit_callback_func@@3P6GXPAXK0@ZA 1006fde0     libucrt:exit.obj
 0003:00000de8       ?program_name@?1???$common_configure_argv@D@@YAHW4_crt_argv_mode@@@Z@4PADA 1006fde8     libucrt:argv_parsing.obj
 0003:00000ef0       ?program_name@?1???$common_configure_argv@_W@@YAHW4_crt_argv_mode@@@Z@4PA_WA 1006fef0     libucrt:argv_parsing.obj
 0003:00001124       ?__acrt_invalid_parameter_handler@@3V?$dual_state_global@P6AXPB_W00II@Z@__crt_state_management@@A 10070124     libucrt:invalid_parameter.obj
 0003:00001338       ?module_handles@@3PAPAUHINSTANCE__@@A 10070338     libucrt:winapi_thunks.obj
 0003:00001388       ?encoded_function_pointers@@3PAPAXA 10070388     libucrt:winapi_thunks.obj
 0003:00001410       ?static_enum_proc@?1??enum_system_locales_ex_nolock@@YAHQ6GHPA_WKJ@Z@Z@4P6GH0KJ@ZA 10070410     libucrt:winapi_thunks.obj
 0003:00001418       ?local_state@?7??_wcrtomb_internal@@YAHQAHQADI_WQAU_Mbstatet@@AAV__crt_cached_ptd_host@@@Z@4U2@A 10070418     libucrt:wcrtomb.obj
 0003:00001420       ?internal_state@?1??_mbtowc_internal@@9@4U_Mbstatet@@A 10070420     libucrt:mbtowc.obj
 0003:00001434       ?enable_percent_n@@3IA     10070434     libucrt:printf_count_output.obj
 0003:00001440       ?mbst@?1??mbrlen@@9@4U_Mbstatet@@A 10070440     libucrt:mbrtowc.obj
 0003:00001448       ?mbst@?1??mbrtowc@@9@4U_Mbstatet@@A 10070448     libucrt:mbrtowc.obj
 0003:00001450       ?mbst@?1??_mbsrtowcs_helper@@YAIPA_WPAPBDIPAU_Mbstatet@@AAV__crt_cached_ptd_host@@@Z@4U2@A 10070450     libucrt:mbrtowc.obj
 0003:00001458       ?__acrt_lock_table@@3PAU_RTL_CRITICAL_SECTION@@A 10070458     libucrt:locks.obj
 0003:000015a8       ?__acrt_locks_initialized@@3IA 100705a8     libucrt:locks.obj
 0003:000015ac       ?state_cache@?1???$get_cached_win_policy@Ubegin_thread_init_policy_properties@?1??__acrt_get_begin_thread_init_policy@@YA?AW4begin_thread_init_policy@@XZ@@@YA?AW4begin_thread_init_policy@@W4AppPolicyThreadInitializationType@@@Z@4JA 100705ac     libucrt:win_policies.obj
 0003:000015b0       ?state_cache@?1???$get_cached_win_policy@Udeveloper_information_policy_properties@?1??__acrt_get_developer_information_policy@@YA?AW4developer_information_policy@@XZ@@@YA?AW4developer_information_policy@@W4AppPolicyShowDeveloperDiagnostic@@@Z@4JA 100705b0     libucrt:win_policies.obj
 0003:000015b4       ?state_cache@?1???$get_cached_win_policy@Uwindowing_model_policy_properties@?1??__acrt_get_windowing_model_policy@@YA?AW4windowing_model_policy@@XZ@@@YA?AW4windowing_model_policy@@W4AppPolicyWindowingModel@@@Z@4JA 100705b4     libucrt:win_policies.obj
 0003:000015c4       ?fSystemSet@@3HA           100705c4     libucrt:mbctype.obj
 0003:000015c8       ?initialized@?1??__acrt_initialize_multibyte@@9@4_NA 100705c8     libucrt:mbctype.obj
 0003:000015ec       ?__acrt_new_handler@@3V?$dual_state_global@P6AHI@Z@__crt_state_management@@A 100705ec     libucrt:new_handler.obj
 0003:000015f0       ?console_ctrl_handler_installed@@3_NA 100705f0     libucrt:signal.obj
 0003:000015f4       ?ctrlc_action@@3V?$dual_state_global@P6AXH@Z@__crt_state_management@@A 100705f4     libucrt:signal.obj
 0003:000015f8       ?ctrlbreak_action@@3V?$dual_state_global@P6AXH@Z@__crt_state_management@@A 100705f8     libucrt:signal.obj
 0003:000015fc       ?abort_action@@3V?$dual_state_global@P6AXH@Z@__crt_state_management@@A 100705fc     libucrt:signal.obj
 0003:00001600       ?term_action@@3V?$dual_state_global@P6AXH@Z@__crt_state_management@@A 10070600     libucrt:signal.obj
 0003:00001604       ?user_matherr@@3V?$dual_state_global@P6AHPAU_exception@@@Z@__crt_state_management@@A 10070604     libucrt:matherr.obj
 0003:00001608       ?__acrt_app_type@@3W4_crt_app_type@@A 10070608     libucrt:report_runtime_error.obj
 0003:00001610       ?outmsg@?9??__acrt_report_runtime_error@@9@4PA_WA 10070610     libucrt:report_runtime_error.obj
 0003:00001c40       ?__acrt_global_new_mode@@3V?$dual_state_global@J@__crt_state_management@@A 10070c40     libucrt:new_mode.obj
 0003:00001c48       ?internal_pst@?1??__c16rtomb_utf8@__crt_mbstring@@YAIPAD_SPAU_Mbstatet@@AAV__crt_cached_ptd_host@@@Z@4U3@A 10070c48     libucrt:c16rtomb.obj
 0003:00001c50       ?internal_pst@?1??__mbrtoc32_utf8@__crt_mbstring@@YAIPA_UPBDIPAU_Mbstatet@@AAV__crt_cached_ptd_host@@@Z@4U3@A 10070c50     libucrt:mbrtoc32.obj
 0003:00001c5c       ___acrt_error_mode         10070c5c     libucrt:set_error_mode.obj
 0003:00001c64       __pmatherr_set             10070c64     libucrt:libm_error.obj
 0003:00001c68       ?calls@?1??crypthead@@9@9  10070c68     zip.obj
 0004:00000060       $R000000                   10071060     zlib.res
