 zlibwapi

 Timestamp is 65dda657 (Tue Feb 27 17:07:35 2024)

 Preferred load address is 0000000180000000

 Start         Length     Name                   Class
 0001:00000000 000122d0H .text$mn                CODE
 0001:000122d0 00000036H .text$mn$00             CODE
 0001:00012306 00000092H .text$x                 CODE
 0002:00000000 00000250H .idata$5                DATA
 0002:00000250 00000038H .00cfg                  DATA
 0002:00000288 00000008H .CRT$XCA                DATA
 0002:00000290 00000008H .CRT$XCZ                DATA
 0002:00000298 00000008H .CRT$XIA                DATA
 0002:000002a0 00000008H .CRT$XIZ                DATA
 0002:000002a8 00000008H .CRT$XPA                DATA
 0002:000002b0 00000008H .CRT$XPZ                DATA
 0002:000002b8 00000008H .CRT$XTA                DATA
 0002:000002c0 00000010H .CRT$XTZ                DATA
 0002:000002c8 00000000H .gehcont$y              DATA
 0002:000002c8 00000000H .gfids$y                DATA
 0002:000002d0 00004d30H .rdata                  DATA
 0002:00005000 00000080H .rdata$CastGuardVftablesA DATA
 0002:00005080 00000080H .rdata$CastGuardVftablesC DATA
 0002:00005100 00000088H .rdata$voltmd           DATA
 0002:00005188 00000328H .rdata$zzzdbg           DATA
 0002:000054b0 00000008H .rtc$IAA                DATA
 0002:000054b8 00000008H .rtc$IZZ                DATA
 0002:000054c0 00000008H .rtc$TAA                DATA
 0002:000054c8 00000008H .rtc$TZZ                DATA
 0002:000054d0 00001830H .xdata                  DATA
 0002:00006d00 00000d50H .edata                  DATA
 0002:00007a50 000000a0H .idata$2                DATA
 0002:00007af0 00000018H .idata$3                DATA
 0002:00007b08 00000250H .idata$4                DATA
 0002:00007d58 0000052cH .idata$6                DATA
 0003:00000000 00000040H .data                   DATA
 0003:00000040 000000a8H .bss                    DATA
 0004:00000000 00001194H .pdata                  DATA
 0005:00000000 00000060H .rsrc$01                DATA
 0005:00000060 00000338H .rsrc$02                DATA

  Address         Publics by Value              Rva+Base               Lib:Object

 0000:00000000       __AbsoluteZero             0000000000000000     <absolute>
 0000:00000000       ___safe_se_handler_count   0000000000000000     <absolute>
 0000:00000000       ___safe_se_handler_table   0000000000000000     <absolute>
 0000:00000000       __arm64x_extra_rfe_table   0000000000000000     <absolute>
 0000:00000000       __arm64x_extra_rfe_table_size 0000000000000000     <absolute>
 0000:00000000       __arm64x_native_entrypoint 0000000000000000     <absolute>
 0000:00000000       __arm64x_redirection_metadata 0000000000000000     <absolute>
 0000:00000000       __arm64x_redirection_metadata_count 0000000000000000     <absolute>
 0000:00000000       __dynamic_value_reloc_table 0000000000000000     <absolute>
 0000:00000000       __enclave_config           0000000000000000     <absolute>
 0000:00000000       __guard_check_icall_a64n_fptr 0000000000000000     <absolute>
 0000:00000000       __guard_eh_cont_count      0000000000000000     <absolute>
 0000:00000000       __guard_eh_cont_table      0000000000000000     <absolute>
 0000:00000000       __guard_fids_count         0000000000000000     <absolute>
 0000:00000000       __guard_fids_table         0000000000000000     <absolute>
 0000:00000000       __guard_iat_count          0000000000000000     <absolute>
 0000:00000000       __guard_iat_table          0000000000000000     <absolute>
 0000:00000000       __guard_longjmp_count      0000000000000000     <absolute>
 0000:00000000       __guard_longjmp_table      0000000000000000     <absolute>
 0000:00000000       __hybrid_auxiliary_delayload_iat 0000000000000000     <absolute>
 0000:00000000       __hybrid_auxiliary_delayload_iat_copy 0000000000000000     <absolute>
 0000:00000000       __hybrid_auxiliary_iat     0000000000000000     <absolute>
 0000:00000000       __hybrid_auxiliary_iat_copy 0000000000000000     <absolute>
 0000:00000000       __hybrid_code_map          0000000000000000     <absolute>
 0000:00000000       __hybrid_code_map_count    0000000000000000     <absolute>
 0000:00000000       __x64_code_ranges_to_entry_points 0000000000000000     <absolute>
 0000:00000000       __x64_code_ranges_to_entry_points_count 0000000000000000     <absolute>
 0000:00000100       __guard_flags              0000000000000100     <absolute>
 0000:00000000       __ImageBase                0000000180000000     <linker-defined>
 0001:00000000       adler32_z                  0000000180001000 f   adler32.obj
 0001:000002e0       adler32                    00000001800012e0 f   adler32.obj
 0001:000003d0       adler32_combine            00000001800013d0 f   adler32.obj
 0001:000003e0       compress2                  00000001800013e0 f   compress.obj
 0001:000004e0       compress                   00000001800014e0 f   compress.obj
 0001:00000500       compressBound              0000000180001500 f   compress.obj
 0001:000005c0       get_crc_table              00000001800015c0 f   crc32.obj
 0001:00000650       crc32_z                    0000000180001650 f   crc32.obj
 0001:00000a10       crc32                      0000000180001a10 f   crc32.obj
 0001:00000a20       crc32_combine64            0000000180001a20 f   crc32.obj
 0001:00000a50       crc32_combine              0000000180001a50 f   crc32.obj
 0001:00000a60       crc32_combine_gen64        0000000180001a60 f   crc32.obj
 0001:00000a70       crc32_combine_gen          0000000180001a70 f   crc32.obj
 0001:00000a80       crc32_combine_op           0000000180001a80 f   crc32.obj
 0001:00000b20       deflateInit_               0000000180001b20 f   deflate.obj
 0001:00000b60       deflateInit2_              0000000180001b60 f   deflate.obj
 0001:00000e50       deflateSetDictionary       0000000180001e50 f   deflate.obj
 0001:00001040       deflateGetDictionary       0000000180002040 f   deflate.obj
 0001:000010c0       deflateResetKeep           00000001800020c0 f   deflate.obj
 0001:00001160       deflateReset               0000000180002160 f   deflate.obj
 0001:00001190       deflateSetHeader           0000000180002190 f   deflate.obj
 0001:000011d0       deflatePending             00000001800021d0 f   deflate.obj
 0001:00001220       deflatePrime               0000000180002220 f   deflate.obj
 0001:000012e0       deflateParams              00000001800022e0 f   deflate.obj
 0001:00001460       deflateTune                0000000180002460 f   deflate.obj
 0001:000014b0       deflateBound               00000001800024b0 f   deflate.obj
 0001:000016b0       deflate                    00000001800026b0 f   deflate.obj
 0001:00002010       deflateEnd                 0000000180003010 f   deflate.obj
 0001:000020c0       deflateCopy                00000001800030c0 f   deflate.obj
 0001:00003b40       gzclose                    0000000180004b40 f   gzclose.obj
 0001:00003b60       __local_stdio_printf_options 0000000180004b60 f i gzlib.obj
 0001:00003b70       vsnprintf                  0000000180004b70 f i gzlib.obj
 0001:00003be0       snprintf                   0000000180004be0 f i gzlib.obj
 0001:00003fc0       gzopen                     0000000180004fc0 f   gzlib.obj
 0001:00003fd0       gzdopen                    0000000180004fd0 f   gzlib.obj
 0001:00004060       gzopen_w                   0000000180005060 f   gzlib.obj
 0001:00004070       gzbuffer                   0000000180005070 f   gzlib.obj
 0001:000040b0       gzrewind                   00000001800050b0 f   gzlib.obj
 0001:00004110       gzseek64                   0000000180005110 f   gzlib.obj
 0001:00004260       gzseek                     0000000180005260 f   gzlib.obj
 0001:00004290       gztell64                   0000000180005290 f   gzlib.obj
 0001:000042d0       gztell                     00000001800052d0 f   gzlib.obj
 0001:000042f0       gzoffset64                 00000001800052f0 f   gzlib.obj
 0001:00004350       gzoffset                   0000000180005350 f   gzlib.obj
 0001:00004370       gzeof                      0000000180005370 f   gzlib.obj
 0001:00004390       gzerror                    0000000180005390 f   gzlib.obj
 0001:000043e0       gzclearerr                 00000001800053e0 f   gzlib.obj
 0001:00004420       gz_error                   0000000180005420 f   gzlib.obj
 0001:00004bf0       gzread                     0000000180005bf0 f   gzread.obj
 0001:00004c60       gzfread                    0000000180005c60 f   gzread.obj
 0001:00004ce0       gzgetc                     0000000180005ce0 f   gzread.obj
 0001:00004d60       gzgetc_                    0000000180005d60 f   gzread.obj
 0001:00004d70       gzungetc                   0000000180005d70 f   gzread.obj
 0001:00004e90       gzgets                     0000000180005e90 f   gzread.obj
 0001:00004fd0       gzdirect                   0000000180005fd0 f   gzread.obj
 0001:00005010       gzclose_r                  0000000180006010 f   gzread.obj
 0001:000055b0       gzwrite                    00000001800065b0 f   gzwrite.obj
 0001:00005600       gzfwrite                   0000000180006600 f   gzwrite.obj
 0001:00005680       gzputc                     0000000180006680 f   gzwrite.obj
 0001:00005750       gzputs                     0000000180006750 f   gzwrite.obj
 0001:000057e0       gzvprintf                  00000001800067e0 f   gzwrite.obj
 0001:00005970       gzprintf                   0000000180006970 f   gzwrite.obj
 0001:000059a0       gzflush                    00000001800069a0 f   gzwrite.obj
 0001:00005a10       gzsetparams                0000000180006a10 f   gzwrite.obj
 0001:00005ad0       gzclose_w                  0000000180006ad0 f   gzwrite.obj
 0001:00005ba0       inflateBackInit_           0000000180006ba0 f   infback.obj
 0001:00005cf0       inflateBack                0000000180006cf0 f   infback.obj
 0001:00006bb0       inflateBackEnd             0000000180007bb0 f   infback.obj
 0001:00006c00       inflate_fast               0000000180007c00 f   inffast.obj
 0001:00007140       inflateResetKeep           0000000180008140 f   inflate.obj
 0001:000071e0       inflateReset               00000001800081e0 f   inflate.obj
 0001:00007210       inflateReset2              0000000180008210 f   inflate.obj
 0001:000072b0       inflateInit2_              00000001800082b0 f   inflate.obj
 0001:000073b0       inflateInit_               00000001800083b0 f   inflate.obj
 0001:000073c0       inflatePrime               00000001800083c0 f   inflate.obj
 0001:00007560       inflate                    0000000180008560 f   inflate.obj
 0001:00008d80       inflateEnd                 0000000180009d80 f   inflate.obj
 0001:00008de0       inflateGetDictionary       0000000180009de0 f   inflate.obj
 0001:00008e70       inflateSetDictionary       0000000180009e70 f   inflate.obj
 0001:00008f30       inflateGetHeader           0000000180009f30 f   inflate.obj
 0001:00008fe0       inflateSync                0000000180009fe0 f   inflate.obj
 0001:00009130       inflateSyncPoint           000000018000a130 f   inflate.obj
 0001:00009170       inflateCopy                000000018000a170 f   inflate.obj
 0001:00009320       inflateUndermine           000000018000a320 f   inflate.obj
 0001:00009350       inflateValidate            000000018000a350 f   inflate.obj
 0001:00009390       inflateMark                000000018000a390 f   inflate.obj
 0001:00009400       inflateCodesUsed           000000018000a400 f   inflate.obj
 0001:00009440       inflate_table              000000018000a440 f   inftrees.obj
 0001:00009a00       call_zopen64               000000018000aa00 f   ioapi.obj
 0001:00009a20       call_zseek64               000000018000aa20 f   ioapi.obj
 0001:00009a50       call_ztell64               000000018000aa50 f   ioapi.obj
 0001:00009a90       fill_zlib_filefunc64_32_def_from_filefunc32 000000018000aa90 f   ioapi.obj
 0001:00009cc0       fill_fopen64_filefunc      000000018000acc0 f   ioapi.obj
 0001:00009df0       win32_open64_file_func     000000018000adf0 f   iowin32.obj
 0001:00009e70       win32_open64_file_funcA    000000018000ae70 f   iowin32.obj
 0001:00009ef0       win32_open64_file_funcW    000000018000aef0 f   iowin32.obj
 0001:00009f70       win32_open_file_func       000000018000af70 f   iowin32.obj
 0001:00009ff0       win32_read_file_func       000000018000aff0 f   iowin32.obj
 0001:0000a060       win32_write_file_func      000000018000b060 f   iowin32.obj
 0001:0000a140       win32_tell_file_func       000000018000b140 f   iowin32.obj
 0001:0000a1a0       win32_tell64_file_func     000000018000b1a0 f   iowin32.obj
 0001:0000a200       win32_seek_file_func       000000018000b200 f   iowin32.obj
 0001:0000a280       win32_seek64_file_func     000000018000b280 f   iowin32.obj
 0001:0000a300       win32_close_file_func      000000018000b300 f   iowin32.obj
 0001:0000a340       win32_error_file_func      000000018000b340 f   iowin32.obj
 0001:0000a350       fill_win32_filefunc        000000018000b350 f   iowin32.obj
 0001:0000a3b0       fill_win32_filefunc64      000000018000b3b0 f   iowin32.obj
 0001:0000a410       fill_win32_filefunc64A     000000018000b410 f   iowin32.obj
 0001:0000a470       fill_win32_filefunc64W     000000018000b470 f   iowin32.obj
 0001:0000a4e0       _tr_init                   000000018000b4e0 f   trees.obj
 0001:0000b770       _tr_stored_block           000000018000c770 f   trees.obj
 0001:0000b880       _tr_flush_bits             000000018000c880 f   trees.obj
 0001:0000b890       _tr_align                  000000018000c890 f   trees.obj
 0001:0000b980       _tr_flush_block            000000018000c980 f   trees.obj
 0001:0000c190       uncompress2                000000018000d190 f   uncompr.obj
 0001:0000c2f0       uncompress                 000000018000d2f0 f   uncompr.obj
 0001:0000c6c0       unzStringFileNameCompare   000000018000d6c0 f   unzip.obj
 0001:0000cef0       unzOpen2                   000000018000def0 f   unzip.obj
 0001:0000cf40       unzOpen2_64                000000018000df40 f   unzip.obj
 0001:0000cfa0       unzOpen                    000000018000dfa0 f   unzip.obj
 0001:0000cfb0       unzOpen64                  000000018000dfb0 f   unzip.obj
 0001:0000cfc0       unzClose                   000000018000dfc0 f   unzip.obj
 0001:0000d010       unzGetGlobalInfo64         000000018000e010 f   unzip.obj
 0001:0000d030       unzGetGlobalInfo           000000018000e030 f   unzip.obj
 0001:0000d630       unzGetCurrentFileInfo64    000000018000e630 f   unzip.obj
 0001:0000d680       unzGetCurrentFileInfo      000000018000e680 f   unzip.obj
 0001:0000d780       unzGoToFirstFile           000000018000e780 f   unzip.obj
 0001:0000d800       unzGoToNextFile            000000018000e800 f   unzip.obj
 0001:0000d8c0       unzLocateFile              000000018000e8c0 f   unzip.obj
 0001:0000dab0       unzGetFilePos64            000000018000eab0 f   unzip.obj
 0001:0000daf0       unzGetFilePos              000000018000eaf0 f   unzip.obj
 0001:0000db20       unzGoToFilePos64           000000018000eb20 f   unzip.obj
 0001:0000dba0       unzGoToFilePos             000000018000eba0 f   unzip.obj
 0001:0000de00       unzOpenCurrentFile3        000000018000ee00 f   unzip.obj
 0001:0000e0a0       unzOpenCurrentFile         000000018000f0a0 f   unzip.obj
 0001:0000e0c0       unzOpenCurrentFilePassword 000000018000f0c0 f   unzip.obj
 0001:0000e0e0       unzOpenCurrentFile2        000000018000f0e0 f   unzip.obj
 0001:0000e100       unzGetCurrentFileZStreamPos64 000000018000f100 f   unzip.obj
 0001:0000e120       unzReadCurrentFile         000000018000f120 f   unzip.obj
 0001:0000e3f0       unztell                    000000018000f3f0 f   unzip.obj
 0001:0000e410       unztell64                  000000018000f410 f   unzip.obj
 0001:0000e440       unzeof                     000000018000f440 f   unzip.obj
 0001:0000e470       unzGetLocalExtrafield      000000018000f470 f   unzip.obj
 0001:0000e560       unzCloseCurrentFile        000000018000f560 f   unzip.obj
 0001:0000e610       unzGetGlobalComment        000000018000f610 f   unzip.obj
 0001:0000f610       zipOpen3                   0000000180010610 f   zip.obj
 0001:0000f7b0       zipOpen2                   00000001800107b0 f   zip.obj
 0001:0000f800       zipOpen2_64                0000000180010800 f   zip.obj
 0001:0000f860       zipOpen                    0000000180010860 f   zip.obj
 0001:0000f870       zipOpen64                  0000000180010870 f   zip.obj
 0001:0000fae0       zipOpenNewFileInZip4_64    0000000180010ae0 f   zip.obj
 0001:00010080       zipOpenNewFileInZip3       0000000180011080 f   zip.obj
 0001:00010130       zipOpenNewFileInZip3_64    0000000180011130 f   zip.obj
 0001:000101f0       zipOpenNewFileInZip2       00000001800111f0 f   zip.obj
 0001:00010280       zipOpenNewFileInZip2_64    0000000180011280 f   zip.obj
 0001:00010320       zipOpenNewFileInZip64      0000000180011320 f   zip.obj
 0001:000103b0       zipOpenNewFileInZip        00000001800113b0 f   zip.obj
 0001:00010520       zipWriteInFileInZip        0000000180011520 f   zip.obj
 0001:00010680       zipCloseFileInZipRaw       0000000180011680 f   zip.obj
 0001:00010690       zipCloseFileInZipRaw64     0000000180011690 f   zip.obj
 0001:00010b10       zipCloseFileInZip          0000000180011b10 f   zip.obj
 0001:00010e90       zipClose                   0000000180011e90 f   zip.obj
 0001:00011000       zlibVersion                0000000180012000 f   zutil.obj
 0001:00011010       zlibCompileFlags           0000000180012010 f   zutil.obj
 0001:00011020       zError                     0000000180012020 f   zutil.obj
 0001:00011040       zcalloc                    0000000180012040 f   zutil.obj
 0001:00011050       zcfree                     0000000180012050 f   zutil.obj
 0001:0001105a       ReadFile                   000000018001205a f   kernel32:KERNEL32.dll
 0001:00011060       WriteFile                  0000000180012060 f   kernel32:KERNEL32.dll
 0001:00011066       SetFilePointer             0000000180012066 f   kernel32:KERNEL32.dll
 0001:0001106c       CreateFileW                000000018001206c f   kernel32:KERNEL32.dll
 0001:00011072       GetLastError               0000000180012072 f   kernel32:KERNEL32.dll
 0001:00011078       CreateFileA                0000000180012078 f   kernel32:KERNEL32.dll
 0001:0001107e       CloseHandle                000000018001207e f   kernel32:KERNEL32.dll
 0001:000113c0       _CRT_INIT                  00000001800123c0 f   MSVCRT:dll_dllmain.obj
 0001:000113c8       _DllMainCRTStartup         00000001800123c8 f   MSVCRT:dll_dllmain.obj
 0001:00011474       __security_init_cookie     0000000180012474 f   MSVCRT:gs_support.obj
 0001:00011520       DllMain                    0000000180012520 f   MSVCRT:dll_dllmain_stub.obj
 0001:00011544       ?__scrt_initialize_type_info@@YAXXZ 0000000180012544 f   MSVCRT:tncleanup.obj
 0001:00011554       ?__scrt_uninitialize_type_info@@YAXXZ 0000000180012554 f   MSVCRT:tncleanup.obj
 0001:00011560       __local_stdio_scanf_options 0000000180012560 f i MSVCRT:default_local_stdio_options.obj
 0001:00011568       __scrt_initialize_default_local_stdio_options 0000000180012568 f   MSVCRT:default_local_stdio_options.obj
 0001:00011584       ?configure_argv@__scrt_narrow_argv_policy@@SAHXZ 0000000180012584 f i MSVCRT:utility.obj
 0001:000115e4       ?initialize_environment@__scrt_narrow_environment_policy@@SAHXZ 00000001800125e4 f i MSVCRT:utility.obj
 0001:0001161c       NtCurrentTeb               000000018001261c f i MSVCRT:utility.obj
 0001:00011628       __scrt_acquire_startup_lock 0000000180012628 f   MSVCRT:utility.obj
 0001:00011664       __scrt_dllmain_after_initialize_c 0000000180012664 f   MSVCRT:utility.obj
 0001:00011698       __scrt_dllmain_before_initialize_c 0000000180012698 f   MSVCRT:utility.obj
 0001:000116b0       __scrt_dllmain_crt_thread_attach 00000001800126b0 f   MSVCRT:utility.obj
 0001:000116d8       __scrt_dllmain_crt_thread_detach 00000001800126d8 f   MSVCRT:utility.obj
 0001:000116f0       __scrt_dllmain_exception_filter 00000001800126f0 f   MSVCRT:utility.obj
 0001:00011750       __scrt_dllmain_uninitialize_c 0000000180012750 f   MSVCRT:utility.obj
 0001:00011780       __scrt_dllmain_uninitialize_critical 0000000180012780 f   MSVCRT:utility.obj
 0001:00011794       __scrt_initialize_crt      0000000180012794 f   MSVCRT:utility.obj
 0001:000117e0       __scrt_initialize_onexit_tables 00000001800127e0 f   MSVCRT:utility.obj
 0001:0001186c       __scrt_is_nonwritable_in_current_image 000000018001286c f   MSVCRT:utility.obj
 0001:00011904       __scrt_release_startup_lock 0000000180012904 f   MSVCRT:utility.obj
 0001:00011928       __scrt_uninitialize_crt    0000000180012928 f   MSVCRT:utility.obj
 0001:00011954       _onexit                    0000000180012954 f   MSVCRT:utility.obj
 0001:00011990       at_quick_exit              0000000180012990 f   MSVCRT:utility.obj
 0001:000119b0       atexit                     00000001800129b0 f   MSVCRT:utility.obj
 0001:000119c8       __scrt_get_dyn_tls_init_callback 00000001800129c8 f   MSVCRT:dyn_tls_init.obj
 0001:000119d0       __crt_debugger_hook        00000001800129d0 f   MSVCRT:utility_desktop.obj
 0001:000119d8       __scrt_fastfail            00000001800129d8 f   MSVCRT:utility_desktop.obj
 0001:00011b24       __scrt_get_show_window_mode 0000000180012b24 f   MSVCRT:utility_desktop.obj
 0001:00011b60       __scrt_initialize_mta      0000000180012b60 f   MSVCRT:utility_desktop.obj
 0001:00011b68       __scrt_initialize_winrt    0000000180012b68 f   MSVCRT:utility_desktop.obj
 0001:00011b6c       __scrt_is_managed_app      0000000180012b6c f   MSVCRT:utility_desktop.obj
 0001:00011bc0       __scrt_set_unhandled_exception_filter 0000000180012bc0 f   MSVCRT:utility_desktop.obj
 0001:00011bd0       __scrt_exe_initialize_mta  0000000180012bd0 f   MSVCRT:utility_desktop.obj
 0001:00011bd0       __scrt_stub_for_initialize_mta 0000000180012bd0 f   MSVCRT:utility_desktop.obj
 0001:00011bd4       __scrt_unhandled_exception_filter 0000000180012bd4 f   MSVCRT:utility_desktop.obj
 0001:00011c30       _RTC_Initialize            0000000180012c30 f   MSVCRT:initsect.obj
 0001:00011c6c       _RTC_Terminate             0000000180012c6c f   MSVCRT:initsect.obj
 0001:00011ca8       _guard_check_icall_nop     0000000180012ca8 f i MSVCRT:guard_support.obj
 0001:00011cac       ReadNoFence64              0000000180012cac f i MSVCRT:guard_support.obj
 0001:00011cb0       ReadPointerNoFence         0000000180012cb0 f i MSVCRT:guard_support.obj
 0001:00011cb4       __castguard_check_failure_debugbreak 0000000180012cb4 f i MSVCRT:guard_support.obj
 0001:00011cd0       __castguard_check_failure_fastfail 0000000180012cd0 f i MSVCRT:guard_support.obj
 0001:00011cf4       __castguard_check_failure_nop 0000000180012cf4 f i MSVCRT:guard_support.obj
 0001:00011cf8       __castguard_check_failure_os_handled 0000000180012cf8 f i MSVCRT:guard_support.obj
 0001:00011d54       __castguard_check_failure_user_handled 0000000180012d54 f i MSVCRT:guard_support.obj
 0001:00011dc8       __castguard_set_user_handler 0000000180012dc8 f i MSVCRT:guard_support.obj
 0001:00011dd4       __castguard_slow_path_check_debugbreak 0000000180012dd4 f i MSVCRT:guard_support.obj
 0001:00011e08       __castguard_slow_path_check_fastfail 0000000180012e08 f i MSVCRT:guard_support.obj
 0001:00011e44       __castguard_slow_path_check_nop 0000000180012e44 f i MSVCRT:guard_support.obj
 0001:00011e48       __castguard_slow_path_check_os_handled 0000000180012e48 f i MSVCRT:guard_support.obj
 0001:00011e9c       __castguard_slow_path_check_user_handled 0000000180012e9c f i MSVCRT:guard_support.obj
 0001:00011f08       _guard_icall_checks_enforced 0000000180012f08 f i MSVCRT:guard_support.obj
 0001:00011f20       _guard_rf_checks_enforced  0000000180012f20 f i MSVCRT:guard_support.obj
 0001:00011f24       __isa_available_init       0000000180012f24 f   MSVCRT:cpu_disp.obj
 0001:000120d0       _get_startup_argv_mode     00000001800130d0 f   MSVCRT:argv_mode.obj
 0001:000120d8       __scrt_is_ucrt_dll_in_use  00000001800130d8 f   MSVCRT:ucrt_detection.obj
 0001:000120f0       __C_specific_handler       00000001800130f0 f   vcruntime:VCRUNTIME140.dll
 0001:000120f6       __std_type_info_destroy_list 00000001800130f6 f   vcruntime:VCRUNTIME140.dll
 0001:000120fc       __current_exception        00000001800130fc f   vcruntime:VCRUNTIME140.dll
 0001:00012102       __current_exception_context 0000000180013102 f   vcruntime:VCRUNTIME140.dll
 0001:00012108       memset                     0000000180013108 f   vcruntime:VCRUNTIME140.dll
 0001:0001210e       _lseeki64                  000000018001310e f   ucrt:api-ms-win-crt-stdio-l1-1-0.dll
 0001:00012114       _wopen                     0000000180013114 f   ucrt:api-ms-win-crt-stdio-l1-1-0.dll
 0001:0001211a       _open                      000000018001311a f   ucrt:api-ms-win-crt-stdio-l1-1-0.dll
 0001:00012120       wcstombs                   0000000180013120 f   ucrt:api-ms-win-crt-convert-l1-1-0.dll
 0001:00012126       __stdio_common_vsprintf    0000000180013126 f   ucrt:api-ms-win-crt-stdio-l1-1-0.dll
 0001:0001212c       free                       000000018001312c f   ucrt:api-ms-win-crt-heap-l1-1-0.dll
 0001:00012132       malloc                     0000000180013132 f   ucrt:api-ms-win-crt-heap-l1-1-0.dll
 0001:00012138       _read                      0000000180013138 f   ucrt:api-ms-win-crt-stdio-l1-1-0.dll
 0001:0001213e       _close                     000000018001313e f   ucrt:api-ms-win-crt-stdio-l1-1-0.dll
 0001:00012144       _errno                     0000000180013144 f   ucrt:api-ms-win-crt-runtime-l1-1-0.dll
 0001:0001214a       strerror                   000000018001314a f   ucrt:api-ms-win-crt-runtime-l1-1-0.dll
 0001:00012150       _write                     0000000180013150 f   ucrt:api-ms-win-crt-stdio-l1-1-0.dll
 0001:00012156       ftell                      0000000180013156 f   ucrt:api-ms-win-crt-stdio-l1-1-0.dll
 0001:0001215c       ferror                     000000018001315c f   ucrt:api-ms-win-crt-stdio-l1-1-0.dll
 0001:00012162       fopen                      0000000180013162 f   ucrt:api-ms-win-crt-stdio-l1-1-0.dll
 0001:00012168       fclose                     0000000180013168 f   ucrt:api-ms-win-crt-stdio-l1-1-0.dll
 0001:0001216e       fseek                      000000018001316e f   ucrt:api-ms-win-crt-stdio-l1-1-0.dll
 0001:00012174       fwrite                     0000000180013174 f   ucrt:api-ms-win-crt-stdio-l1-1-0.dll
 0001:0001217a       _ftelli64                  000000018001317a f   ucrt:api-ms-win-crt-stdio-l1-1-0.dll
 0001:00012180       fread                      0000000180013180 f   ucrt:api-ms-win-crt-stdio-l1-1-0.dll
 0001:00012186       _fseeki64                  0000000180013186 f   ucrt:api-ms-win-crt-stdio-l1-1-0.dll
 0001:0001218c       srand                      000000018001318c f   ucrt:api-ms-win-crt-utility-l1-1-0.dll
 0001:00012192       rand                       0000000180013192 f   ucrt:api-ms-win-crt-utility-l1-1-0.dll
 0001:00012198       _time64                    0000000180013198 f   ucrt:api-ms-win-crt-time-l1-1-0.dll
 0001:0001219e       _initterm                  000000018001319e f   ucrt:api-ms-win-crt-runtime-l1-1-0.dll
 0001:000121a4       _initterm_e                00000001800131a4 f   ucrt:api-ms-win-crt-runtime-l1-1-0.dll
 0001:000121aa       _seh_filter_dll            00000001800131aa f   ucrt:api-ms-win-crt-runtime-l1-1-0.dll
 0001:000121b0       _configure_narrow_argv     00000001800131b0 f   ucrt:api-ms-win-crt-runtime-l1-1-0.dll
 0001:000121b6       _initialize_narrow_environment 00000001800131b6 f   ucrt:api-ms-win-crt-runtime-l1-1-0.dll
 0001:000121bc       _initialize_onexit_table   00000001800131bc f   ucrt:api-ms-win-crt-runtime-l1-1-0.dll
 0001:000121c2       _register_onexit_function  00000001800131c2 f   ucrt:api-ms-win-crt-runtime-l1-1-0.dll
 0001:000121c8       _execute_onexit_table      00000001800131c8 f   ucrt:api-ms-win-crt-runtime-l1-1-0.dll
 0001:000121ce       _crt_atexit                00000001800131ce f   ucrt:api-ms-win-crt-runtime-l1-1-0.dll
 0001:000121d4       _crt_at_quick_exit         00000001800131d4 f   ucrt:api-ms-win-crt-runtime-l1-1-0.dll
 0001:000121da       _cexit                     00000001800131da f   ucrt:api-ms-win-crt-runtime-l1-1-0.dll
 0001:000121e0       terminate                  00000001800131e0 f   ucrt:api-ms-win-crt-runtime-l1-1-0.dll
 0001:000121e6       QueryPerformanceCounter    00000001800131e6 f   kernel32:KERNEL32.dll
 0001:000121ec       GetCurrentProcessId        00000001800131ec f   kernel32:KERNEL32.dll
 0001:000121f2       GetCurrentThreadId         00000001800131f2 f   kernel32:KERNEL32.dll
 0001:000121f8       GetSystemTimeAsFileTime    00000001800131f8 f   kernel32:KERNEL32.dll
 0001:000121fe       DisableThreadLibraryCalls  00000001800131fe f   kernel32:KERNEL32.dll
 0001:00012204       InitializeSListHead        0000000180013204 f   kernel32:KERNEL32.dll
 0001:0001220a       RtlCaptureContext          000000018001320a f   kernel32:KERNEL32.dll
 0001:00012210       RtlLookupFunctionEntry     0000000180013210 f   kernel32:KERNEL32.dll
 0001:00012216       RtlVirtualUnwind           0000000180013216 f   kernel32:KERNEL32.dll
 0001:0001221c       IsDebuggerPresent          000000018001321c f   kernel32:KERNEL32.dll
 0001:00012222       UnhandledExceptionFilter   0000000180013222 f   kernel32:KERNEL32.dll
 0001:00012228       SetUnhandledExceptionFilter 0000000180013228 f   kernel32:KERNEL32.dll
 0001:0001222e       GetStartupInfoW            000000018001322e f   kernel32:KERNEL32.dll
 0001:00012234       IsProcessorFeaturePresent  0000000180013234 f   kernel32:KERNEL32.dll
 0001:0001223a       GetModuleHandleW           000000018001323a f   kernel32:KERNEL32.dll
 0001:00012240       __acrt_initialize          0000000180013240 f   MSVCRT:ucrt_stubs.obj
 0001:00012240       __scrt_stub_for_acrt_initialize 0000000180013240 f   MSVCRT:ucrt_stubs.obj
 0001:00012240       __vcrt_initialize          0000000180013240 f   MSVCRT:ucrt_stubs.obj
 0001:00012244       __acrt_thread_attach       0000000180013244 f   MSVCRT:ucrt_stubs.obj
 0001:00012244       __scrt_stub_for_acrt_thread_attach 0000000180013244 f   MSVCRT:ucrt_stubs.obj
 0001:00012244       __vcrt_thread_attach       0000000180013244 f   MSVCRT:ucrt_stubs.obj
 0001:00012248       __acrt_thread_detach       0000000180013248 f   MSVCRT:ucrt_stubs.obj
 0001:00012248       __scrt_stub_for_acrt_thread_detach 0000000180013248 f   MSVCRT:ucrt_stubs.obj
 0001:00012248       __vcrt_thread_detach       0000000180013248 f   MSVCRT:ucrt_stubs.obj
 0001:0001224c       __acrt_uninitialize        000000018001324c f   MSVCRT:ucrt_stubs.obj
 0001:0001224c       __scrt_stub_for_acrt_uninitialize 000000018001324c f   MSVCRT:ucrt_stubs.obj
 0001:0001224c       __vcrt_uninitialize        000000018001324c f   MSVCRT:ucrt_stubs.obj
 0001:00012250       __acrt_uninitialize_critical 0000000180013250 f   MSVCRT:ucrt_stubs.obj
 0001:00012250       __scrt_stub_for_acrt_uninitialize_critical 0000000180013250 f   MSVCRT:ucrt_stubs.obj
 0001:00012250       __vcrt_uninitialize_critical 0000000180013250 f   MSVCRT:ucrt_stubs.obj
 0001:00012254       __scrt_stub_for_is_c_termination_complete 0000000180013254 f   MSVCRT:ucrt_stubs.obj
 0001:00012254       _is_c_termination_complete 0000000180013254 f   MSVCRT:ucrt_stubs.obj
 0001:00012270       __chkstk                   0000000180013270 f   MSVCRT:chkstk.obj
 0001:00012270       _alloca_probe              0000000180013270 f   MSVCRT:chkstk.obj
 0001:000122be       memchr                     00000001800132be f   vcruntime:VCRUNTIME140.dll
 0001:000122c4       memcpy                     00000001800132c4 f   vcruntime:VCRUNTIME140.dll
 0001:000122ca       memmove                    00000001800132ca f   vcruntime:VCRUNTIME140.dll
 0001:000122e0       _guard_dispatch_icall_nop  00000001800132e0 f   MSVCRT:guard_dispatch.obj
 0001:00012300       _guard_xfg_dispatch_icall_nop 0000000180013300 f   MSVCRT:guard_xfg_dispatch.obj
 0002:00000000       __imp_ReadFile             0000000180014000     kernel32:KERNEL32.dll
 0002:00000008       __imp_WriteFile            0000000180014008     kernel32:KERNEL32.dll
 0002:00000010       __imp_SetFilePointer       0000000180014010     kernel32:KERNEL32.dll
 0002:00000018       __imp_CreateFileW          0000000180014018     kernel32:KERNEL32.dll
 0002:00000020       __imp_GetLastError         0000000180014020     kernel32:KERNEL32.dll
 0002:00000028       __imp_CreateFileA          0000000180014028     kernel32:KERNEL32.dll
 0002:00000030       __imp_CloseHandle          0000000180014030     kernel32:KERNEL32.dll
 0002:00000038       __imp_GetCurrentProcessId  0000000180014038     kernel32:KERNEL32.dll
 0002:00000040       __imp_GetCurrentThreadId   0000000180014040     kernel32:KERNEL32.dll
 0002:00000048       __imp_GetSystemTimeAsFileTime 0000000180014048     kernel32:KERNEL32.dll
 0002:00000050       __imp_DisableThreadLibraryCalls 0000000180014050     kernel32:KERNEL32.dll
 0002:00000058       __imp_InitializeSListHead  0000000180014058     kernel32:KERNEL32.dll
 0002:00000060       __imp_RtlCaptureContext    0000000180014060     kernel32:KERNEL32.dll
 0002:00000068       __imp_RtlLookupFunctionEntry 0000000180014068     kernel32:KERNEL32.dll
 0002:00000070       __imp_RtlVirtualUnwind     0000000180014070     kernel32:KERNEL32.dll
 0002:00000078       __imp_GetModuleHandleW     0000000180014078     kernel32:KERNEL32.dll
 0002:00000080       __imp_IsProcessorFeaturePresent 0000000180014080     kernel32:KERNEL32.dll
 0002:00000088       __imp_GetStartupInfoW      0000000180014088     kernel32:KERNEL32.dll
 0002:00000090       __imp_SetUnhandledExceptionFilter 0000000180014090     kernel32:KERNEL32.dll
 0002:00000098       __imp_UnhandledExceptionFilter 0000000180014098     kernel32:KERNEL32.dll
 0002:000000a0       __imp_IsDebuggerPresent    00000001800140a0     kernel32:KERNEL32.dll
 0002:000000a8       __imp_QueryPerformanceCounter 00000001800140a8     kernel32:KERNEL32.dll
 0002:000000b0       \177KERNEL32_NULL_THUNK_DATA 00000001800140b0     kernel32:KERNEL32.dll
 0002:000000b8       __imp___current_exception_context 00000001800140b8     vcruntime:VCRUNTIME140.dll
 0002:000000c0       __imp___current_exception  00000001800140c0     vcruntime:VCRUNTIME140.dll
 0002:000000c8       __imp___std_type_info_destroy_list 00000001800140c8     vcruntime:VCRUNTIME140.dll
 0002:000000d0       __imp___C_specific_handler 00000001800140d0     vcruntime:VCRUNTIME140.dll
 0002:000000d8       __imp_memset               00000001800140d8     vcruntime:VCRUNTIME140.dll
 0002:000000e0       __imp_memcpy               00000001800140e0     vcruntime:VCRUNTIME140.dll
 0002:000000e8       __imp_memchr               00000001800140e8     vcruntime:VCRUNTIME140.dll
 0002:000000f0       __imp_memmove              00000001800140f0     vcruntime:VCRUNTIME140.dll
 0002:000000f8       \177VCRUNTIME140_NULL_THUNK_DATA 00000001800140f8     vcruntime:VCRUNTIME140.dll
 0002:00000100       __imp_wcstombs             0000000180014100     ucrt:api-ms-win-crt-convert-l1-1-0.dll
 0002:00000108       \177api-ms-win-crt-convert-l1-1-0_NULL_THUNK_DATA 0000000180014108     ucrt:api-ms-win-crt-convert-l1-1-0.dll
 0002:00000110       __imp_malloc               0000000180014110     ucrt:api-ms-win-crt-heap-l1-1-0.dll
 0002:00000118       __imp_free                 0000000180014118     ucrt:api-ms-win-crt-heap-l1-1-0.dll
 0002:00000120       \177api-ms-win-crt-heap-l1-1-0_NULL_THUNK_DATA 0000000180014120     ucrt:api-ms-win-crt-heap-l1-1-0.dll
 0002:00000128       __imp_terminate            0000000180014128     ucrt:api-ms-win-crt-runtime-l1-1-0.dll
 0002:00000130       __imp__initterm            0000000180014130     ucrt:api-ms-win-crt-runtime-l1-1-0.dll
 0002:00000138       __imp__initterm_e          0000000180014138     ucrt:api-ms-win-crt-runtime-l1-1-0.dll
 0002:00000140       __imp__seh_filter_dll      0000000180014140     ucrt:api-ms-win-crt-runtime-l1-1-0.dll
 0002:00000148       __imp__configure_narrow_argv 0000000180014148     ucrt:api-ms-win-crt-runtime-l1-1-0.dll
 0002:00000150       __imp__initialize_narrow_environment 0000000180014150     ucrt:api-ms-win-crt-runtime-l1-1-0.dll
 0002:00000158       __imp__initialize_onexit_table 0000000180014158     ucrt:api-ms-win-crt-runtime-l1-1-0.dll
 0002:00000160       __imp__register_onexit_function 0000000180014160     ucrt:api-ms-win-crt-runtime-l1-1-0.dll
 0002:00000168       __imp__execute_onexit_table 0000000180014168     ucrt:api-ms-win-crt-runtime-l1-1-0.dll
 0002:00000170       __imp__crt_atexit          0000000180014170     ucrt:api-ms-win-crt-runtime-l1-1-0.dll
 0002:00000178       __imp__crt_at_quick_exit   0000000180014178     ucrt:api-ms-win-crt-runtime-l1-1-0.dll
 0002:00000180       __imp__cexit               0000000180014180     ucrt:api-ms-win-crt-runtime-l1-1-0.dll
 0002:00000188       __imp_strerror             0000000180014188     ucrt:api-ms-win-crt-runtime-l1-1-0.dll
 0002:00000190       __imp__errno               0000000180014190     ucrt:api-ms-win-crt-runtime-l1-1-0.dll
 0002:00000198       \177api-ms-win-crt-runtime-l1-1-0_NULL_THUNK_DATA 0000000180014198     ucrt:api-ms-win-crt-runtime-l1-1-0.dll
 0002:000001a0       __imp_fwrite               00000001800141a0     ucrt:api-ms-win-crt-stdio-l1-1-0.dll
 0002:000001a8       __imp__fseeki64            00000001800141a8     ucrt:api-ms-win-crt-stdio-l1-1-0.dll
 0002:000001b0       __imp__open                00000001800141b0     ucrt:api-ms-win-crt-stdio-l1-1-0.dll
 0002:000001b8       __imp_fread                00000001800141b8     ucrt:api-ms-win-crt-stdio-l1-1-0.dll
 0002:000001c0       __imp_fclose               00000001800141c0     ucrt:api-ms-win-crt-stdio-l1-1-0.dll
 0002:000001c8       __imp_fopen                00000001800141c8     ucrt:api-ms-win-crt-stdio-l1-1-0.dll
 0002:000001d0       __imp_ferror               00000001800141d0     ucrt:api-ms-win-crt-stdio-l1-1-0.dll
 0002:000001d8       __imp_ftell                00000001800141d8     ucrt:api-ms-win-crt-stdio-l1-1-0.dll
 0002:000001e0       __imp__write               00000001800141e0     ucrt:api-ms-win-crt-stdio-l1-1-0.dll
 0002:000001e8       __imp__lseeki64            00000001800141e8     ucrt:api-ms-win-crt-stdio-l1-1-0.dll
 0002:000001f0       __imp__wopen               00000001800141f0     ucrt:api-ms-win-crt-stdio-l1-1-0.dll
 0002:000001f8       __imp__close               00000001800141f8     ucrt:api-ms-win-crt-stdio-l1-1-0.dll
 0002:00000200       __imp__read                0000000180014200     ucrt:api-ms-win-crt-stdio-l1-1-0.dll
 0002:00000208       __imp__ftelli64            0000000180014208     ucrt:api-ms-win-crt-stdio-l1-1-0.dll
 0002:00000210       __imp_fseek                0000000180014210     ucrt:api-ms-win-crt-stdio-l1-1-0.dll
 0002:00000218       __imp___stdio_common_vsprintf 0000000180014218     ucrt:api-ms-win-crt-stdio-l1-1-0.dll
 0002:00000220       \177api-ms-win-crt-stdio-l1-1-0_NULL_THUNK_DATA 0000000180014220     ucrt:api-ms-win-crt-stdio-l1-1-0.dll
 0002:00000228       __imp__time64              0000000180014228     ucrt:api-ms-win-crt-time-l1-1-0.dll
 0002:00000230       \177api-ms-win-crt-time-l1-1-0_NULL_THUNK_DATA 0000000180014230     ucrt:api-ms-win-crt-time-l1-1-0.dll
 0002:00000238       __imp_srand                0000000180014238     ucrt:api-ms-win-crt-utility-l1-1-0.dll
 0002:00000240       __imp_rand                 0000000180014240     ucrt:api-ms-win-crt-utility-l1-1-0.dll
 0002:00000248       \177api-ms-win-crt-utility-l1-1-0_NULL_THUNK_DATA 0000000180014248     ucrt:api-ms-win-crt-utility-l1-1-0.dll
 0002:00000250       __guard_check_icall_fptr   0000000180014250     MSVCRT:guard_support.obj
 0002:00000258       __guard_xfg_check_icall_fptr 0000000180014258     MSVCRT:guard_support.obj
 0002:00000260       __guard_dispatch_icall_fptr 0000000180014260     MSVCRT:guard_support.obj
 0002:00000268       __guard_xfg_dispatch_icall_fptr 0000000180014268     MSVCRT:guard_support.obj
 0002:00000270       __guard_xfg_table_dispatch_icall_fptr 0000000180014270     MSVCRT:guard_support.obj
 0002:00000278       __castguard_check_failure_os_handled_fptr 0000000180014278     MSVCRT:guard_support.obj
 0002:00000280       __guard_memcpy_fptr        0000000180014280     vcruntime:softmemtag.obj
 0002:00000288       __xc_a                     0000000180014288     MSVCRT:initializers.obj
 0002:00000290       __xc_z                     0000000180014290     MSVCRT:initializers.obj
 0002:00000298       __xi_a                     0000000180014298     MSVCRT:initializers.obj
 0002:000002a0       __xi_z                     00000001800142a0     MSVCRT:initializers.obj
 0002:000002a8       __xp_a                     00000001800142a8     MSVCRT:initializers.obj
 0002:000002b0       __xp_z                     00000001800142b0     MSVCRT:initializers.obj
 0002:000002b8       __xt_a                     00000001800142b8     MSVCRT:initializers.obj
 0002:000002c0       __xt_z                     00000001800142c0     MSVCRT:initializers.obj
 0002:000002d0       _pDefaultRawDllMain        00000001800142d0     MSVCRT:dll_dllmain.obj
 0002:000002d0       _pRawDllMain               00000001800142d0     MSVCRT:dll_dllmain.obj
 0002:000002e0       __xmm@ffffffffffffffffffffffffffffffff 00000001800142e0     MSVCRT:utility.obj
 0002:000002f0       ??_C@_06BLOPDDFN@1?42?413@ 00000001800142f0     compress.obj
 0002:00003e90       _length_code               0000000180017e90     trees.obj
 0002:00003f90       _dist_code                 0000000180017f90     trees.obj
 0002:00004960       unz_copyright              0000000180018960     unzip.obj
 0002:000049c0       z_errmsg                   00000001800189c0     zutil.obj
 0002:00004a10       ??_C@_02DKCKIIND@?$CFs@    0000000180018a10     gzlib.obj
 0002:00004a18       ??_C@_07EBNKNFJN@?$DMfd?3?$CFd?$DO@ 0000000180018a18     gzlib.obj
 0002:00004a20       ??_C@_0O@BNNCBLEN@out?5of?5memory@ 0000000180018a20     gzlib.obj
 0002:00004a2e       ??_C@_00CNPNBAHC@@         0000000180018a2e     gzlib.obj
 0002:00004a30       ??_C@_02LMMGGCAJ@?3?5@     0000000180018a30     gzlib.obj
 0002:00004a34       ??_C@_06DIJPEION@?$CFs?$CFs?$CFs@ 0000000180018a34     gzlib.obj
 0002:00004a40       ??_C@_0BH@CFIIDOJD@unexpected?5end?5of?5file@ 0000000180018a40     gzread.obj
 0002:00004a58       ??_C@_0CH@CPOLIEKA@internal?5error?3?5inflate?5stream?5@ 0000000180018a58     gzread.obj
 0002:00004a80       ??_C@_0BG@HCKBMIHF@compressed?5data?5error@ 0000000180018a80     gzread.obj
 0002:00004a98       ??_C@_0BP@HLDABFKK@request?5does?5not?5fit?5in?5an?5int@ 0000000180018a98     gzread.obj
 0002:00004ab8       ??_C@_0CB@EGGJDMIK@request?5does?5not?5fit?5in?5a?5size_@ 0000000180018ab8     gzread.obj
 0002:00004ae0       ??_C@_0BP@IIKIGMCC@out?5of?5room?5to?5push?5characters@ 0000000180018ae0     gzread.obj
 0002:00004b00       ??_C@_0CH@DEEGAHIB@internal?5error?3?5deflate?5stream?5@ 0000000180018b00     gzwrite.obj
 0002:00004b28       ??_C@_0CF@MLPJFDMM@requested?5length?5does?5not?5fit?5i@ 0000000180018b28     gzwrite.obj
 0002:00004b50       ??_C@_0CC@ENDIFONJ@string?5length?5does?5not?5fit?5in?5i@ 0000000180018b50     gzwrite.obj
 0002:00004b78       ??_C@_0BD@PJCBIDD@invalid?5block?5type@ 0000000180018b78     infback.obj
 0002:00004b90       ??_C@_0BN@LGAADGOK@invalid?5stored?5block?5lengths@ 0000000180018b90     infback.obj
 0002:00004bb0       ??_C@_0CE@GMIGFPBB@too?5many?5length?5or?5distance?5sym@ 0000000180018bb0     infback.obj
 0002:00004bd8       ??_C@_0BJ@HDEPPGOH@invalid?5code?5lengths?5set@ 0000000180018bd8     infback.obj
 0002:00004bf8       ??_C@_0BK@BMMPFBBH@invalid?5bit?5length?5repeat@ 0000000180018bf8     infback.obj
 0002:00004c18       ??_C@_0CF@DGDMADCD@invalid?5code?5?9?9?5missing?5end?9of?9@ 0000000180018c18     infback.obj
 0002:00004c40       ??_C@_0BM@IIMGAINC@invalid?5literal?1lengths?5set@ 0000000180018c40     infback.obj
 0002:00004c60       ??_C@_0BG@GMDFCBGP@invalid?5distances?5set@ 0000000180018c60     infback.obj
 0002:00004c78       ??_C@_0BM@FFFLPBBC@invalid?5literal?1length?5code@ 0000000180018c78     infback.obj
 0002:00004c98       ??_C@_0BG@LBKINIKP@invalid?5distance?5code@ 0000000180018c98     infback.obj
 0002:00004cb0       ??_C@_0BO@ECPMAOGG@invalid?5distance?5too?5far?5back@ 0000000180018cb0     infback.obj
 0002:00004cd0       ??_C@_0BH@LIBMMIGA@incorrect?5header?5check@ 0000000180018cd0     inflate.obj
 0002:00004ce8       ??_C@_0BL@IHKGDAEE@unknown?5compression?5method@ 0000000180018ce8     inflate.obj
 0002:00004d08       ??_C@_0BE@EMOGCLGO@invalid?5window?5size@ 0000000180018d08     inflate.obj
 0002:00004d20       ??_C@_0BJ@BLBBCOMO@unknown?5header?5flags?5set@ 0000000180018d20     inflate.obj
 0002:00004d40       ??_C@_0BE@GONKLEPM@header?5crc?5mismatch@ 0000000180018d40     inflate.obj
 0002:00004d58       ??_C@_0BF@MEIGEHBE@incorrect?5data?5check@ 0000000180018d58     inflate.obj
 0002:00004d70       ??_C@_0BH@FGKKJGOC@incorrect?5length?5check@ 0000000180018d70     inflate.obj
 0002:00004d88       ??_C@_02JDPG@rb@           0000000180018d88     ioapi.obj
 0002:00004d8c       ??_C@_03HMFOOINA@r?$CLb@   0000000180018d8c     ioapi.obj
 0002:00004d90       ??_C@_02GMLFBBN@wb@        0000000180018d90     ioapi.obj
 0002:00004d94       ??_C@_01JOAMLHOP@?9@       0000000180018d94     zip.obj
 0002:00004d98       ??_C@_0BA@MOKMMFOD@need?5dictionary@ 0000000180018d98     zutil.obj
 0002:00004da8       ??_C@_0L@FNAOCBOG@stream?5end@ 0000000180018da8     zutil.obj
 0002:00004db8       ??_C@_0L@KIJFAKBJ@file?5error@ 0000000180018db8     zutil.obj
 0002:00004dc8       ??_C@_0N@MKKNPMJD@stream?5error@ 0000000180018dc8     zutil.obj
 0002:00004dd8       ??_C@_0L@HAHMBNLP@data?5error@ 0000000180018dd8     zutil.obj
 0002:00004de8       ??_C@_0BE@OGGJBMCE@insufficient?5memory@ 0000000180018de8     zutil.obj
 0002:00004e00       ??_C@_0N@DFPGLBGC@buffer?5error@ 0000000180018e00     zutil.obj
 0002:00004e10       ??_C@_0BF@CJFPCCEG@incompatible?5version@ 0000000180018e10     zutil.obj
 0002:00004e30       _load_config_used          0000000180018e30     MSVCRT:loadcfg.obj
 0002:00005000       __CastGuardVftablesStart   0000000180019000     MSVCRT:guard_support.obj
 0002:00005080       __CastGuardVftablesEnd     0000000180019080     MSVCRT:guard_support.obj
 0002:00005100       __volatile_metadata        0000000180019100     <linker-defined>
 0002:000054b0       __rtc_iaa                  00000001800194b0     MSVCRT:initsect.obj
 0002:000054b8       __rtc_izz                  00000001800194b8     MSVCRT:initsect.obj
 0002:000054c0       __rtc_taa                  00000001800194c0     MSVCRT:initsect.obj
 0002:000054c8       __rtc_tzz                  00000001800194c8     MSVCRT:initsect.obj
 0002:00007a50       __IMPORT_DESCRIPTOR_KERNEL32 000000018001ba50     kernel32:KERNEL32.dll
 0002:00007a64       __IMPORT_DESCRIPTOR_VCRUNTIME140 000000018001ba64     vcruntime:VCRUNTIME140.dll
 0002:00007a78       __IMPORT_DESCRIPTOR_api-ms-win-crt-stdio-l1-1-0 000000018001ba78     ucrt:api-ms-win-crt-stdio-l1-1-0.dll
 0002:00007a8c       __IMPORT_DESCRIPTOR_api-ms-win-crt-convert-l1-1-0 000000018001ba8c     ucrt:api-ms-win-crt-convert-l1-1-0.dll
 0002:00007aa0       __IMPORT_DESCRIPTOR_api-ms-win-crt-heap-l1-1-0 000000018001baa0     ucrt:api-ms-win-crt-heap-l1-1-0.dll
 0002:00007ab4       __IMPORT_DESCRIPTOR_api-ms-win-crt-runtime-l1-1-0 000000018001bab4     ucrt:api-ms-win-crt-runtime-l1-1-0.dll
 0002:00007ac8       __IMPORT_DESCRIPTOR_api-ms-win-crt-utility-l1-1-0 000000018001bac8     ucrt:api-ms-win-crt-utility-l1-1-0.dll
 0002:00007adc       __IMPORT_DESCRIPTOR_api-ms-win-crt-time-l1-1-0 000000018001badc     ucrt:api-ms-win-crt-time-l1-1-0.dll
 0002:00007af0       __NULL_IMPORT_DESCRIPTOR   000000018001baf0     kernel32:KERNEL32.dll
 0003:00000000       __scrt_native_dllmain_reason 000000018001d000     MSVCRT:utility.obj
 0003:00000008       __security_cookie_complement 000000018001d008     MSVCRT:gs_cookie.obj
 0003:00000010       __security_cookie          000000018001d010     MSVCRT:gs_cookie.obj
 0003:00000018       __isa_available            000000018001d018     MSVCRT:cpu_disp.obj
 0003:0000001c       __isa_enabled              000000018001d01c     MSVCRT:cpu_disp.obj
 0003:00000020       __memset_fast_string_threshold 000000018001d020     MSVCRT:cpu_disp.obj
 0003:00000028       __memset_nt_threshold      000000018001d028     MSVCRT:cpu_disp.obj
 0003:00000030       __scrt_ucrt_dll_is_in_use  000000018001d030     MSVCRT:ucrt_stubs.obj
 0003:00000050       ?__type_info_root_node@@3U__type_info_node@@A 000000018001d050     MSVCRT:tncleanup.obj
 0003:00000060       ?_OptionsStorage@?1??__local_stdio_printf_options@@9@4_KA 000000018001d060     MSVCRT:default_local_stdio_options.obj
 0003:00000068       ?_OptionsStorage@?1??__local_stdio_scanf_options@@9@4_KA 000000018001d068     MSVCRT:default_local_stdio_options.obj
 0003:00000070       __scrt_current_native_startup_state 000000018001d070     MSVCRT:utility.obj
 0003:00000078       __scrt_native_startup_lock 000000018001d078     MSVCRT:utility.obj
 0003:000000b8       __scrt_debugger_hook_flag  000000018001d0b8     MSVCRT:utility_desktop.obj
 0003:000000c0       __castguard_check_failure_user_handled_fptr 000000018001d0c0     MSVCRT:guard_support.obj
 0003:000000c8       __favor                    000000018001d0c8     MSVCRT:cpu_disp.obj
 0003:000000d0       __dyn_tls_init_callback    000000018001d0d0     <common>
 0003:000000d8       ?_OptionsStorage@?1??__local_stdio_printf_options@@9@9 000000018001d0d8     <common>
 0003:000000e0       ?_OptionsStorage@?1??__local_stdio_scanf_options@@9@9 000000018001d0e0     <common>

 entry point at        0001:000113c8

 Static symbols

 0000:fffde000       .debug$S                   0000000180000000     zlibwapi.exp
 0000:fffde000       .debug$S                   0000000180000000     ucrt:api-ms-win-crt-convert-l1-1-0.dll
 0000:fffde000       .debug$S                   0000000180000000     ucrt:api-ms-win-crt-heap-l1-1-0.dll
 0000:fffde000       .debug$S                   0000000180000000     ucrt:api-ms-win-crt-heap-l1-1-0.dll
 0000:fffde000       .debug$S                   0000000180000000     ucrt:api-ms-win-crt-runtime-l1-1-0.dll
 0000:fffde000       .debug$S                   0000000180000000     ucrt:api-ms-win-crt-runtime-l1-1-0.dll
 0000:fffde000       .debug$S                   0000000180000000     ucrt:api-ms-win-crt-runtime-l1-1-0.dll
 0000:fffde000       .debug$S                   0000000180000000     ucrt:api-ms-win-crt-runtime-l1-1-0.dll
 0000:fffde000       .debug$S                   0000000180000000     ucrt:api-ms-win-crt-runtime-l1-1-0.dll
 0000:fffde000       .debug$S                   0000000180000000     ucrt:api-ms-win-crt-runtime-l1-1-0.dll
 0000:fffde000       .debug$S                   0000000180000000     ucrt:api-ms-win-crt-runtime-l1-1-0.dll
 0000:fffde000       .debug$S                   0000000180000000     ucrt:api-ms-win-crt-runtime-l1-1-0.dll
 0000:fffde000       .debug$S                   0000000180000000     ucrt:api-ms-win-crt-runtime-l1-1-0.dll
 0000:fffde000       .debug$S                   0000000180000000     ucrt:api-ms-win-crt-runtime-l1-1-0.dll
 0000:fffde000       .debug$S                   0000000180000000     ucrt:api-ms-win-crt-runtime-l1-1-0.dll
 0000:fffde000       .debug$S                   0000000180000000     ucrt:api-ms-win-crt-runtime-l1-1-0.dll
 0000:fffde000       .debug$S                   0000000180000000     ucrt:api-ms-win-crt-runtime-l1-1-0.dll
 0000:fffde000       .debug$S                   0000000180000000     ucrt:api-ms-win-crt-runtime-l1-1-0.dll
 0000:fffde000       .debug$S                   0000000180000000     ucrt:api-ms-win-crt-stdio-l1-1-0.dll
 0000:fffde000       .debug$S                   0000000180000000     ucrt:api-ms-win-crt-stdio-l1-1-0.dll
 0000:fffde000       .debug$S                   0000000180000000     ucrt:api-ms-win-crt-stdio-l1-1-0.dll
 0000:fffde000       .debug$S                   0000000180000000     ucrt:api-ms-win-crt-stdio-l1-1-0.dll
 0000:fffde000       .debug$S                   0000000180000000     ucrt:api-ms-win-crt-stdio-l1-1-0.dll
 0000:fffde000       .debug$S                   0000000180000000     ucrt:api-ms-win-crt-stdio-l1-1-0.dll
 0000:fffde000       .debug$S                   0000000180000000     ucrt:api-ms-win-crt-stdio-l1-1-0.dll
 0000:fffde000       .debug$S                   0000000180000000     ucrt:api-ms-win-crt-stdio-l1-1-0.dll
 0000:fffde000       .debug$S                   0000000180000000     ucrt:api-ms-win-crt-stdio-l1-1-0.dll
 0000:fffde000       .debug$S                   0000000180000000     ucrt:api-ms-win-crt-stdio-l1-1-0.dll
 0000:fffde000       .debug$S                   0000000180000000     ucrt:api-ms-win-crt-stdio-l1-1-0.dll
 0000:fffde000       .debug$S                   0000000180000000     ucrt:api-ms-win-crt-stdio-l1-1-0.dll
 0000:fffde000       .debug$S                   0000000180000000     ucrt:api-ms-win-crt-stdio-l1-1-0.dll
 0000:fffde000       .debug$S                   0000000180000000     ucrt:api-ms-win-crt-stdio-l1-1-0.dll
 0000:fffde000       .debug$S                   0000000180000000     ucrt:api-ms-win-crt-stdio-l1-1-0.dll
 0000:fffde000       .debug$S                   0000000180000000     ucrt:api-ms-win-crt-stdio-l1-1-0.dll
 0000:fffde000       .debug$S                   0000000180000000     ucrt:api-ms-win-crt-time-l1-1-0.dll
 0000:fffde000       .debug$S                   0000000180000000     ucrt:api-ms-win-crt-utility-l1-1-0.dll
 0000:fffde000       .debug$S                   0000000180000000     ucrt:api-ms-win-crt-utility-l1-1-0.dll
 0000:fffde000       .debug$S                   0000000180000000     kernel32:KERNEL32.dll
 0000:fffde000       .debug$S                   0000000180000000     kernel32:KERNEL32.dll
 0000:fffde000       .debug$S                   0000000180000000     kernel32:KERNEL32.dll
 0000:fffde000       .debug$S                   0000000180000000     kernel32:KERNEL32.dll
 0000:fffde000       .debug$S                   0000000180000000     kernel32:KERNEL32.dll
 0000:fffde000       .debug$S                   0000000180000000     kernel32:KERNEL32.dll
 0000:fffde000       .debug$S                   0000000180000000     kernel32:KERNEL32.dll
 0000:fffde000       .debug$S                   0000000180000000     kernel32:KERNEL32.dll
 0000:fffde000       .debug$S                   0000000180000000     kernel32:KERNEL32.dll
 0000:fffde000       .debug$S                   0000000180000000     kernel32:KERNEL32.dll
 0000:fffde000       .debug$S                   0000000180000000     kernel32:KERNEL32.dll
 0000:fffde000       .debug$S                   0000000180000000     kernel32:KERNEL32.dll
 0000:fffde000       .debug$S                   0000000180000000     kernel32:KERNEL32.dll
 0000:fffde000       .debug$S                   0000000180000000     kernel32:KERNEL32.dll
 0000:fffde000       .debug$S                   0000000180000000     kernel32:KERNEL32.dll
 0000:fffde000       .debug$S                   0000000180000000     kernel32:KERNEL32.dll
 0000:fffde000       .debug$S                   0000000180000000     kernel32:KERNEL32.dll
 0000:fffde000       .debug$S                   0000000180000000     kernel32:KERNEL32.dll
 0000:fffde000       .debug$S                   0000000180000000     kernel32:KERNEL32.dll
 0000:fffde000       .debug$S                   0000000180000000     kernel32:KERNEL32.dll
 0000:fffde000       .debug$S                   0000000180000000     kernel32:KERNEL32.dll
 0000:fffde000       .debug$S                   0000000180000000     kernel32:KERNEL32.dll
 0000:00000000       _volmd                     0000000180000000     MSVCRT:cpu_disp.obj
 0002:fffec000       __guard_ehcont_?dllmain_dispatch@@YAHQEAUHINSTANCE__@@KQEAX@Z 0000000180000000     MSVCRT:dll_dllmain.obj
 0002:fffec000       __guard_fids_?dllmain_dispatch@@YAHQEAUHINSTANCE__@@KQEAX@Z 0000000180000000     MSVCRT:dll_dllmain.obj
 0002:fffec000       __guard_fids__             0000000180000000     MSVCRT:guard_support.obj
 0002:fffec000       __guard_fids__             0000000180000000     MSVCRT:guard_support.obj
 0002:fffec000       __guard_fids__guard_icall_checks_enforced 0000000180000000     MSVCRT:guard_support.obj
 0000:00000000       _volmd                     0000000180000000     MSVCRT:guard_support.obj
 0000:00000000       _volmd                     0000000180000000     MSVCRT:guard_support.obj
 0000:00000000       _volmd                     0000000180000000     MSVCRT:guard_support.obj
 0000:00000000       _volmd                     0000000180000000     MSVCRT:guard_support.obj
 0000:00000000       _volmd                     0000000180000000     MSVCRT:guard_support.obj
 0000:00000000       _volmd                     0000000180000000     MSVCRT:guard_support.obj
 0000:00000000       _volmd                     0000000180000000     MSVCRT:guard_support.obj
 0000:00000000       _volmd                     0000000180000000     MSVCRT:guard_support.obj
 0000:00000000       _volmd                     0000000180000000     MSVCRT:guard_support.obj
 0000:00000000       _volmd                     0000000180000000     MSVCRT:guard_support.obj
 0002:fffec000       __guard_ehcont___scrt_is_nonwritable_in_current_image 0000000180000000     MSVCRT:utility.obj
 0000:00000000       _volmd                     0000000180000000     MSVCRT:utility.obj
 0000:00000000       _volmd                     0000000180000000     MSVCRT:utility.obj
 0000:00000000       _volmd                     0000000180000000     MSVCRT:utility.obj
 0002:fffec000       __guard_fids___scrt_set_unhandled_exception_filter 0000000180000000     MSVCRT:utility_desktop.obj
 0000:00000000       _volmd                     0000000180000000     MSVCRT:utility_desktop.obj
 0002:fffec000       __guard_fids__             0000000180000000     vcruntime:softmemtag.obj
 0000:fffde000       .debug$S                   0000000180000000     vcruntime:VCRUNTIME140.dll
 0000:fffde000       .debug$S                   0000000180000000     vcruntime:VCRUNTIME140.dll
 0000:fffde000       .debug$S                   0000000180000000     vcruntime:VCRUNTIME140.dll
 0000:fffde000       .debug$S                   0000000180000000     vcruntime:VCRUNTIME140.dll
 0000:fffde000       .debug$S                   0000000180000000     vcruntime:VCRUNTIME140.dll
 0000:fffde000       .debug$S                   0000000180000000     vcruntime:VCRUNTIME140.dll
 0000:fffde000       .debug$S                   0000000180000000     vcruntime:VCRUNTIME140.dll
 0000:fffde000       .debug$S                   0000000180000000     vcruntime:VCRUNTIME140.dll
 0001:000002f0       adler32_combine_           00000001800012f0 f   adler32.obj
 0001:00000520       byte_swap                  0000000180001520 f   crc32.obj
 0001:00000530       multmodp                   0000000180001530 f   crc32.obj
 0001:00000570       x2nmodp                    0000000180001570 f   crc32.obj
 0001:000005d0       crc_word                   00000001800015d0 f   crc32.obj
 0001:00000610       crc_word_big               0000000180001610 f   crc32.obj
 0001:00000aa0       slide_hash                 0000000180001aa0 f   deflate.obj
 0001:00000df0       deflateStateCheck          0000000180001df0 f   deflate.obj
 0001:00001600       putShortMSB                0000000180002600 f   deflate.obj
 0001:00001630       flush_pending              0000000180002630 f   deflate.obj
 0001:000022b0       read_buf                   00000001800032b0 f   deflate.obj
 0001:00002350       lm_init                    0000000180003350 f   deflate.obj
 0001:00002400       longest_match              0000000180003400 f   deflate.obj
 0001:000025c0       fill_window                00000001800035c0 f   deflate.obj
 0001:000027f0       deflate_stored             00000001800037f0 f   deflate.obj
 0001:00002c30       deflate_fast               0000000180003c30 f   deflate.obj
 0001:00003090       deflate_slow               0000000180004090 f   deflate.obj
 0001:00003600       deflate_rle                0000000180004600 f   deflate.obj
 0001:00003950       deflate_huff               0000000180004950 f   deflate.obj
 0001:00003c40       gz_reset                   0000000180004c40 f   gzlib.obj
 0001:00003c90       gz_open                    0000000180004c90 f   gzlib.obj
 0001:00003f40       $LN55                      0000000180004f40     gzlib.obj
 0001:00003f6c       $LN54                      0000000180004f6c     gzlib.obj
 0001:00004530       gz_load                    0000000180005530 f   gzread.obj
 0001:000045e0       gz_avail                   00000001800055e0 f   gzread.obj
 0001:00004670       gz_look                    0000000180005670 f   gzread.obj
 0001:00004830       gz_decomp                  0000000180005830 f   gzread.obj
 0001:00004950       gz_fetch                   0000000180005950 f   gzread.obj
 0001:00004a00       gz_skip                    0000000180005a00 f   gzread.obj
 0001:00004a80       gz_read                    0000000180005a80 f   gzread.obj
 0001:000050c0       gz_init                    00000001800060c0 f   gzwrite.obj
 0001:000051e0       gz_comp                    00000001800061e0 f   gzwrite.obj
 0001:000053a0       gz_zero                    00000001800063a0 f   gzwrite.obj
 0001:00005450       gz_write                   0000000180006450 f   gzwrite.obj
 0001:00005cc0       fixedtables                0000000180006cc0 f   infback.obj
 0001:00006b64       $LN481                     0000000180007b64     infback.obj
 0001:00007100       inflateStateCheck          0000000180008100 f   inflate.obj
 0001:00007420       fixedtables                0000000180008420 f   inflate.obj
 0001:00007450       updatewindow               0000000180008450 f   inflate.obj
 0001:00008cfc       $LN820                     0000000180009cfc     inflate.obj
 0001:00008f70       syncsearch                 0000000180009f70 f   inflate.obj
 0001:00009ae0       fopen_file_func            000000018000aae0 f   ioapi.obj
 0001:00009b30       fopen64_file_func          000000018000ab30 f   ioapi.obj
 0001:00009b80       fread_file_func            000000018000ab80 f   ioapi.obj
 0001:00009ba0       fwrite_file_func           000000018000aba0 f   ioapi.obj
 0001:00009bc0       ftell_file_func            000000018000abc0 f   ioapi.obj
 0001:00009bd0       ftell64_file_func          000000018000abd0 f   ioapi.obj
 0001:00009be0       fseek_file_func            000000018000abe0 f   ioapi.obj
 0001:00009c40       fseek64_file_func          000000018000ac40 f   ioapi.obj
 0001:00009ca0       fclose_file_func           000000018000aca0 f   ioapi.obj
 0001:00009cb0       ferror_file_func           000000018000acb0 f   ioapi.obj
 0001:00009d20       win32_translate_open_mode  000000018000ad20 f   iowin32.obj
 0001:00009d80       win32_build_iowin          000000018000ad80 f   iowin32.obj
 0001:0000a0d0       MySetFilePointerEx         000000018000b0d0 f   iowin32.obj
 0001:0000a4d0       tr_static_init             000000018000b4d0 f   trees.obj
 0001:0000a550       init_block                 000000018000b550 f   trees.obj
 0001:0000a720       pqdownheap                 000000018000b720 f   trees.obj
 0001:0000a810       gen_bitlen                 000000018000b810 f   trees.obj
 0001:0000aa20       gen_codes                  000000018000ba20 f   trees.obj
 0001:0000ab40       build_tree                 000000018000bb40 f   trees.obj
 0001:0000ad80       scan_tree                  000000018000bd80 f   trees.obj
 0001:0000ae90       send_tree                  000000018000be90 f   trees.obj
 0001:0000b400       build_bl_tree              000000018000c400 f   trees.obj
 0001:0000b4d0       send_all_trees             000000018000c4d0 f   trees.obj
 0001:0000bbb0       compress_block             000000018000cbb0 f   trees.obj
 0001:0000c010       detect_data_type           000000018000d010 f   trees.obj
 0001:0000c090       bi_reverse                 000000018000d090 f   trees.obj
 0001:0000c0b0       bi_flush                   000000018000d0b0 f   trees.obj
 0001:0000c130       bi_windup                  000000018000d130 f   trees.obj
 0001:0000c310       unz64local_getByte         000000018000d310 f   unzip.obj
 0001:0000c380       unz64local_getShort        000000018000d380 f   unzip.obj
 0001:0000c400       unz64local_getLong         000000018000d400 f   unzip.obj
 0001:0000c4d0       unz64local_getLong64       000000018000d4d0 f   unzip.obj
 0001:0000c650       strcmpcasenosensitive_internal 000000018000d650 f   unzip.obj
 0001:0000c700       unz64local_SearchCentralDir 000000018000d700 f   unzip.obj
 0001:0000c870       unz64local_SearchCentralDir64 000000018000d870 f   unzip.obj
 0001:0000ca90       unzOpenInternal            000000018000da90 f   unzip.obj
 0001:0000d050       unz64local_DosDateToTmuDate 000000018000e050 f   unzip.obj
 0001:0000d0b0       unz64local_GetCurrentFileInfoInternal 000000018000e0b0 f   unzip.obj
 0001:0000dbe0       unz64local_CheckCurrentFileCoherencyHeader 000000018000ebe0 f   unzip.obj
 0001:0000e6c0       time                       000000018000f6c0 f   zip.obj
 0001:0000e6d0       decrypt_byte               000000018000f6d0 f   zip.obj
 0001:0000e6f0       update_keys                000000018000f6f0 f   zip.obj
 0001:0000e740       init_keys                  000000018000f740 f   zip.obj
 0001:0000e7b0       crypthead                  000000018000f7b0 f   zip.obj
 0001:0000e900       allocate_new_datablock     000000018000f900 f   zip.obj
 0001:0000e930       free_datablock             000000018000f930 f   zip.obj
 0001:0000e960       init_linkedlist            000000018000f960 f   zip.obj
 0001:0000e970       free_linkedlist            000000018000f970 f   zip.obj
 0001:0000e990       add_data_in_datablock      000000018000f990 f   zip.obj
 0001:0000ea70       zip64local_putValue        000000018000fa70 f   zip.obj
 0001:0000eaf0       zip64local_putValue_inmemory 000000018000faf0 f   zip.obj
 0001:0000eb30       zip64local_TmzDateToDosDate 000000018000fb30 f   zip.obj
 0001:0000eb80       zip64local_getByte         000000018000fb80 f   zip.obj
 0001:0000ebf0       zip64local_getShort        000000018000fbf0 f   zip.obj
 0001:0000ec70       zip64local_getLong         000000018000fc70 f   zip.obj
 0001:0000ed40       zip64local_getLong64       000000018000fd40 f   zip.obj
 0001:0000eec0       zip64local_SearchCentralDir 000000018000fec0 f   zip.obj
 0001:0000f030       zip64local_SearchCentralDir64 0000000180010030 f   zip.obj
 0001:0000f250       LoadCentralDirectoryRecord 0000000180010250 f   zip.obj
 0001:0000f880       Write_LocalFileHeader      0000000180010880 f   zip.obj
 0001:00010440       zip64FlushWriteBuffer      0000000180011440 f   zip.obj
 0001:00010b20       Write_Zip64EndOfCentralDirectoryLocator 0000000180011b20 f   zip.obj
 0001:00010ba0       Write_Zip64EndOfCentralDirectoryRecord 0000000180011ba0 f   zip.obj
 0001:00010cd0       Write_EndOfCentralDirectoryRecord 0000000180011cd0 f   zip.obj
 0001:00010e00       Write_GlobalComment        0000000180011e00 f   zip.obj
 0001:00011084       ?dllmain_crt_dispatch@@YAHQEAUHINSTANCE__@@KQEAX@Z 0000000180012084 f   MSVCRT:dll_dllmain.obj
 0001:000110d4       ?dllmain_crt_process_attach@@YAHQEAUHINSTANCE__@@QEAX@Z 00000001800120d4 f   MSVCRT:dll_dllmain.obj
 0001:000111ec       ?dllmain_crt_process_detach@@YAH_N@Z 00000001800121ec f   MSVCRT:dll_dllmain.obj
 0001:00011270       ?dllmain_dispatch@@YAHQEAUHINSTANCE__@@KQEAX@Z 0000000180012270 f   MSVCRT:dll_dllmain.obj
 0001:000113a4       ?dllmain_raw@@YAHQEAUHINSTANCE__@@KQEAX@Z 00000001800123a4 f   MSVCRT:dll_dllmain.obj
 0001:00011408       __get_entropy              0000000180012408 f   MSVCRT:gs_support.obj
 0001:00011598       ?find_pe_section@@YAPEAU_IMAGE_SECTION_HEADER@@QEAE_K@Z 0000000180012598 f   MSVCRT:utility.obj
 0001:000115ec       ?is_potentially_valid_image_base@@YA_NQEAX@Z 00000001800125ec f   MSVCRT:utility.obj
 0001:00011d34       __castguard_check_failure_os_handled_wrapper 0000000180012d34 f   MSVCRT:guard_support.obj
 0001:00011d8c       __castguard_check_failure_user_handled_wrapper 0000000180012d8c f   MSVCRT:guard_support.obj
 0001:00011da8       __castguard_compat_check   0000000180012da8 f   MSVCRT:guard_support.obj
 0001:00011eec       __castguard_slow_path_compat_check 0000000180012eec f   MSVCRT:guard_support.obj
 0001:00012260       $$000000                   0000000180013260     MSVCRT:chkstk.obj
 0001:000122d0       $$000000                   00000001800132d0     MSVCRT:guard_dispatch.obj
 0001:000122f0       $$000000                   00000001800132f0     MSVCRT:guard_xfg_dispatch.obj
 0001:00012306       ?fin$0@?0??dllmain_crt_process_attach@@YAHQEAUHINSTANCE__@@QEAX@Z@4HA 0000000180013306 f   MSVCRT:dll_dllmain.obj
 0001:0001231d       ?fin$0@?0??dllmain_crt_process_detach@@YAH_N@Z@4HA 000000018001331d f   MSVCRT:dll_dllmain.obj
 0001:00012336       ?fin$1@?0??dllmain_crt_process_detach@@YAH_N@Z@4HA 0000000180013336 f   MSVCRT:dll_dllmain.obj
 0001:0001234a       ?filt$0@?0??dllmain_dispatch@@YAHQEAUHINSTANCE__@@KQEAX@Z@4HA 000000018001334a f   MSVCRT:dll_dllmain.obj
 0001:00012380       __scrt_is_nonwritable_in_current_image$filt$0 0000000180013380 f   MSVCRT:utility.obj
 0002:00000300       crc_table                  0000000180014300     crc32.obj
 0002:00000700       crc_big_table              0000000180014700     crc32.obj
 0002:00000b00       crc_braid_table            0000000180014b00     crc32.obj
 0002:00001b00       crc_braid_big_table        0000000180015b00     crc32.obj
 0002:00002b00       x2n_table                  0000000180016b00     crc32.obj
 0002:00002b80       ?my_version@?1??deflateInit2_@@9@9 0000000180016b80     deflate.obj
 0002:00002b90       configuration_table        0000000180016b90     deflate.obj
 0002:00002c30       ?lenfix@?1??fixedtables@@9@9 0000000180016c30     infback.obj
 0002:00003430       ?distfix@?1??fixedtables@@9@9 0000000180017430     infback.obj
 0002:000034b0       ?order@?1??inflateBack@@9@9 00000001800174b0     infback.obj
 0002:000034e0       ?lenfix@?1??fixedtables@@9@9 00000001800174e0     inflate.obj
 0002:00003ce0       ?distfix@?1??fixedtables@@9@9 0000000180017ce0     inflate.obj
 0002:00003d60       ?order@?1??inflate@@9@9    0000000180017d60     inflate.obj
 0002:00003d90       ?dext@?1??inflate_table@@9@9 0000000180017d90     inftrees.obj
 0002:00003dd0       ?lext@?1??inflate_table@@9@9 0000000180017dd0     inftrees.obj
 0002:00003e10       ?lbase@?1??inflate_table@@9@9 0000000180017e10     inftrees.obj
 0002:00003e50       ?dbase@?1??inflate_table@@9@9 0000000180017e50     inftrees.obj
 0002:00004190       static_dtree               0000000180018190     trees.obj
 0002:00004210       extra_blbits               0000000180018210     trees.obj
 0002:00004260       extra_lbits                0000000180018260     trees.obj
 0002:000042e0       base_dist                  00000001800182e0     trees.obj
 0002:00004360       base_length                0000000180018360     trees.obj
 0002:000043d8       static_l_desc              00000001800183d8     trees.obj
 0002:000043f8       static_bl_desc             00000001800183f8     trees.obj
 0002:00004420       extra_dbits                0000000180018420     trees.obj
 0002:000044a0       static_ltree               00000001800184a0     trees.obj
 0002:00004920       static_d_desc              0000000180018920     trees.obj
 0002:00004940       bl_order                   0000000180018940     trees.obj
 0002:000054d0       $unwind$adler32_combine_   00000001800194d0     adler32.obj
 0002:000054d8       $unwind$compress2          00000001800194d8     compress.obj
 0002:000054f0       $unwind$compress           00000001800194f0     compress.obj
 0002:000054f8       $unwind$x2nmodp            00000001800194f8     crc32.obj
 0002:00005500       $chain$0$x2nmodp           0000000180019500     crc32.obj
 0002:00005514       $chain$1$x2nmodp           0000000180019514     crc32.obj
 0002:00005524       $unwind$crc32_z            0000000180019524     crc32.obj
 0002:00005530       $chain$3$crc32_z           0000000180019530     crc32.obj
 0002:00005550       $chain$5$crc32_z           0000000180019550     crc32.obj
 0002:00005568       $chain$6$crc32_z           0000000180019568     crc32.obj
 0002:00005578       $chain$7$crc32_z           0000000180019578     crc32.obj
 0002:00005588       $unwind$crc32_combine64    0000000180019588     crc32.obj
 0002:00005594       $unwind$crc32_combine_op   0000000180019594     crc32.obj
 0002:0000559c       $unwind$slide_hash         000000018001959c     deflate.obj
 0002:000055a4       $unwind$deflateInit_       00000001800195a4     deflate.obj
 0002:000055ac       $unwind$deflateInit2_      00000001800195ac     deflate.obj
 0002:000055c0       $chain$0$deflateInit2_     00000001800195c0     deflate.obj
 0002:000055d4       $chain$1$deflateInit2_     00000001800195d4     deflate.obj
 0002:000055e8       $chain$2$deflateInit2_     00000001800195e8     deflate.obj
 0002:000055f8       $chain$4$deflateInit2_     00000001800195f8     deflate.obj
 0002:00005610       $chain$5$deflateInit2_     0000000180019610     deflate.obj
 0002:00005624       $chain$6$deflateInit2_     0000000180019624     deflate.obj
 0002:00005634       $unwind$deflateSetDictionary 0000000180019634     deflate.obj
 0002:00005644       $chain$2$deflateSetDictionary 0000000180019644     deflate.obj
 0002:00005660       $chain$3$deflateSetDictionary 0000000180019660     deflate.obj
 0002:00005670       $unwind$deflateGetDictionary 0000000180019670     deflate.obj
 0002:0000567c       $unwind$deflateResetKeep   000000018001967c     deflate.obj
 0002:00005688       $unwind$deflateReset       0000000180019688     deflate.obj
 0002:00005694       $unwind$deflateSetHeader   0000000180019694     deflate.obj
 0002:0000569c       $unwind$deflatePending     000000018001969c     deflate.obj
 0002:000056a4       $unwind$deflatePrime       00000001800196a4     deflate.obj
 0002:000056b0       $unwind$deflateParams      00000001800196b0     deflate.obj
 0002:000056cc       $unwind$deflateTune        00000001800196cc     deflate.obj
 0002:000056d4       $unwind$deflateBound       00000001800196d4     deflate.obj
 0002:000056dc       $unwind$flush_pending      00000001800196dc     deflate.obj
 0002:000056ec       $chain$0$flush_pending     00000001800196ec     deflate.obj
 0002:00005700       $chain$1$flush_pending     0000000180019700     deflate.obj
 0002:00005710       $unwind$deflate            0000000180019710     deflate.obj
 0002:0000571c       $chain$5$deflate           000000018001971c     deflate.obj
 0002:00005744       $chain$7$deflate           0000000180019744     deflate.obj
 0002:0000576c       $chain$8$deflate           000000018001976c     deflate.obj
 0002:00005780       $chain$9$deflate           0000000180019780     deflate.obj
 0002:00005790       $unwind$deflateEnd         0000000180019790     deflate.obj
 0002:000057a4       $unwind$deflateCopy        00000001800197a4     deflate.obj
 0002:000057ac       $chain$1$deflateCopy       00000001800197ac     deflate.obj
 0002:000057c4       $chain$3$deflateCopy       00000001800197c4     deflate.obj
 0002:000057dc       $chain$4$deflateCopy       00000001800197dc     deflate.obj
 0002:000057ec       $unwind$read_buf           00000001800197ec     deflate.obj
 0002:00005800       $unwind$lm_init            0000000180019800     deflate.obj
 0002:0000580c       $unwind$longest_match      000000018001980c     deflate.obj
 0002:00005828       $unwind$fill_window        0000000180019828     deflate.obj
 0002:00005838       $unwind$deflate_stored     0000000180019838     deflate.obj
 0002:00005848       $chain$0$deflate_stored    0000000180019848     deflate.obj
 0002:0000585c       $chain$2$deflate_stored    000000018001985c     deflate.obj
 0002:00005874       $chain$3$deflate_stored    0000000180019874     deflate.obj
 0002:00005888       $chain$4$deflate_stored    0000000180019888     deflate.obj
 0002:0000589c       $unwind$deflate_fast       000000018001989c     deflate.obj
 0002:000058b8       $unwind$deflate_slow       00000001800198b8     deflate.obj
 0002:000058d4       $unwind$deflate_rle        00000001800198d4     deflate.obj
 0002:000058f0       $unwind$deflate_huff       00000001800198f0     deflate.obj
 0002:00005900       $unwind$vsnprintf          0000000180019900     gzlib.obj
 0002:00005914       $unwind$snprintf           0000000180019914     gzlib.obj
 0002:00005924       $unwind$gz_reset           0000000180019924     gzlib.obj
 0002:00005930       $unwind$gz_open            0000000180019930     gzlib.obj
 0002:00005948       $chain$0$gz_open           0000000180019948     gzlib.obj
 0002:0000595c       $chain$1$gz_open           000000018001995c     gzlib.obj
 0002:0000596c       $chain$2$gz_open           000000018001996c     gzlib.obj
 0002:00005980       $chain$3$gz_open           0000000180019980     gzlib.obj
 0002:00005990       $unwind$gzdopen            0000000180019990     gzlib.obj
 0002:000059a0       $unwind$gzrewind           00000001800199a0     gzlib.obj
 0002:000059a8       $unwind$gzseek64           00000001800199a8     gzlib.obj
 0002:000059bc       $unwind$gzseek             00000001800199bc     gzlib.obj
 0002:000059c4       $unwind$gztell             00000001800199c4     gzlib.obj
 0002:000059cc       $unwind$gzoffset64         00000001800199cc     gzlib.obj
 0002:000059d4       $unwind$gzoffset           00000001800199d4     gzlib.obj
 0002:000059dc       $unwind$gz_error           00000001800199dc     gzlib.obj
 0002:000059f0       $unwind$gz_load            00000001800199f0     gzread.obj
 0002:00005a08       $unwind$gz_avail           0000000180019a08     gzread.obj
 0002:00005a10       $unwind$gz_look            0000000180019a10     gzread.obj
 0002:00005a20       $unwind$gz_decomp          0000000180019a20     gzread.obj
 0002:00005a34       $unwind$gz_fetch           0000000180019a34     gzread.obj
 0002:00005a3c       $unwind$gz_skip            0000000180019a3c     gzread.obj
 0002:00005a48       $unwind$gz_read            0000000180019a48     gzread.obj
 0002:00005a64       $unwind$gzread             0000000180019a64     gzread.obj
 0002:00005a6c       $unwind$gzfread            0000000180019a6c     gzread.obj
 0002:00005a74       $unwind$gzgetc             0000000180019a74     gzread.obj
 0002:00005a7c       $unwind$gzungetc           0000000180019a7c     gzread.obj
 0002:00005a88       $unwind$gzgets             0000000180019a88     gzread.obj
 0002:00005aa4       $unwind$gzdirect           0000000180019aa4     gzread.obj
 0002:00005aac       $unwind$gzclose_r          0000000180019aac     gzread.obj
 0002:00005ab4       $chain$1$gzclose_r         0000000180019ab4     gzread.obj
 0002:00005acc       $chain$2$gzclose_r         0000000180019acc     gzread.obj
 0002:00005adc       $unwind$gz_init            0000000180019adc     gzwrite.obj
 0002:00005af0       $unwind$gz_comp            0000000180019af0     gzwrite.obj
 0002:00005b08       $unwind$gz_zero            0000000180019b08     gzwrite.obj
 0002:00005b1c       $unwind$gz_write           0000000180019b1c     gzwrite.obj
 0002:00005b38       $unwind$gzwrite            0000000180019b38     gzwrite.obj
 0002:00005b40       $unwind$gzfwrite           0000000180019b40     gzwrite.obj
 0002:00005b48       $unwind$gzputc             0000000180019b48     gzwrite.obj
 0002:00005b54       $unwind$gzputs             0000000180019b54     gzwrite.obj
 0002:00005b5c       $chain$0$gzputs            0000000180019b5c     gzwrite.obj
[...]
 0002:000068a0       $unwind$zip64FlushWriteBuffer 000000018001a8a0     zip.obj
 0002:000068ac       $chain$0$zip64FlushWriteBuffer 000000018001a8ac     zip.obj
 0002:000068c0       $chain$2$zip64FlushWriteBuffer 000000018001a8c0     zip.obj
 0002:000068d8       $chain$3$zip64FlushWriteBuffer 000000018001a8d8     zip.obj
 0002:000068e8       $chain$4$zip64FlushWriteBuffer 000000018001a8e8     zip.obj
 0002:000068f8       $unwind$zipWriteInFileInZip 000000018001a8f8     zip.obj
 0002:0000690c       $chain$0$zipWriteInFileInZip 000000018001a90c     zip.obj
 0002:00006920       $chain$2$zipWriteInFileInZip 000000018001a920     zip.obj
 0002:00006934       $chain$3$zipWriteInFileInZip 000000018001a934     zip.obj
 0002:00006944       $unwind$zipCloseFileInZipRaw64 000000018001a944     zip.obj
 0002:00006954       $chain$2$zipCloseFileInZipRaw64 000000018001a954     zip.obj
 0002:00006970       $chain$4$zipCloseFileInZipRaw64 000000018001a970     zip.obj
 0002:0000698c       $chain$5$zipCloseFileInZipRaw64 000000018001a98c     zip.obj
 0002:0000699c       $unwind$Write_Zip64EndOfCentralDirectoryLocator 000000018001a99c     zip.obj
 0002:000069a8       $unwind$Write_Zip64EndOfCentralDirectoryRecord 000000018001a9a8     zip.obj
 0002:000069b8       $unwind$Write_EndOfCentralDirectoryRecord 000000018001a9b8     zip.obj
 0002:000069c4       $chain$0$Write_EndOfCentralDirectoryRecord 000000018001a9c4     zip.obj
 0002:000069d8       $chain$2$Write_EndOfCentralDirectoryRecord 000000018001a9d8     zip.obj
 0002:000069f0       $chain$3$Write_EndOfCentralDirectoryRecord 000000018001a9f0     zip.obj
 0002:00006a00       $chain$4$Write_EndOfCentralDirectoryRecord 000000018001aa00     zip.obj
 0002:00006a10       $unwind$Write_GlobalComment 000000018001aa10     zip.obj
 0002:00006a28       $unwind$zipClose           000000018001aa28     zip.obj
 0002:00006a38       $chain$0$zipClose          000000018001aa38     zip.obj
 0002:00006a4c       $chain$1$zipClose          000000018001aa4c     zip.obj
 0002:00006a60       $chain$2$zipClose          000000018001aa60     zip.obj
 0002:00006a74       $chain$3$zipClose          000000018001aa74     zip.obj
 0002:00006a84       $chain$4$zipClose          000000018001aa84     zip.obj
 0002:00006a94       $chain$5$zipClose          000000018001aa94     zip.obj
 0002:00006aa4       $unwind$?dllmain_crt_process_attach@@YAHQEAUHINSTANCE__@@QEAX@Z 000000018001aaa4     MSVCRT:dll_dllmain.obj
 0002:00006ae0       $unwind$?fin$0@?0??dllmain_crt_process_attach@@YAHQEAUHINSTANCE__@@QEAX@Z@4HA 000000018001aae0     MSVCRT:dll_dllmain.obj
 0002:00006ae8       $unwind$?dllmain_crt_process_detach@@YAH_N@Z 000000018001aae8     MSVCRT:dll_dllmain.obj
 0002:00006b3c       $unwind$?fin$0@?0??dllmain_crt_process_detach@@YAH_N@Z@4HA 000000018001ab3c     MSVCRT:dll_dllmain.obj
 0002:00006b44       $unwind$?fin$1@?0??dllmain_crt_process_detach@@YAH_N@Z@4HA 000000018001ab44     MSVCRT:dll_dllmain.obj
 0002:00006b4c       $unwind$?dllmain_crt_dispatch@@YAHQEAUHINSTANCE__@@KQEAX@Z 000000018001ab4c     MSVCRT:dll_dllmain.obj
 0002:00006b54       $unwind$?dllmain_dispatch@@YAHQEAUHINSTANCE__@@KQEAX@Z 000000018001ab54     MSVCRT:dll_dllmain.obj
 0002:00006b7c       $unwind$?filt$0@?0??dllmain_dispatch@@YAHQEAUHINSTANCE__@@KQEAX@Z@4HA 000000018001ab7c     MSVCRT:dll_dllmain.obj
 0002:00006b84       $unwind$_DllMainCRTStartup 000000018001ab84     MSVCRT:dll_dllmain.obj
 0002:00006b94       $unwind$__security_init_cookie 000000018001ab94     MSVCRT:gs_support.obj
 0002:00006ba0       $unwind$__get_entropy      000000018001aba0     MSVCRT:gs_support.obj
 0002:00006ba8       $unwind$DllMain            000000018001aba8     MSVCRT:dll_dllmain_stub.obj
 0002:00006bb0       $unwind$__scrt_initialize_default_local_stdio_options 000000018001abb0     MSVCRT:default_local_stdio_options.obj
 0002:00006bb8       $unwind$atexit             000000018001abb8     MSVCRT:utility.obj
 0002:00006bc0       $unwind$_onexit            000000018001abc0     MSVCRT:utility.obj
 0002:00006bc8       $unwind$__scrt_is_nonwritable_in_current_image 000000018001abc8     MSVCRT:utility.obj
 0002:00006be8       $unwind$__scrt_is_nonwritable_in_current_image$filt$0 000000018001abe8     MSVCRT:utility.obj
 0002:00006bf0       $unwind$__scrt_acquire_startup_lock 000000018001abf0     MSVCRT:utility.obj
 0002:00006bf8       $unwind$__scrt_release_startup_lock 000000018001abf8     MSVCRT:utility.obj
 0002:00006c00       $unwind$__scrt_initialize_crt 000000018001ac00     MSVCRT:utility.obj
 0002:00006c08       $unwind$__scrt_uninitialize_crt 000000018001ac08     MSVCRT:utility.obj
 0002:00006c10       $unwind$__scrt_initialize_onexit_tables 000000018001ac10     MSVCRT:utility.obj
 0002:00006c18       $unwind$__scrt_dllmain_exception_filter 000000018001ac18     MSVCRT:utility.obj
 0002:00006c2c       $unwind$__scrt_dllmain_before_initialize_c 000000018001ac2c     MSVCRT:utility.obj
 0002:00006c34       $unwind$__scrt_dllmain_after_initialize_c 000000018001ac34     MSVCRT:utility.obj
 0002:00006c3c       $unwind$__scrt_dllmain_uninitialize_c 000000018001ac3c     MSVCRT:utility.obj
 0002:00006c44       $unwind$__scrt_dllmain_uninitialize_critical 000000018001ac44     MSVCRT:utility.obj
 0002:00006c4c       $unwind$__scrt_dllmain_crt_thread_attach 000000018001ac4c     MSVCRT:utility.obj
 0002:00006c54       $unwind$__scrt_dllmain_crt_thread_detach 000000018001ac54     MSVCRT:utility.obj
 0002:00006c5c       $unwind$?configure_argv@__scrt_narrow_argv_policy@@SAHXZ 000000018001ac5c     MSVCRT:utility.obj
 0002:00006c64       $unwind$__scrt_get_show_window_mode 000000018001ac64     MSVCRT:utility_desktop.obj
 0002:00006c6c       $unwind$__scrt_is_managed_app 000000018001ac6c     MSVCRT:utility_desktop.obj
 0002:00006c74       $unwind$__scrt_fastfail    000000018001ac74     MSVCRT:utility_desktop.obj
 0002:00006c84       $unwind$__scrt_unhandled_exception_filter 000000018001ac84     MSVCRT:utility_desktop.obj
 0002:00006c90       $unwind$_RTC_Initialize    000000018001ac90     MSVCRT:initsect.obj
 0002:00006c9c       $unwind$_RTC_Terminate     000000018001ac9c     MSVCRT:initsect.obj
 0002:00006ca8       $unwind$__castguard_check_failure_os_handled_wrapper 000000018001aca8     MSVCRT:guard_support.obj
 0002:00006cb0       $unwind$__castguard_check_failure_user_handled_wrapper 000000018001acb0     MSVCRT:guard_support.obj
 0002:00006cb8       $unwind$__castguard_check_failure_os_handled 000000018001acb8     MSVCRT:guard_support.obj
 0002:00006cc0       $unwind$__castguard_check_failure_user_handled 000000018001acc0     MSVCRT:guard_support.obj
 0002:00006cc8       $unwind$__castguard_slow_path_check_os_handled 000000018001acc8     MSVCRT:guard_support.obj
 0002:00006cd0       $unwind$__castguard_slow_path_check_user_handled 000000018001acd0     MSVCRT:guard_support.obj
 0002:00006cd8       $unwind$__isa_available_init 000000018001acd8     MSVCRT:cpu_disp.obj
 0002:00006ce8       $xdatasym                  000000018001ace8     MSVCRT:guard_dispatch.obj
 0002:00006cf0       $xdatasym                  000000018001acf0     MSVCRT:guard_xfg_dispatch.obj
 0002:00006cf8       $xdatasym                  000000018001acf8     MSVCRT:chkstk.obj
 0002:00006d00       .edata                     000000018001ad00     zlibwapi.exp
 0002:00006d28       rgpv                       000000018001ad28     zlibwapi.exp
 0002:00006ff0       rgszName                   000000018001aff0     zlibwapi.exp
 0002:00007200       rgwOrd                     000000018001b200     zlibwapi.exp
 0002:00007308       szName                     000000018001b308     zlibwapi.exp
 0002:00007315       $N00001                    000000018001b315     zlibwapi.exp
 0002:0000731d       $N00140                    000000018001b31d     zlibwapi.exp
 0002:0000732d       $N00174                    000000018001b32d     zlibwapi.exp
 0002:00007337       $N00002                    000000018001b337     zlibwapi.exp
 0002:00007340       $N00039                    000000018001b340     zlibwapi.exp
 0002:0000734a       $N00046                    000000018001b34a     zlibwapi.exp
 0002:00007358       $N00003                    000000018001b358     zlibwapi.exp
 0002:0000735e       $N00142                    000000018001b35e     zlibwapi.exp
 0002:0000736c       $N00176                    000000018001b36c     zlibwapi.exp
 0002:0000737e       $N00177                    000000018001b37e     zlibwapi.exp
 0002:00007392       $N00178                    000000018001b392     zlibwapi.exp
 0002:000073a3       $N00175                    000000018001b3a3     zlibwapi.exp
 0002:000073ab       $N00004                    000000018001b3ab     zlibwapi.exp
 0002:000073b3       $N00047                    000000018001b3b3     zlibwapi.exp
 0002:000073c0       $N00005                    000000018001b3c0     zlibwapi.exp
 0002:000073cc       $N00006                    000000018001b3cc     zlibwapi.exp
 0002:000073d7       $N00173                    000000018001b3d7     zlibwapi.exp
 0002:000073ec       $N00007                    000000018001b3ec     zlibwapi.exp
 0002:000073fa       $N00008                    000000018001b3fa     zlibwapi.exp
 0002:00007407       $N00009                    000000018001b407     zlibwapi.exp
 0002:00007415       $N00052                    000000018001b415     zlibwapi.exp
 0002:00007424       $N00051                    000000018001b424     zlibwapi.exp
 0002:00007431       $N00010                    000000018001b431     zlibwapi.exp
 0002:0000743e       $N00164                    000000018001b43e     zlibwapi.exp
 0002:0000744f       $N00011                    000000018001b44f     zlibwapi.exp
 0002:00007464       $N00144                    000000018001b464     zlibwapi.exp
 0002:00007475       $N00145                    000000018001b475     zlibwapi.exp
 0002:00007481       $N00110                    000000018001b481     zlibwapi.exp
 0002:00007495       $N00111                    000000018001b495     zlibwapi.exp
 0002:000074ab       $N00112                    000000018001b4ab     zlibwapi.exp
 0002:000074c2       $N00113                    000000018001b4c2     zlibwapi.exp
 0002:000074d9       $N00038                    000000018001b4d9     zlibwapi.exp
 0002:000074e7       $N00146                    000000018001b4e7     zlibwapi.exp
 0002:000074f0       $N00048                    000000018001b4f0     zlibwapi.exp
 0002:000074fb       $N00012                    000000018001b4fb     zlibwapi.exp
 0002:00007503       $N00147                    000000018001b503     zlibwapi.exp
 0002:0000750d       $N00148                    000000018001b50d     zlibwapi.exp
 0002:00007517       $N00149                    000000018001b517     zlibwapi.exp
 0002:00007520       $N00013                    000000018001b520     zlibwapi.exp
 0002:00007528       $N00034                    000000018001b528     zlibwapi.exp
 0002:0000752e       $N00014                    000000018001b52e     zlibwapi.exp
 0002:00007536       $N00015                    000000018001b536     zlibwapi.exp
 0002:0000753e       $N00171                    000000018001b53e     zlibwapi.exp
 0002:00007546       $N00172                    000000018001b546     zlibwapi.exp
 0002:0000754f       $N00030                    000000018001b54f     zlibwapi.exp
 0002:00007556       $N00161                    000000018001b556     zlibwapi.exp
 0002:0000755e       $N00041                    000000018001b55e     zlibwapi.exp
 0002:00007565       $N00150                    000000018001b565     zlibwapi.exp
 0002:0000756e       $N00016                    000000018001b56e     zlibwapi.exp
 0002:00007575       $N00165                    000000018001b575     zlibwapi.exp
 0002:0000757e       $N00028                    000000018001b57e     zlibwapi.exp
 0002:00007587       $N00029                    000000018001b587     zlibwapi.exp
 0002:0000758e       $N00040                    000000018001b58e     zlibwapi.exp
 0002:00007595       $N00017                    000000018001b595     zlibwapi.exp
 0002:0000759c       $N00032                    000000018001b59c     zlibwapi.exp
 0002:000075a5       $N00031                    000000018001b5a5     zlibwapi.exp
 0002:000075ac       $N00035                    000000018001b5ac     zlibwapi.exp
 0002:000075b8       $N00033                    000000018001b5b8     zlibwapi.exp
 0002:000075bf       $N00049                    000000018001b5bf     zlibwapi.exp
 0002:000075c8       $N00167                    000000018001b5c8     zlibwapi.exp
 0002:000075d2       $N00018                    000000018001b5d2     zlibwapi.exp
 0002:000075da       $N00019                    000000018001b5da     zlibwapi.exp
 0002:000075e2       $N00044                    000000018001b5e2     zlibwapi.exp
 0002:000075ee       $N00045                    000000018001b5ee     zlibwapi.exp
 0002:000075fd       $N00043                    000000018001b5fd     zlibwapi.exp
 0002:0000760e       $N00168                    000000018001b60e     zlibwapi.exp
 0002:0000761f       $N00042                    000000018001b61f     zlibwapi.exp
 0002:0000762b       $N00020                    000000018001b62b     zlibwapi.exp
 0002:00007636       $N00166                    000000018001b636     zlibwapi.exp
 0002:0000764b       $N00156                    000000018001b64b     zlibwapi.exp
 0002:0000765c       $N00021                    000000018001b65c     zlibwapi.exp
 0002:0000766a       $N00022                    000000018001b66a     zlibwapi.exp
 0002:00007677       $N00157                    000000018001b677     zlibwapi.exp
 0002:00007683       $N00158                    000000018001b683     zlibwapi.exp
 0002:00007690       $N00023                    000000018001b690     zlibwapi.exp
 0002:0000769d       $N00159                    000000018001b69d     zlibwapi.exp
 0002:000076ab       $N00163                    000000018001b6ab     zlibwapi.exp
 0002:000076bc       $N00024                    000000018001b6bc     zlibwapi.exp
 0002:000076d1       $N00025                    000000018001b6d1     zlibwapi.exp
 0002:000076dd       $N00037                    000000018001b6dd     zlibwapi.exp
 0002:000076ee       $N00160                    000000018001b6ee     zlibwapi.exp
 0002:000076ff       $N00169                    000000018001b6ff     zlibwapi.exp
 0002:0000770f       $N00026                    000000018001b70f     zlibwapi.exp
 0002:0000771a       $N00170                    000000018001b71a     zlibwapi.exp
 0002:00007726       $N00062                    000000018001b726     zlibwapi.exp
 0002:0000772f       $N00072                    000000018001b72f     zlibwapi.exp
 0002:00007743       $N00064                    000000018001b743     zlibwapi.exp
 0002:00007759       $N00124                    000000018001b759     zlibwapi.exp
 0002:00007771       $N00125                    000000018001b771     zlibwapi.exp
 0002:0000778f       $N00100                    000000018001b78f     zlibwapi.exp
 0002:0000779d       $N00127                    000000018001b79d     zlibwapi.exp
 0002:000077ad       $N00073                    000000018001b7ad     zlibwapi.exp
 0002:000077c1       $N00063                    000000018001b7c1     zlibwapi.exp
 0002:000077d2       $N00122                    000000018001b7d2     zlibwapi.exp
 0002:000077e5       $N00076                    000000018001b7e5     zlibwapi.exp
 0002:000077fb       $N00101                    000000018001b7fb     zlibwapi.exp
 0002:0000780a       $N00128                    000000018001b80a     zlibwapi.exp
 0002:0000781b       $N00065                    000000018001b81b     zlibwapi.exp
 0002:0000782c       $N00066                    000000018001b82c     zlibwapi.exp
 0002:0000783c       $N00075                    000000018001b83c     zlibwapi.exp
 0002:0000784a       $N00061                    000000018001b84a     zlibwapi.exp
 0002:00007852       $N00077                    000000018001b852     zlibwapi.exp
 0002:0000785b       $N00121                    000000018001b85b     zlibwapi.exp
 0002:00007867       $N00120                    000000018001b867     zlibwapi.exp
 0002:00007871       $N00067                    000000018001b871     zlibwapi.exp
 0002:00007884       $N00078                    000000018001b884     zlibwapi.exp
 0002:00007898       $N00069                    000000018001b898     zlibwapi.exp
 0002:000078ac       $N00079                    000000018001b8ac     zlibwapi.exp
 0002:000078c7       $N00068                    000000018001b8c7     zlibwapi.exp
 0002:000078da       $N00074                    000000018001b8da     zlibwapi.exp
 0002:000078f3       $N00071                    000000018001b8f3     zlibwapi.exp
 0002:000078fa       $N00070                    000000018001b8fa     zlibwapi.exp
 0002:00007902       $N00126                    000000018001b902     zlibwapi.exp
 0002:0000790c       $N00036                    000000018001b90c     zlibwapi.exp
 0002:00007913       $N00084                    000000018001b913     zlibwapi.exp
 0002:0000791c       $N00083                    000000018001b91c     zlibwapi.exp
 0002:0000792e       $N00087                    000000018001b92e     zlibwapi.exp
 0002:00007943       $N00136                    000000018001b943     zlibwapi.exp
 0002:0000795a       $N00080                    000000018001b95a     zlibwapi.exp
 0002:00007962       $N00088                    000000018001b962     zlibwapi.exp
 0002:0000796b       $N00131                    000000018001b96b     zlibwapi.exp
 0002:00007977       $N00130                    000000018001b977     zlibwapi.exp
 0002:00007981       $N00081                    000000018001b981     zlibwapi.exp
 0002:00007995       $N00086                    000000018001b995     zlibwapi.exp
 0002:000079aa       $N00133                    000000018001b9aa     zlibwapi.exp
 0002:000079c2       $N00089                    000000018001b9c2     zlibwapi.exp
 0002:000079d7       $N00134                    000000018001b9d7     zlibwapi.exp
 0002:000079ef       $N00135                    000000018001b9ef     zlibwapi.exp
 0002:00007a07       $N00132                    000000018001ba07     zlibwapi.exp
 0002:00007a1d       $N00082                    000000018001ba1d     zlibwapi.exp
 0002:00007a31       $N00050                    000000018001ba31     zlibwapi.exp
 0002:00007a42       $N00027                    000000018001ba42     zlibwapi.exp
 0002:00007dbc       .idata$6                   000000018001bdbc     kernel32:KERNEL32.dll
 0002:00007e40       .idata$6                   000000018001be40     vcruntime:VCRUNTIME140.dll
 0002:0000803c       .idata$6                   000000018001c03c     ucrt:api-ms-win-crt-stdio-l1-1-0.dll
 0002:0000805c       .idata$6                   000000018001c05c     ucrt:api-ms-win-crt-convert-l1-1-0.dll
 0002:0000807e       .idata$6                   000000018001c07e     ucrt:api-ms-win-crt-heap-l1-1-0.dll
 0002:0000809e       .idata$6                   000000018001c09e     ucrt:api-ms-win-crt-runtime-l1-1-0.dll
 0002:000080c0       .idata$6                   000000018001c0c0     ucrt:api-ms-win-crt-utility-l1-1-0.dll
 0002:000080e2       .idata$6                   000000018001c0e2     ucrt:api-ms-win-crt-time-l1-1-0.dll
 0003:00000040       ?__proc_attached@@3HA      000000018001d040     MSVCRT:dll_dllmain.obj
 0003:00000080       ?is_initialized_as_dll@@3_NA 000000018001d080     MSVCRT:utility.obj
 0003:00000081       ?module_local_atexit_table_initialized@@3_NA 000000018001d081     MSVCRT:utility.obj
 0003:00000088       ?module_local_atexit_table@@3U_onexit_table_t@@A 000000018001d088     MSVCRT:utility.obj
 0003:000000a0       ?module_local_at_quick_exit_table@@3U_onexit_table_t@@A 000000018001d0a0     MSVCRT:utility.obj
 0003:000000cc       ?calls@?1??crypthead@@9@9  000000018001d0cc     zip.obj
 0005:00000060       $R000000                   0000000180020060     zlib.res
